Archive member included to satisfy reference by file (symbol)

/nix/store/cb7ani92advvicrayi9wp9v88clq3alv-stm32cubeide/plugins/com.st.stm32cube.ide.mcu.externaltools.gnu-tools-for-stm32.13.3.rel1.linux64_1.0.0.202410170706/tools/bin/../lib/gcc/arm-none-eabi/13.3.1/../../../../arm-none-eabi/lib/thumb/v7e-m+fp/hard/libc_nano.a(libc_a-exit.o)
                              /nix/store/cb7ani92advvicrayi9wp9v88clq3alv-stm32cubeide/plugins/com.st.stm32cube.ide.mcu.externaltools.gnu-tools-for-stm32.13.3.rel1.linux64_1.0.0.202410170706/tools/bin/../lib/gcc/arm-none-eabi/13.3.1/../../../../arm-none-eabi/lib/thumb/v7e-m+fp/hard/crt0.o (exit)
/nix/store/cb7ani92advvicrayi9wp9v88clq3alv-stm32cubeide/plugins/com.st.stm32cube.ide.mcu.externaltools.gnu-tools-for-stm32.13.3.rel1.linux64_1.0.0.202410170706/tools/bin/../lib/gcc/arm-none-eabi/13.3.1/../../../../arm-none-eabi/lib/thumb/v7e-m+fp/hard/libc_nano.a(libc_a-findfp.o)
                              /nix/store/cb7ani92advvicrayi9wp9v88clq3alv-stm32cubeide/plugins/com.st.stm32cube.ide.mcu.externaltools.gnu-tools-for-stm32.13.3.rel1.linux64_1.0.0.202410170706/tools/bin/../lib/gcc/arm-none-eabi/13.3.1/../../../../arm-none-eabi/lib/thumb/v7e-m+fp/hard/libc_nano.a(libc_a-exit.o) (__stdio_exit_handler)
/nix/store/cb7ani92advvicrayi9wp9v88clq3alv-stm32cubeide/plugins/com.st.stm32cube.ide.mcu.externaltools.gnu-tools-for-stm32.13.3.rel1.linux64_1.0.0.202410170706/tools/bin/../lib/gcc/arm-none-eabi/13.3.1/../../../../arm-none-eabi/lib/thumb/v7e-m+fp/hard/libc_nano.a(libc_a-fwalk.o)
                              /nix/store/cb7ani92advvicrayi9wp9v88clq3alv-stm32cubeide/plugins/com.st.stm32cube.ide.mcu.externaltools.gnu-tools-for-stm32.13.3.rel1.linux64_1.0.0.202410170706/tools/bin/../lib/gcc/arm-none-eabi/13.3.1/../../../../arm-none-eabi/lib/thumb/v7e-m+fp/hard/libc_nano.a(libc_a-findfp.o) (_fwalk_sglue)
/nix/store/cb7ani92advvicrayi9wp9v88clq3alv-stm32cubeide/plugins/com.st.stm32cube.ide.mcu.externaltools.gnu-tools-for-stm32.13.3.rel1.linux64_1.0.0.202410170706/tools/bin/../lib/gcc/arm-none-eabi/13.3.1/../../../../arm-none-eabi/lib/thumb/v7e-m+fp/hard/libc_nano.a(libc_a-stdio.o)
                              /nix/store/cb7ani92advvicrayi9wp9v88clq3alv-stm32cubeide/plugins/com.st.stm32cube.ide.mcu.externaltools.gnu-tools-for-stm32.13.3.rel1.linux64_1.0.0.202410170706/tools/bin/../lib/gcc/arm-none-eabi/13.3.1/../../../../arm-none-eabi/lib/thumb/v7e-m+fp/hard/libc_nano.a(libc_a-findfp.o) (__sread)
/nix/store/cb7ani92advvicrayi9wp9v88clq3alv-stm32cubeide/plugins/com.st.stm32cube.ide.mcu.externaltools.gnu-tools-for-stm32.13.3.rel1.linux64_1.0.0.202410170706/tools/bin/../lib/gcc/arm-none-eabi/13.3.1/../../../../arm-none-eabi/lib/thumb/v7e-m+fp/hard/libc_nano.a(libc_a-memset.o)
                              /nix/store/cb7ani92advvicrayi9wp9v88clq3alv-stm32cubeide/plugins/com.st.stm32cube.ide.mcu.externaltools.gnu-tools-for-stm32.13.3.rel1.linux64_1.0.0.202410170706/tools/bin/../lib/gcc/arm-none-eabi/13.3.1/../../../../arm-none-eabi/lib/thumb/v7e-m+fp/hard/crt0.o (memset)
/nix/store/cb7ani92advvicrayi9wp9v88clq3alv-stm32cubeide/plugins/com.st.stm32cube.ide.mcu.externaltools.gnu-tools-for-stm32.13.3.rel1.linux64_1.0.0.202410170706/tools/bin/../lib/gcc/arm-none-eabi/13.3.1/../../../../arm-none-eabi/lib/thumb/v7e-m+fp/hard/libc_nano.a(libc_a-closer.o)
                              /nix/store/cb7ani92advvicrayi9wp9v88clq3alv-stm32cubeide/plugins/com.st.stm32cube.ide.mcu.externaltools.gnu-tools-for-stm32.13.3.rel1.linux64_1.0.0.202410170706/tools/bin/../lib/gcc/arm-none-eabi/13.3.1/../../../../arm-none-eabi/lib/thumb/v7e-m+fp/hard/libc_nano.a(libc_a-stdio.o) (_close_r)
/nix/store/cb7ani92advvicrayi9wp9v88clq3alv-stm32cubeide/plugins/com.st.stm32cube.ide.mcu.externaltools.gnu-tools-for-stm32.13.3.rel1.linux64_1.0.0.202410170706/tools/bin/../lib/gcc/arm-none-eabi/13.3.1/../../../../arm-none-eabi/lib/thumb/v7e-m+fp/hard/libc_nano.a(libc_a-reent.o)
                              /nix/store/cb7ani92advvicrayi9wp9v88clq3alv-stm32cubeide/plugins/com.st.stm32cube.ide.mcu.externaltools.gnu-tools-for-stm32.13.3.rel1.linux64_1.0.0.202410170706/tools/bin/../lib/gcc/arm-none-eabi/13.3.1/../../../../arm-none-eabi/lib/thumb/v7e-m+fp/hard/libc_nano.a(libc_a-closer.o) (errno)
/nix/store/cb7ani92advvicrayi9wp9v88clq3alv-stm32cubeide/plugins/com.st.stm32cube.ide.mcu.externaltools.gnu-tools-for-stm32.13.3.rel1.linux64_1.0.0.202410170706/tools/bin/../lib/gcc/arm-none-eabi/13.3.1/../../../../arm-none-eabi/lib/thumb/v7e-m+fp/hard/libc_nano.a(libc_a-impure.o)
                              /nix/store/cb7ani92advvicrayi9wp9v88clq3alv-stm32cubeide/plugins/com.st.stm32cube.ide.mcu.externaltools.gnu-tools-for-stm32.13.3.rel1.linux64_1.0.0.202410170706/tools/bin/../lib/gcc/arm-none-eabi/13.3.1/../../../../arm-none-eabi/lib/thumb/v7e-m+fp/hard/libc_nano.a(libc_a-reent.o) (_impure_ptr)
[...]
Memory Configuration

Name             Origin             Length             Attributes
RAM              0x20000000         0x00050000         xrw
RAM2             0x10000000         0x00010000         xrw
FLASH            0x08000000         0x00100000         xr
*default*        0x00000000         0xffffffff

Linker script and memory map

LOAD /nix/store/cb7ani92advvicrayi9wp9v88clq3alv-stm32cubeide/plugins/com.st.stm32cube.ide.mcu.externaltools.gnu-tools-for-stm32.13.3.rel1.linux64_1.0.0.202410170706/tools/bin/../lib/gcc/arm-none-eabi/13.3.1/thumb/v7e-m+fp/hard/crti.o
LOAD /nix/store/cb7ani92advvicrayi9wp9v88clq3alv-stm32cubeide/plugins/com.st.stm32cube.ide.mcu.externaltools.gnu-tools-for-stm32.13.3.rel1.linux64_1.0.0.202410170706/tools/bin/../lib/gcc/arm-none-eabi/13.3.1/thumb/v7e-m+fp/hard/crtbegin.o
LOAD /nix/store/cb7ani92advvicrayi9wp9v88clq3alv-stm32cubeide/plugins/com.st.stm32cube.ide.mcu.externaltools.gnu-tools-for-stm32.13.3.rel1.linux64_1.0.0.202410170706/tools/bin/../lib/gcc/arm-none-eabi/13.3.1/../../../../arm-none-eabi/lib/thumb/v7e-m+fp/hard/crt0.o
LOAD ./Drivers/STM32L4xx_HAL_Driver/Src/stm32l4xx_hal.o
LOAD ./Drivers/STM32L4xx_HAL_Driver/Src/stm32l4xx_hal_cortex.o
LOAD ./Drivers/STM32L4xx_HAL_Driver/Src/stm32l4xx_hal_dma.o
LOAD ./Drivers/STM32L4xx_HAL_Driver/Src/stm32l4xx_hal_dma_ex.o
LOAD ./Drivers/STM32L4xx_HAL_Driver/Src/stm32l4xx_hal_exti.o
LOAD ./Drivers/STM32L4xx_HAL_Driver/Src/stm32l4xx_hal_flash.o
LOAD ./Drivers/STM32L4xx_HAL_Driver/Src/stm32l4xx_hal_flash_ex.o
LOAD ./Drivers/STM32L4xx_HAL_Driver/Src/stm32l4xx_hal_flash_ramfunc.o
LOAD ./Drivers/STM32L4xx_HAL_Driver/Src/stm32l4xx_hal_gpio.o
LOAD ./Drivers/STM32L4xx_HAL_Driver/Src/stm32l4xx_hal_i2c.o
LOAD ./Drivers/STM32L4xx_HAL_Driver/Src/stm32l4xx_hal_i2c_ex.o
LOAD ./Drivers/STM32L4xx_HAL_Driver/Src/stm32l4xx_hal_pwr.o
LOAD ./Drivers/STM32L4xx_HAL_Driver/Src/stm32l4xx_hal_pwr_ex.o
LOAD ./Drivers/STM32L4xx_HAL_Driver/Src/stm32l4xx_hal_rcc.o
LOAD ./Drivers/STM32L4xx_HAL_Driver/Src/stm32l4xx_hal_rcc_ex.o
LOAD ./Src/filter_utils.o
LOAD ./Src/filters.o
LOAD ./Src/main.o
LOAD ./Src/stm32l4xx_hal_msp.o
LOAD ./Src/stm32l4xx_it.o
LOAD ./Src/syscalls.o
LOAD ./Src/sysmem.o
LOAD ./Src/system_stm32l4xx.o
LOAD ./Startup/startup_stm32l4a6zgtx.o
START GROUP
LOAD /nix/store/cb7ani92advvicrayi9wp9v88clq3alv-stm32cubeide/plugins/com.st.stm32cube.ide.mcu.externaltools.gnu-tools-for-stm32.13.3.rel1.linux64_1.0.0.202410170706/tools/bin/../lib/gcc/arm-none-eabi/13.3.1/../../../../arm-none-eabi/lib/thumb/v7e-m+fp/hard/libc_nano.a
LOAD /nix/store/cb7ani92advvicrayi9wp9v88clq3alv-stm32cubeide/plugins/com.st.stm32cube.ide.mcu.externaltools.gnu-tools-for-stm32.13.3.rel1.linux64_1.0.0.202410170706/tools/bin/../lib/gcc/arm-none-eabi/13.3.1/../../../../arm-none-eabi/lib/thumb/v7e-m+fp/hard/libm.a
END GROUP
START GROUP
LOAD /nix/store/cb7ani92advvicrayi9wp9v88clq3alv-stm32cubeide/plugins/com.st.stm32cube.ide.mcu.externaltools.gnu-tools-for-stm32.13.3.rel1.linux64_1.0.0.202410170706/tools/bin/../lib/gcc/arm-none-eabi/13.3.1/thumb/v7e-m+fp/hard/libgcc.a
LOAD /nix/store/cb7ani92advvicrayi9wp9v88clq3alv-stm32cubeide/plugins/com.st.stm32cube.ide.mcu.externaltools.gnu-tools-for-stm32.13.3.rel1.linux64_1.0.0.202410170706/tools/bin/../lib/gcc/arm-none-eabi/13.3.1/../../../../arm-none-eabi/lib/thumb/v7e-m+fp/hard/libc_nano.a
END GROUP
START GROUP
LOAD /nix/store/cb7ani92advvicrayi9wp9v88clq3alv-stm32cubeide/plugins/com.st.stm32cube.ide.mcu.externaltools.gnu-tools-for-stm32.13.3.rel1.linux64_1.0.0.202410170706/tools/bin/../lib/gcc/arm-none-eabi/13.3.1/thumb/v7e-m+fp/hard/libgcc.a
LOAD /nix/store/cb7ani92advvicrayi9wp9v88clq3alv-stm32cubeide/plugins/com.st.stm32cube.ide.mcu.externaltools.gnu-tools-for-stm32.13.3.rel1.linux64_1.0.0.202410170706/tools/bin/../lib/gcc/arm-none-eabi/13.3.1/../../../../arm-none-eabi/lib/thumb/v7e-m+fp/hard/libc_nano.a
LOAD /nix/store/cb7ani92advvicrayi9wp9v88clq3alv-stm32cubeide/plugins/com.st.stm32cube.ide.mcu.externaltools.gnu-tools-for-stm32.13.3.rel1.linux64_1.0.0.202410170706/tools/bin/../lib/gcc/arm-none-eabi/13.3.1/../../../../arm-none-eabi/lib/thumb/v7e-m+fp/hard/libnosys.a
END GROUP
START GROUP
LOAD /nix/store/cb7ani92advvicrayi9wp9v88clq3alv-stm32cubeide/plugins/com.st.stm32cube.ide.mcu.externaltools.gnu-tools-for-stm32.13.3.rel1.linux64_1.0.0.202410170706/tools/bin/../lib/gcc/arm-none-eabi/13.3.1/thumb/v7e-m+fp/hard/libgcc.a
LOAD /nix/store/cb7ani92advvicrayi9wp9v88clq3alv-stm32cubeide/plugins/com.st.stm32cube.ide.mcu.externaltools.gnu-tools-for-stm32.13.3.rel1.linux64_1.0.0.202410170706/tools/bin/../lib/gcc/arm-none-eabi/13.3.1/../../../../arm-none-eabi/lib/thumb/v7e-m+fp/hard/libc_nano.a
LOAD /nix/store/cb7ani92advvicrayi9wp9v88clq3alv-stm32cubeide/plugins/com.st.stm32cube.ide.mcu.externaltools.gnu-tools-for-stm32.13.3.rel1.linux64_1.0.0.202410170706/tools/bin/../lib/gcc/arm-none-eabi/13.3.1/../../../../arm-none-eabi/lib/thumb/v7e-m+fp/hard/libnosys.a
END GROUP
LOAD /nix/store/cb7ani92advvicrayi9wp9v88clq3alv-stm32cubeide/plugins/com.st.stm32cube.ide.mcu.externaltools.gnu-tools-for-stm32.13.3.rel1.linux64_1.0.0.202410170706/tools/bin/../lib/gcc/arm-none-eabi/13.3.1/thumb/v7e-m+fp/hard/crtend.o
LOAD /nix/store/cb7ani92advvicrayi9wp9v88clq3alv-stm32cubeide/plugins/com.st.stm32cube.ide.mcu.externaltools.gnu-tools-for-stm32.13.3.rel1.linux64_1.0.0.202410170706/tools/bin/../lib/gcc/arm-none-eabi/13.3.1/thumb/v7e-m+fp/hard/crtn.o
                0x20050000                        _estack = (ORIGIN (RAM) + LENGTH (RAM))
                0x00000200                        _Min_Heap_Size = 0x200
                0x00000400                        _Min_Stack_Size = 0x400

.isr_vector     0x08000000      0x1ac
                0x08000000                        . = ALIGN (0x4)
 *(.isr_vector)
 .isr_vector    0x08000000      0x1ac ./Startup/startup_stm32l4a6zgtx.o
                0x08000000                g_pfnVectors
                0x080001ac                        . = ALIGN (0x4)

.text           0x080001b0     0x3a30
                0x080001b0                        . = ALIGN (0x4)
 *(.text)
 .text          0x080001b0       0x40 /nix/store/cb7ani92advvicrayi9wp9v88clq3alv-stm32cubeide/plugins/com.st.stm32cube.ide.mcu.externaltools.gnu-tools-for-stm32.13.3.rel1.linux64_1.0.0.202410170706/tools/bin/../lib/gcc/arm-none-eabi/13.3.1/thumb/v7e-m+fp/hard/crtbegin.o
 .text          0x080001f0      0x378 /nix/store/cb7ani92advvicrayi9wp9v88clq3alv-stm32cubeide/plugins/com.st.stm32cube.ide.mcu.externaltools.gnu-tools-for-stm32.13.3.rel1.linux64_1.0.0.202410170706/tools/bin/../lib/gcc/arm-none-eabi/13.3.1/thumb/v7e-m+fp/hard/libgcc.a(_arm_addsubdf3.o)
                0x080001f0                __aeabi_drsub
                0x080001f8                __aeabi_dsub
                0x080001f8                __subdf3
                0x080001fc                __adddf3
                0x080001fc                __aeabi_dadd
                0x08000474                __aeabi_ui2d
                0x08000474                __floatunsidf
                0x08000494                __floatsidf
                0x08000494                __aeabi_i2d
                0x080004b8                __extendsfdf2
                0x080004b8                __aeabi_f2d
                0x080004fc                __aeabi_ul2d
                0x080004fc                __floatundidf
                0x0800050c                __floatdidf
                0x0800050c                __aeabi_l2d
 .text          0x08000568      0x424 /nix/store/cb7ani92advvicrayi9wp9v88clq3alv-stm32cubeide/plugins/com.st.stm32cube.ide.mcu.externaltools.gnu-tools-for-stm32.13.3.rel1.linux64_1.0.0.202410170706/tools/bin/../lib/gcc/arm-none-eabi/13.3.1/thumb/v7e-m+fp/hard/libgcc.a(_arm_muldivdf3.o)
                0x08000568                __aeabi_dmul
                0x08000568                __muldf3
                0x080007bc                __aeabi_ddiv
                0x080007bc                __divdf3
 .text          0x0800098c      0x110 /nix/store/cb7ani92advvicrayi9wp9v88clq3alv-stm32cubeide/plugins/com.st.stm32cube.ide.mcu.externaltools.gnu-tools-for-stm32.13.3.rel1.linux64_1.0.0.202410170706/tools/bin/../lib/gcc/arm-none-eabi/13.3.1/thumb/v7e-m+fp/hard/libgcc.a(_arm_cmpdf2.o)
                0x0800098c                __gtdf2
                0x0800098c                __gedf2
                0x08000994                __ltdf2
                0x08000994                __ledf2
                0x0800099c                __cmpdf2
                0x0800099c                __eqdf2
                0x0800099c                __nedf2
                0x08000a18                __aeabi_cdrcmple
                0x08000a28                __aeabi_cdcmple
                0x08000a28                __aeabi_cdcmpeq
                0x08000a38                __aeabi_dcmpeq
                0x08000a4c                __aeabi_dcmplt
                0x08000a60                __aeabi_dcmple
                0x08000a74                __aeabi_dcmpge
                0x08000a88                __aeabi_dcmpgt
 .text          0x08000a9c       0x50 /nix/store/cb7ani92advvicrayi9wp9v88clq3alv-stm32cubeide/plugins/com.st.stm32cube.ide.mcu.externaltools.gnu-tools-for-stm32.13.3.rel1.linux64_1.0.0.202410170706/tools/bin/../lib/gcc/arm-none-eabi/13.3.1/thumb/v7e-m+fp/hard/libgcc.a(_arm_fixdfsi.o)
                0x08000a9c                __fixdfsi
                0x08000a9c                __aeabi_d2iz
 .text          0x08000aec       0xa0 /nix/store/cb7ani92advvicrayi9wp9v88clq3alv-stm32cubeide/plugins/com.st.stm32cube.ide.mcu.externaltools.gnu-tools-for-stm32.13.3.rel1.linux64_1.0.0.202410170706/tools/bin/../lib/gcc/arm-none-eabi/13.3.1/thumb/v7e-m+fp/hard/libgcc.a(_arm_truncdfsf2.o)
                0x08000aec                __aeabi_d2f
                0x08000aec                __truncdfsf2
 *(.text*)
 .text.HAL_Init
                0x08000b8c       0x30 ./Drivers/STM32L4xx_HAL_Driver/Src/stm32l4xx_hal.o
                0x08000b8c                HAL_Init
 .text.HAL_InitTick
                0x08000bbc       0x78 ./Drivers/STM32L4xx_HAL_Driver/Src/stm32l4xx_hal.o
                0x08000bbc                HAL_InitTick
 .text.HAL_IncTick
                0x08000c34       0x28 ./Drivers/STM32L4xx_HAL_Driver/Src/stm32l4xx_hal.o
                0x08000c34                HAL_IncTick
 .text.HAL_GetTick
                0x08000c5c       0x18 ./Drivers/STM32L4xx_HAL_Driver/Src/stm32l4xx_hal.o
                0x08000c5c                HAL_GetTick
 .text.__NVIC_SetPriorityGrouping
                0x08000c74       0x48 ./Drivers/STM32L4xx_HAL_Driver/Src/stm32l4xx_hal_cortex.o
 .text.__NVIC_GetPriorityGrouping
                0x08000cbc       0x1c ./Drivers/STM32L4xx_HAL_Driver/Src/stm32l4xx_hal_cortex.o
 .text.__NVIC_SetPriority
                0x08000cd8       0x54 ./Drivers/STM32L4xx_HAL_Driver/Src/stm32l4xx_hal_cortex.o
 .text.NVIC_EncodePriority
                0x08000d2c       0x66 ./Drivers/STM32L4xx_HAL_Driver/Src/stm32l4xx_hal_cortex.o
 *fill*         0x08000d92        0x2 
 .text.SysTick_Config
                0x08000d94       0x44 ./Drivers/STM32L4xx_HAL_Driver/Src/stm32l4xx_hal_cortex.o
 .text.HAL_NVIC_SetPriorityGrouping
                0x08000dd8       0x16 ./Drivers/STM32L4xx_HAL_Driver/Src/stm32l4xx_hal_cortex.o
                0x08000dd8                HAL_NVIC_SetPriorityGrouping
 .text.HAL_NVIC_SetPriority
                0x08000dee       0x38 ./Drivers/STM32L4xx_HAL_Driver/Src/stm32l4xx_hal_cortex.o
                0x08000dee                HAL_NVIC_SetPriority
 .text.HAL_SYSTICK_Config
                0x08000e26       0x18 ./Drivers/STM32L4xx_HAL_Driver/Src/stm32l4xx_hal_cortex.o
                0x08000e26                HAL_SYSTICK_Config
 *fill*         0x08000e3e        0x2 
 .text.HAL_PWREx_GetVoltageRange
                0x08000e40       0x1c ./Drivers/STM32L4xx_HAL_Driver/Src/stm32l4xx_hal_pwr_ex.o
                0x08000e40                HAL_PWREx_GetVoltageRange
 .text.HAL_PWREx_ControlVoltageScaling
                0x08000e5c       0xac ./Drivers/STM32L4xx_HAL_Driver/Src/stm32l4xx_hal_pwr_ex.o
                0x08000e5c                HAL_PWREx_ControlVoltageScaling
 .text.HAL_RCC_OscConfig
                0x08000f08      0x834 ./Drivers/STM32L4xx_HAL_Driver/Src/stm32l4xx_hal_rcc.o
                0x08000f08                HAL_RCC_OscConfig
 .text.HAL_RCC_ClockConfig
                0x0800173c      0x200 ./Drivers/STM32L4xx_HAL_Driver/Src/stm32l4xx_hal_rcc.o
                0x0800173c                HAL_RCC_ClockConfig
 .text.HAL_RCC_GetSysClockFreq
                0x0800193c      0x118 ./Drivers/STM32L4xx_HAL_Driver/Src/stm32l4xx_hal_rcc.o
                0x0800193c                HAL_RCC_GetSysClockFreq
 .text.RCC_SetFlashLatencyFromMSIRange
                0x08001a54       0xc0 ./Drivers/STM32L4xx_HAL_Driver/Src/stm32l4xx_hal_rcc.o
 .text.init_FFT
                0x08001b14       0x18 ./Src/filter_utils.o
                0x08001b14                init_FFT
 .text.load_IIR
                0x08001b2c       0x24 ./Src/filter_utils.o
                0x08001b2c                load_IIR
 .text.normalizeToBiquad
                0x08001b50       0xa0 ./Src/filter_utils.o
                0x08001b50                normalizeToBiquad
 .text.omega    0x08001bf0       0x38 ./Src/filter_utils.o
                0x08001bf0                omega
 .text.alpha_bw
                0x08001c28       0xf0 ./Src/filter_utils.o
                0x08001c28                alpha_bw
 .text.computeCoeffs
                0x08001d18      0x104 ./Src/filters.o
                0x08001d18                computeCoeffs
 *fill*         0x08001e1c        0x4 
 .text.main     0x08001e20       0xd0 ./Src/main.o
                0x08001e20                main
 .text.SystemClock_Config
                0x08001ef0       0x8c ./Src/main.o
                0x08001ef0                SystemClock_Config
 .text.Error_Handler
                0x08001f7c        0xc ./Src/main.o
                0x08001f7c                Error_Handler
 .text.HAL_MspInit
                0x08001f88       0x48 ./Src/stm32l4xx_hal_msp.o
                0x08001f88                HAL_MspInit
 .text.NMI_Handler
                0x08001fd0        0x8 ./Src/stm32l4xx_it.o
                0x08001fd0                NMI_Handler
 .text.HardFault_Handler
                0x08001fd8        0x8 ./Src/stm32l4xx_it.o
                0x08001fd8                HardFault_Handler
 .text.MemManage_Handler
                0x08001fe0        0x8 ./Src/stm32l4xx_it.o
                0x08001fe0                MemManage_Handler
 .text.BusFault_Handler
                0x08001fe8        0x8 ./Src/stm32l4xx_it.o
                0x08001fe8                BusFault_Handler
 .text.UsageFault_Handler
                0x08001ff0        0x8 ./Src/stm32l4xx_it.o
                0x08001ff0                UsageFault_Handler
 .text.SVC_Handler
                0x08001ff8        0xe ./Src/stm32l4xx_it.o
                0x08001ff8                SVC_Handler
 .text.DebugMon_Handler
                0x08002006        0xe ./Src/stm32l4xx_it.o
                0x08002006                DebugMon_Handler
 .text.PendSV_Handler
                0x08002014        0xe ./Src/stm32l4xx_it.o
                0x08002014                PendSV_Handler
 .text.SysTick_Handler
                0x08002022        0xc ./Src/stm32l4xx_it.o
                0x08002022                SysTick_Handler
 *fill*         0x0800202e        0x2 
 .text.SystemInit
                0x08002030       0x24 ./Src/system_stm32l4xx.o
                0x08002030                SystemInit
 .text.Reset_Handler
                0x08002054       0x50 ./Startup/startup_stm32l4a6zgtx.o
                0x08002054                Reset_Handler
 .text.Default_Handler
                0x080020a4        0x2 ./Startup/startup_stm32l4a6zgtx.o
                0x080020a4                RTC_Alarm_IRQHandler
                0x080020a4                HASH_RNG_IRQHandler
                0x080020a4                EXTI2_IRQHandler
                0x080020a4                TIM8_TRG_COM_IRQHandler
                0x080020a4                TIM8_CC_IRQHandler
                0x080020a4                TIM1_CC_IRQHandler
                0x080020a4                TSC_IRQHandler
                0x080020a4                TAMP_STAMP_IRQHandler
                0x080020a4                CAN2_RX1_IRQHandler
                0x080020a4                EXTI3_IRQHandler
                0x080020a4                LPTIM2_IRQHandler
                0x080020a4                DFSDM1_FLT1_IRQHandler
                0x080020a4                I2C3_ER_IRQHandler
                0x080020a4                DFSDM1_FLT2_IRQHandler
                0x080020a4                EXTI0_IRQHandler
                0x080020a4                I2C2_EV_IRQHandler
                0x080020a4                CAN1_RX0_IRQHandler
                0x080020a4                FPU_IRQHandler
                0x080020a4                TIM1_UP_TIM16_IRQHandler
                0x080020a4                CAN2_SCE_IRQHandler
                0x080020a4                ADC1_2_IRQHandler
                0x080020a4                SPI1_IRQHandler
                0x080020a4                TIM6_DAC_IRQHandler
                0x080020a4                DCMI_IRQHandler
                0x080020a4                CAN2_RX0_IRQHandler
                0x080020a4                TIM8_UP_IRQHandler
                0x080020a4                DMA2_Channel2_IRQHandler
                0x080020a4                DMA1_Channel4_IRQHandler
                0x080020a4                SAI2_IRQHandler
                0x080020a4                DFSDM1_FLT3_IRQHandler
                0x080020a4                USART3_IRQHandler
                0x080020a4                DMA1_Channel7_IRQHandler
                0x080020a4                CAN1_RX1_IRQHandler
                0x080020a4                LCD_IRQHandler
                0x080020a4                UART5_IRQHandler
                0x080020a4                ADC3_IRQHandler
                0x080020a4                TIM4_IRQHandler
                0x080020a4                DMA2_Channel1_IRQHandler
                0x080020a4                QUADSPI_IRQHandler
                0x080020a4                I2C1_EV_IRQHandler
                0x080020a4                DMA1_Channel6_IRQHandler
                0x080020a4                UART4_IRQHandler
                0x080020a4                DMA2_Channel4_IRQHandler
                0x080020a4                TIM3_IRQHandler
                0x080020a4                RCC_IRQHandler
                0x080020a4                DMA1_Channel1_IRQHandler
                0x080020a4                Default_Handler
                0x080020a4                DMA2_Channel7_IRQHandler
                0x080020a4                EXTI15_10_IRQHandler
                0x080020a4                TIM7_IRQHandler
                0x080020a4                SDMMC1_IRQHandler
                0x080020a4                CAN2_TX_IRQHandler
                0x080020a4                TIM5_IRQHandler
                0x080020a4                I2C3_EV_IRQHandler
                0x080020a4                EXTI9_5_IRQHandler
                0x080020a4                RTC_WKUP_IRQHandler
                0x080020a4                PVD_PVM_IRQHandler
                0x080020a4                SPI2_IRQHandler
                0x080020a4                CAN1_TX_IRQHandler
                0x080020a4                DMA2_Channel5_IRQHandler
                0x080020a4                CRS_IRQHandler
                0x080020a4                DMA1_Channel5_IRQHandler
                0x080020a4                EXTI4_IRQHandler
                0x080020a4                TIM1_TRG_COM_TIM17_IRQHandler
                0x080020a4                DMA1_Channel3_IRQHandler
                0x080020a4                COMP_IRQHandler
                0x080020a4                WWDG_IRQHandler
                0x080020a4                I2C4_EV_IRQHandler
                0x080020a4                LPUART1_IRQHandler
                0x080020a4                DMA2_Channel6_IRQHandler
                0x080020a4                TIM2_IRQHandler
                0x080020a4                DMA2D_IRQHandler
                0x080020a4                EXTI1_IRQHandler
                0x080020a4                AES_IRQHandler
                0x080020a4                USART2_IRQHandler
                0x080020a4                DFSDM1_FLT0_IRQHandler
                0x080020a4                I2C2_ER_IRQHandler
                0x080020a4                DMA1_Channel2_IRQHandler
                0x080020a4                TIM8_BRK_IRQHandler
                0x080020a4                CAN1_SCE_IRQHandler
                0x080020a4                FLASH_IRQHandler
                0x080020a4                USART1_IRQHandler
                0x080020a4                OTG_FS_IRQHandler
                0x080020a4                SPI3_IRQHandler
                0x080020a4                I2C1_ER_IRQHandler
                0x080020a4                FMC_IRQHandler
                0x080020a4                SWPMI1_IRQHandler
                0x080020a4                LPTIM1_IRQHandler
                0x080020a4                I2C4_ER_IRQHandler
                0x080020a4                SAI1_IRQHandler
                0x080020a4                DMA2_Channel3_IRQHandler
                0x080020a4                TIM1_BRK_TIM15_IRQHandler
 .text.memset   0x080020a6       0x10 /nix/store/cb7ani92advvicrayi9wp9v88clq3alv-stm32cubeide/plugins/com.st.stm32cube.ide.mcu.externaltools.gnu-tools-for-stm32.13.3.rel1.linux64_1.0.0.202410170706/tools/bin/../lib/gcc/arm-none-eabi/13.3.1/../../../../arm-none-eabi/lib/thumb/v7e-m+fp/hard/libc_nano.a(libc_a-memset.o)
                0x080020a6                memset
 *fill*         0x080020b6        0x2 
 .text.__errno  0x080020b8        0xc /nix/store/cb7ani92advvicrayi9wp9v88clq3alv-stm32cubeide/plugins/com.st.stm32cube.ide.mcu.externaltools.gnu-tools-for-stm32.13.3.rel1.linux64_1.0.0.202410170706/tools/bin/../lib/gcc/arm-none-eabi/13.3.1/../../../../arm-none-eabi/lib/thumb/v7e-m+fp/hard/libc_nano.a(libc_a-errno.o)
                0x080020b8                __errno
 .text.__libc_init_array
                0x080020c4       0x48 /nix/store/cb7ani92advvicrayi9wp9v88clq3alv-stm32cubeide/plugins/com.st.stm32cube.ide.mcu.externaltools.gnu-tools-for-stm32.13.3.rel1.linux64_1.0.0.202410170706/tools/bin/../lib/gcc/arm-none-eabi/13.3.1/../../../../arm-none-eabi/lib/thumb/v7e-m+fp/hard/libc_nano.a(libc_a-init.o)
                0x080020c4                __libc_init_array
 *fill*         0x0800210c        0x4 
 .text.sinh     0x08002110       0x70 /nix/store/cb7ani92advvicrayi9wp9v88clq3alv-stm32cubeide/plugins/com.st.stm32cube.ide.mcu.externaltools.gnu-tools-for-stm32.13.3.rel1.linux64_1.0.0.202410170706/tools/bin/../lib/gcc/arm-none-eabi/13.3.1/../../../../arm-none-eabi/lib/thumb/v7e-m+fp/hard/libm.a(libm_a-w_sinh.o)
                0x08002110                sinh
 .text.cos      0x08002180       0xa8 /nix/store/cb7ani92advvicrayi9wp9v88clq3alv-stm32cubeide/plugins/com.st.stm32cube.ide.mcu.externaltools.gnu-tools-for-stm32.13.3.rel1.linux64_1.0.0.202410170706/tools/bin/../lib/gcc/arm-none-eabi/13.3.1/../../../../arm-none-eabi/lib/thumb/v7e-m+fp/hard/libm.a(libm_a-s_cos.o)
                0x08002180                cos
 .text.sin      0x08002228       0xa8 /nix/store/cb7ani92advvicrayi9wp9v88clq3alv-stm32cubeide/plugins/com.st.stm32cube.ide.mcu.externaltools.gnu-tools-for-stm32.13.3.rel1.linux64_1.0.0.202410170706/tools/bin/../lib/gcc/arm-none-eabi/13.3.1/../../../../arm-none-eabi/lib/thumb/v7e-m+fp/hard/libm.a(libm_a-s_sin.o)
                0x08002228                sin
 .text.finite   0x080022d0       0x16 /nix/store/cb7ani92advvicrayi9wp9v88clq3alv-stm32cubeide/plugins/com.st.stm32cube.ide.mcu.externaltools.gnu-tools-for-stm32.13.3.rel1.linux64_1.0.0.202410170706/tools/bin/../lib/gcc/arm-none-eabi/13.3.1/../../../../arm-none-eabi/lib/thumb/v7e-m+fp/hard/libm.a(libm_a-s_finite.o)
                0x080022d0                finite
 *fill*         0x080022e6        0x2 
 .text.__kernel_cos
                0x080022e8      0x18c /nix/store/cb7ani92advvicrayi9wp9v88clq3alv-stm32cubeide/plugins/com.st.stm32cube.ide.mcu.externaltools.gnu-tools-for-stm32.13.3.rel1.linux64_1.0.0.202410170706/tools/bin/../lib/gcc/arm-none-eabi/13.3.1/../../../../arm-none-eabi/lib/thumb/v7e-m+fp/hard/libm.a(libm_a-k_cos.o)
                0x080022e8                __kernel_cos
 *fill*         0x08002474        0x4 
 .text.__kernel_sin
                0x08002478      0x174 /nix/store/cb7ani92advvicrayi9wp9v88clq3alv-stm32cubeide/plugins/com.st.stm32cube.ide.mcu.externaltools.gnu-tools-for-stm32.13.3.rel1.linux64_1.0.0.202410170706/tools/bin/../lib/gcc/arm-none-eabi/13.3.1/../../../../arm-none-eabi/lib/thumb/v7e-m+fp/hard/libm.a(libm_a-k_sin.o)
                0x08002478                __kernel_sin
 *fill*         0x080025ec        0x4 
 .text.__ieee754_rem_pio2
                0x080025f0      0x3f8 /nix/store/cb7ani92advvicrayi9wp9v88clq3alv-stm32cubeide/plugins/com.st.stm32cube.ide.mcu.externaltools.gnu-tools-for-stm32.13.3.rel1.linux64_1.0.0.202410170706/tools/bin/../lib/gcc/arm-none-eabi/13.3.1/../../../../arm-none-eabi/lib/thumb/v7e-m+fp/hard/libm.a(libm_a-e_rem_pio2.o)
                0x080025f0                __ieee754_rem_pio2
 .text.__ieee754_sinh
                0x080029e8      0x178 /nix/store/cb7ani92advvicrayi9wp9v88clq3alv-stm32cubeide/plugins/com.st.stm32cube.ide.mcu.externaltools.gnu-tools-for-stm32.13.3.rel1.linux64_1.0.0.202410170706/tools/bin/../lib/gcc/arm-none-eabi/13.3.1/../../../../arm-none-eabi/lib/thumb/v7e-m+fp/hard/libm.a(libm_a-e_sinh.o)
                0x080029e8                __ieee754_sinh
 .text.fabs     0x08002b60       0x10 /nix/store/cb7ani92advvicrayi9wp9v88clq3alv-stm32cubeide/plugins/com.st.stm32cube.ide.mcu.externaltools.gnu-tools-for-stm32.13.3.rel1.linux64_1.0.0.202410170706/tools/bin/../lib/gcc/arm-none-eabi/13.3.1/../../../../arm-none-eabi/lib/thumb/v7e-m+fp/hard/libm.a(libm_a-s_fabs.o)
                0x08002b60                fabs
 .text.expm1    0x08002b70      0x458 /nix/store/cb7ani92advvicrayi9wp9v88clq3alv-stm32cubeide/plugins/com.st.stm32cube.ide.mcu.externaltools.gnu-tools-for-stm32.13.3.rel1.linux64_1.0.0.202410170706/tools/bin/../lib/gcc/arm-none-eabi/13.3.1/../../../../arm-none-eabi/lib/thumb/v7e-m+fp/hard/libm.a(libm_a-s_expm1.o)
                0x08002b70                expm1
 .text.with_errno
                0x08002fc8       0x24 /nix/store/cb7ani92advvicrayi9wp9v88clq3alv-stm32cubeide/plugins/com.st.stm32cube.ide.mcu.externaltools.gnu-tools-for-stm32.13.3.rel1.linux64_1.0.0.202410170706/tools/bin/../lib/gcc/arm-none-eabi/13.3.1/../../../../arm-none-eabi/lib/thumb/v7e-m+fp/hard/libm.a(libm_a-math_err.o)
 .text.xflow    0x08002fec       0x32 /nix/store/cb7ani92advvicrayi9wp9v88clq3alv-stm32cubeide/plugins/com.st.stm32cube.ide.mcu.externaltools.gnu-tools-for-stm32.13.3.rel1.linux64_1.0.0.202410170706/tools/bin/../lib/gcc/arm-none-eabi/13.3.1/../../../../arm-none-eabi/lib/thumb/v7e-m+fp/hard/libm.a(libm_a-math_err.o)
 *fill*         0x0800301e        0x2 
 .text.__math_uflow
                0x08003020       0x10 /nix/store/cb7ani92advvicrayi9wp9v88clq3alv-stm32cubeide/plugins/com.st.stm32cube.ide.mcu.externaltools.gnu-tools-for-stm32.13.3.rel1.linux64_1.0.0.202410170706/tools/bin/../lib/gcc/arm-none-eabi/13.3.1/../../../../arm-none-eabi/lib/thumb/v7e-m+fp/hard/libm.a(libm_a-math_err.o)
                0x08003020                __math_uflow
 .text.__math_oflow
                0x08003030       0x10 /nix/store/cb7ani92advvicrayi9wp9v88clq3alv-stm32cubeide/plugins/com.st.stm32cube.ide.mcu.externaltools.gnu-tools-for-stm32.13.3.rel1.linux64_1.0.0.202410170706/tools/bin/../lib/gcc/arm-none-eabi/13.3.1/../../../../arm-none-eabi/lib/thumb/v7e-m+fp/hard/libm.a(libm_a-math_err.o)
                0x08003030                __math_oflow
 .text.__kernel_rem_pio2
                0x08003040      0x6a0 /nix/store/cb7ani92advvicrayi9wp9v88clq3alv-stm32cubeide/plugins/com.st.stm32cube.ide.mcu.externaltools.gnu-tools-for-stm32.13.3.rel1.linux64_1.0.0.202410170706/tools/bin/../lib/gcc/arm-none-eabi/13.3.1/../../../../arm-none-eabi/lib/thumb/v7e-m+fp/hard/libm.a(libm_a-k_rem_pio2.o)
                0x08003040                __kernel_rem_pio2
 .text.__ieee754_exp
                0x080036e0      0x2f4 /nix/store/cb7ani92advvicrayi9wp9v88clq3alv-stm32cubeide/plugins/com.st.stm32cube.ide.mcu.externaltools.gnu-tools-for-stm32.13.3.rel1.linux64_1.0.0.202410170706/tools/bin/../lib/gcc/arm-none-eabi/13.3.1/../../../../arm-none-eabi/lib/thumb/v7e-m+fp/hard/libm.a(libm_a-e_exp.o)
                0x080036e0                __ieee754_exp
 *fill*         0x080039d4        0x4 
 .text.scalbn   0x080039d8       0xf4 /nix/store/cb7ani92advvicrayi9wp9v88clq3alv-stm32cubeide/plugins/com.st.stm32cube.ide.mcu.externaltools.gnu-tools-for-stm32.13.3.rel1.linux64_1.0.0.202410170706/tools/bin/../lib/gcc/arm-none-eabi/13.3.1/../../../../arm-none-eabi/lib/thumb/v7e-m+fp/hard/libm.a(libm_a-s_scalbn.o)
                0x080039d8                scalbn
 *fill*         0x08003acc        0x4 
 .text.floor    0x08003ad0       0xf8 /nix/store/cb7ani92advvicrayi9wp9v88clq3alv-stm32cubeide/plugins/com.st.stm32cube.ide.mcu.externaltools.gnu-tools-for-stm32.13.3.rel1.linux64_1.0.0.202410170706/tools/bin/../lib/gcc/arm-none-eabi/13.3.1/../../../../arm-none-eabi/lib/thumb/v7e-m+fp/hard/libm.a(libm_a-s_floor.o)
                0x08003ad0                floor
 *(.glue_7)
 .glue_7        0x08003bc8        0x0 linker stubs
 *(.glue_7t)
 .glue_7t       0x08003bc8        0x0 linker stubs
 *(.eh_frame)
 .eh_frame      0x08003bc8        0x0 /nix/store/cb7ani92advvicrayi9wp9v88clq3alv-stm32cubeide/plugins/com.st.stm32cube.ide.mcu.externaltools.gnu-tools-for-stm32.13.3.rel1.linux64_1.0.0.202410170706/tools/bin/../lib/gcc/arm-none-eabi/13.3.1/thumb/v7e-m+fp/hard/crtbegin.o
 *(.init)
 .init          0x08003bc8        0x4 /nix/store/cb7ani92advvicrayi9wp9v88clq3alv-stm32cubeide/plugins/com.st.stm32cube.ide.mcu.externaltools.gnu-tools-for-stm32.13.3.rel1.linux64_1.0.0.202410170706/tools/bin/../lib/gcc/arm-none-eabi/13.3.1/thumb/v7e-m+fp/hard/crti.o
                0x08003bc8                _init
 .init          0x08003bcc        0x8 /nix/store/cb7ani92advvicrayi9wp9v88clq3alv-stm32cubeide/plugins/com.st.stm32cube.ide.mcu.externaltools.gnu-tools-for-stm32.13.3.rel1.linux64_1.0.0.202410170706/tools/bin/../lib/gcc/arm-none-eabi/13.3.1/thumb/v7e-m+fp/hard/crtn.o
 *(.fini)
 .fini          0x08003bd4        0x4 /nix/store/cb7ani92advvicrayi9wp9v88clq3alv-stm32cubeide/plugins/com.st.stm32cube.ide.mcu.externaltools.gnu-tools-for-stm32.13.3.rel1.linux64_1.0.0.202410170706/tools/bin/../lib/gcc/arm-none-eabi/13.3.1/thumb/v7e-m+fp/hard/crti.o
                0x08003bd4                _fini
 .fini          0x08003bd8        0x8 /nix/store/cb7ani92advvicrayi9wp9v88clq3alv-stm32cubeide/plugins/com.st.stm32cube.ide.mcu.externaltools.gnu-tools-for-stm32.13.3.rel1.linux64_1.0.0.202410170706/tools/bin/../lib/gcc/arm-none-eabi/13.3.1/thumb/v7e-m+fp/hard/crtn.o
                0x08003be0                        . = ALIGN (0x4)
                0x08003be0                        _etext = .

.vfp11_veneer   0x08003be0        0x0
 .vfp11_veneer  0x08003be0        0x0 linker stubs

.v4_bx          0x08003be0        0x0
 .v4_bx         0x08003be0        0x0 linker stubs

.iplt           0x08003be0        0x0
 .iplt          0x08003be0        0x0 /nix/store/cb7ani92advvicrayi9wp9v88clq3alv-stm32cubeide/plugins/com.st.stm32cube.ide.mcu.externaltools.gnu-tools-for-stm32.13.3.rel1.linux64_1.0.0.202410170706/tools/bin/../lib/gcc/arm-none-eabi/13.3.1/thumb/v7e-m+fp/hard/crtbegin.o

.rodata         0x08003be0      0x248
                0x08003be0                        . = ALIGN (0x4)
 *(.rodata)
 *(.rodata*)
 .rodata.AHBPrescTable
                0x08003be0       0x10 ./Src/system_stm32l4xx.o
                0x08003be0                AHBPrescTable
 .rodata.MSIRangeTable
                0x08003bf0       0x30 ./Src/system_stm32l4xx.o
                0x08003bf0                MSIRangeTable
 .rodata.npio2_hw
                0x08003c20       0x80 /nix/store/cb7ani92advvicrayi9wp9v88clq3alv-stm32cubeide/plugins/com.st.stm32cube.ide.mcu.externaltools.gnu-tools-for-stm32.13.3.rel1.linux64_1.0.0.202410170706/tools/bin/../lib/gcc/arm-none-eabi/13.3.1/../../../../arm-none-eabi/lib/thumb/v7e-m+fp/hard/libm.a(libm_a-e_rem_pio2.o)
 .rodata.two_over_pi
                0x08003ca0      0x108 /nix/store/cb7ani92advvicrayi9wp9v88clq3alv-stm32cubeide/plugins/com.st.stm32cube.ide.mcu.externaltools.gnu-tools-for-stm32.13.3.rel1.linux64_1.0.0.202410170706/tools/bin/../lib/gcc/arm-none-eabi/13.3.1/../../../../arm-none-eabi/lib/thumb/v7e-m+fp/hard/libm.a(libm_a-e_rem_pio2.o)
 .rodata.PIo2   0x08003da8       0x40 /nix/store/cb7ani92advvicrayi9wp9v88clq3alv-stm32cubeide/plugins/com.st.stm32cube.ide.mcu.externaltools.gnu-tools-for-stm32.13.3.rel1.linux64_1.0.0.202410170706/tools/bin/../lib/gcc/arm-none-eabi/13.3.1/../../../../arm-none-eabi/lib/thumb/v7e-m+fp/hard/libm.a(libm_a-k_rem_pio2.o)
 .rodata.init_jk
                0x08003de8       0x10 /nix/store/cb7ani92advvicrayi9wp9v88clq3alv-stm32cubeide/plugins/com.st.stm32cube.ide.mcu.externaltools.gnu-tools-for-stm32.13.3.rel1.linux64_1.0.0.202410170706/tools/bin/../lib/gcc/arm-none-eabi/13.3.1/../../../../arm-none-eabi/lib/thumb/v7e-m+fp/hard/libm.a(libm_a-k_rem_pio2.o)
 .rodata.ln2LO  0x08003df8       0x10 /nix/store/cb7ani92advvicrayi9wp9v88clq3alv-stm32cubeide/plugins/com.st.stm32cube.ide.mcu.externaltools.gnu-tools-for-stm32.13.3.rel1.linux64_1.0.0.202410170706/tools/bin/../lib/gcc/arm-none-eabi/13.3.1/../../../../arm-none-eabi/lib/thumb/v7e-m+fp/hard/libm.a(libm_a-e_exp.o)
 .rodata.ln2HI  0x08003e08       0x10 /nix/store/cb7ani92advvicrayi9wp9v88clq3alv-stm32cubeide/plugins/com.st.stm32cube.ide.mcu.externaltools.gnu-tools-for-stm32.13.3.rel1.linux64_1.0.0.202410170706/tools/bin/../lib/gcc/arm-none-eabi/13.3.1/../../../../arm-none-eabi/lib/thumb/v7e-m+fp/hard/libm.a(libm_a-e_exp.o)
 .rodata.halF   0x08003e18       0x10 /nix/store/cb7ani92advvicrayi9wp9v88clq3alv-stm32cubeide/plugins/com.st.stm32cube.ide.mcu.externaltools.gnu-tools-for-stm32.13.3.rel1.linux64_1.0.0.202410170706/tools/bin/../lib/gcc/arm-none-eabi/13.3.1/../../../../arm-none-eabi/lib/thumb/v7e-m+fp/hard/libm.a(libm_a-e_exp.o)
                0x08003e28                        . = ALIGN (0x4)

.ARM.extab      0x08003e28        0x0
                0x08003e28                        . = ALIGN (0x4)
 *(.ARM.extab* .gnu.linkonce.armextab.*)
                0x08003e28                        . = ALIGN (0x4)

.ARM            0x08003e28        0x0
                0x08003e28                        . = ALIGN (0x4)
                0x08003e28                        __exidx_start = .
 *(.ARM.exidx*)
                0x08003e28                        __exidx_end = .
                0x08003e28                        . = ALIGN (0x4)

.preinit_array  0x08003e28        0x0
                0x08003e28                        . = ALIGN (0x4)
                0x08003e28                        PROVIDE (__preinit_array_start = .)
 *(.preinit_array*)
                0x08003e28                        PROVIDE (__preinit_array_end = .)
                0x08003e28                        . = ALIGN (0x4)

.init_array     0x08003e28        0x4
                0x08003e28                        . = ALIGN (0x4)
                0x08003e28                        PROVIDE (__init_array_start = .)
 *(SORT_BY_NAME(.init_array.*))
 *(.init_array*)
 .init_array    0x08003e28        0x4 /nix/store/cb7ani92advvicrayi9wp9v88clq3alv-stm32cubeide/plugins/com.st.stm32cube.ide.mcu.externaltools.gnu-tools-for-stm32.13.3.rel1.linux64_1.0.0.202410170706/tools/bin/../lib/gcc/arm-none-eabi/13.3.1/thumb/v7e-m+fp/hard/crtbegin.o
                0x08003e2c                        PROVIDE (__init_array_end = .)
                0x08003e2c                        . = ALIGN (0x4)

.fini_array     0x08003e2c        0x4
                0x08003e2c                        . = ALIGN (0x4)
                [!provide]                        PROVIDE (__fini_array_start = .)
 *(SORT_BY_NAME(.fini_array.*))
 *(.fini_array*)
 .fini_array    0x08003e2c        0x4 /nix/store/cb7ani92advvicrayi9wp9v88clq3alv-stm32cubeide/plugins/com.st.stm32cube.ide.mcu.externaltools.gnu-tools-for-stm32.13.3.rel1.linux64_1.0.0.202410170706/tools/bin/../lib/gcc/arm-none-eabi/13.3.1/thumb/v7e-m+fp/hard/crtbegin.o
                [!provide]                        PROVIDE (__fini_array_end = .)
                0x08003e30                        . = ALIGN (0x4)
                0x08003e30                        _sidata = LOADADDR (.data)

.rel.dyn        0x08003e30        0x0
 .rel.iplt      0x08003e30        0x0 /nix/store/cb7ani92advvicrayi9wp9v88clq3alv-stm32cubeide/plugins/com.st.stm32cube.ide.mcu.externaltools.gnu-tools-for-stm32.13.3.rel1.linux64_1.0.0.202410170706/tools/bin/../lib/gcc/arm-none-eabi/13.3.1/thumb/v7e-m+fp/hard/crtbegin.o

.data           0x20000000       0x5c load address 0x08003e30
                0x20000000                        . = ALIGN (0x4)
                0x20000000                        _sdata = .
 *(.data)
 *(.data*)
 .data.uwTickPrio
                0x20000000        0x4 ./Drivers/STM32L4xx_HAL_Driver/Src/stm32l4xx_hal.o
                0x20000000                uwTickPrio
 .data.uwTickFreq
                0x20000004        0x1 ./Drivers/STM32L4xx_HAL_Driver/Src/stm32l4xx_hal.o
                0x20000004                uwTickFreq
 *fill*         0x20000005        0x3 
 .data.SystemCoreClock
                0x20000008        0x4 ./Src/system_stm32l4xx.o
                0x20000008                SystemCoreClock
 .data._impure_ptr
                0x2000000c        0x4 /nix/store/cb7ani92advvicrayi9wp9v88clq3alv-stm32cubeide/plugins/com.st.stm32cube.ide.mcu.externaltools.gnu-tools-for-stm32.13.3.rel1.linux64_1.0.0.202410170706/tools/bin/../lib/gcc/arm-none-eabi/13.3.1/../../../../arm-none-eabi/lib/thumb/v7e-m+fp/hard/libc_nano.a(libc_a-impure.o)
                0x2000000c                _impure_ptr
 .data._impure_data
                0x20000010       0x4c /nix/store/cb7ani92advvicrayi9wp9v88clq3alv-stm32cubeide/plugins/com.st.stm32cube.ide.mcu.externaltools.gnu-tools-for-stm32.13.3.rel1.linux64_1.0.0.202410170706/tools/bin/../lib/gcc/arm-none-eabi/13.3.1/../../../../arm-none-eabi/lib/thumb/v7e-m+fp/hard/libc_nano.a(libc_a-impure.o)
                0x20000010                _impure_data
 *(.RamFunc)
 *(.RamFunc*)
                0x2000005c                        . = ALIGN (0x4)
                0x2000005c                        _edata = .

.igot.plt       0x2000005c        0x0 load address 0x08003e8c
 .igot.plt      0x2000005c        0x0 /nix/store/cb7ani92advvicrayi9wp9v88clq3alv-stm32cubeide/plugins/com.st.stm32cube.ide.mcu.externaltools.gnu-tools-for-stm32.13.3.rel1.linux64_1.0.0.202410170706/tools/bin/../lib/gcc/arm-none-eabi/13.3.1/thumb/v7e-m+fp/hard/crtbegin.o
                0x2000005c                        . = ALIGN (0x4)

.bss            0x2000005c      0x17c load address 0x08003e8c
                0x2000005c                        _sbss = .
                0x2000005c                        __bss_start__ = _sbss
 *(.bss)
 .bss           0x2000005c       0x1c /nix/store/cb7ani92advvicrayi9wp9v88clq3alv-stm32cubeide/plugins/com.st.stm32cube.ide.mcu.externaltools.gnu-tools-for-stm32.13.3.rel1.linux64_1.0.0.202410170706/tools/bin/../lib/gcc/arm-none-eabi/13.3.1/thumb/v7e-m+fp/hard/crtbegin.o
 *(.bss*)
 .bss.uwTick    0x20000078        0x4 ./Drivers/STM32L4xx_HAL_Driver/Src/stm32l4xx_hal.o
                0x20000078                uwTick
 .bss.fft_instance
                0x2000007c       0x18 ./Src/filter_utils.o
 .bss.iir_instance
                0x20000094        0xc ./Src/filter_utils.o
 .bss.__sf      0x200000a0      0x138 /nix/store/cb7ani92advvicrayi9wp9v88clq3alv-stm32cubeide/plugins/com.st.stm32cube.ide.mcu.externaltools.gnu-tools-for-stm32.13.3.rel1.linux64_1.0.0.202410170706/tools/bin/../lib/gcc/arm-none-eabi/13.3.1/../../../../arm-none-eabi/lib/thumb/v7e-m+fp/hard/libc_nano.a(libc_a-findfp.o)
                0x200000a0                __sf
 *(COMMON)
                0x200001d8                        . = ALIGN (0x4)
                0x200001d8                        _ebss = .
                0x200001d8                        __bss_end__ = _ebss

._user_heap_stack
                0x200001d8      0x600 load address 0x08003e8c
                0x200001d8                        . = ALIGN (0x8)
                [!provide]                        PROVIDE (end = .)
                0x200001d8                        PROVIDE (_end = .)
                0x200003d8                        . = (. + _Min_Heap_Size)
 *fill*         0x200001d8      0x200 
                0x200007d8                        . = (. + _Min_Stack_Size)
 *fill*         0x200003d8      0x400 
                0x200007d8                        . = ALIGN (0x8)

/DISCARD/
 libc.a(*)
 libm.a(*)
 libgcc.a(*)

.ARM.attributes
                0x00000000       0x30
 *(.ARM.attributes)
 .ARM.attributes
                0x00000000       0x22 /nix/store/cb7ani92advvicrayi9wp9v88clq3alv-stm32cubeide/plugins/com.st.stm32cube.ide.mcu.externaltools.gnu-tools-for-stm32.13.3.rel1.linux64_1.0.0.202410170706/tools/bin/../lib/gcc/arm-none-eabi/13.3.1/thumb/v7e-m+fp/hard/crti.o
 .ARM.attributes
                0x00000022       0x34 /nix/store/cb7ani92advvicrayi9wp9v88clq3alv-stm32cubeide/plugins/com.st.stm32cube.ide.mcu.externaltools.gnu-tools-for-stm32.13.3.rel1.linux64_1.0.0.202410170706/tools/bin/../lib/gcc/arm-none-eabi/13.3.1/thumb/v7e-m+fp/hard/crtbegin.o
 .ARM.attributes
                0x00000056       0x34 ./Drivers/STM32L4xx_HAL_Driver/Src/stm32l4xx_hal.o
 .ARM.attributes
                0x0000008a       0x34 ./Drivers/STM32L4xx_HAL_Driver/Src/stm32l4xx_hal_cortex.o
 .ARM.attributes
                0x000000be       0x34 ./Drivers/STM32L4xx_HAL_Driver/Src/stm32l4xx_hal_pwr_ex.o
 .ARM.attributes
                0x000000f2       0x34 ./Drivers/STM32L4xx_HAL_Driver/Src/stm32l4xx_hal_rcc.o
 .ARM.attributes
                0x00000126       0x34 ./Src/filter_utils.o
 .ARM.attributes
                0x0000015a       0x34 ./Src/filters.o
 .ARM.attributes
                0x0000018e       0x34 ./Src/main.o
 .ARM.attributes
                0x000001c2       0x34 ./Src/stm32l4xx_hal_msp.o
 .ARM.attributes
                0x000001f6       0x34 ./Src/stm32l4xx_it.o
 .ARM.attributes
                0x0000022a       0x34 ./Src/system_stm32l4xx.o
 .ARM.attributes
                0x0000025e       0x21 ./Startup/startup_stm32l4a6zgtx.o
 .ARM.attributes
                0x0000027f       0x34 /nix/store/cb7ani92advvicrayi9wp9v88clq3alv-stm32cubeide/plugins/com.st.stm32cube.ide.mcu.externaltools.gnu-tools-for-stm32.13.3.rel1.linux64_1.0.0.202410170706/tools/bin/../lib/gcc/arm-none-eabi/13.3.1/../../../../arm-none-eabi/lib/thumb/v7e-m+fp/hard/libc_nano.a(libc_a-findfp.o)
 .ARM.attributes
                0x000002b3       0x34 /nix/store/cb7ani92advvicrayi9wp9v88clq3alv-stm32cubeide/plugins/com.st.stm32cube.ide.mcu.externaltools.gnu-tools-for-stm32.13.3.rel1.linux64_1.0.0.202410170706/tools/bin/../lib/gcc/arm-none-eabi/13.3.1/../../../../arm-none-eabi/lib/thumb/v7e-m+fp/hard/libc_nano.a(libc_a-memset.o)
 .ARM.attributes
                0x000002e7       0x34 /nix/store/cb7ani92advvicrayi9wp9v88clq3alv-stm32cubeide/plugins/com.st.stm32cube.ide.mcu.externaltools.gnu-tools-for-stm32.13.3.rel1.linux64_1.0.0.202410170706/tools/bin/../lib/gcc/arm-none-eabi/13.3.1/../../../../arm-none-eabi/lib/thumb/v7e-m+fp/hard/libc_nano.a(libc_a-impure.o)
 .ARM.attributes
                0x0000031b       0x34 /nix/store/cb7ani92advvicrayi9wp9v88clq3alv-stm32cubeide/plugins/com.st.stm32cube.ide.mcu.externaltools.gnu-tools-for-stm32.13.3.rel1.linux64_1.0.0.202410170706/tools/bin/../lib/gcc/arm-none-eabi/13.3.1/../../../../arm-none-eabi/lib/thumb/v7e-m+fp/hard/libc_nano.a(libc_a-errno.o)
 .ARM.attributes
                0x0000034f       0x34 /nix/store/cb7ani92advvicrayi9wp9v88clq3alv-stm32cubeide/plugins/com.st.stm32cube.ide.mcu.externaltools.gnu-tools-for-stm32.13.3.rel1.linux64_1.0.0.202410170706/tools/bin/../lib/gcc/arm-none-eabi/13.3.1/../../../../arm-none-eabi/lib/thumb/v7e-m+fp/hard/libc_nano.a(libc_a-init.o)
 .ARM.attributes
                0x00000383       0x34 /nix/store/cb7ani92advvicrayi9wp9v88clq3alv-stm32cubeide/plugins/com.st.stm32cube.ide.mcu.externaltools.gnu-tools-for-stm32.13.3.rel1.linux64_1.0.0.202410170706/tools/bin/../lib/gcc/arm-none-eabi/13.3.1/../../../../arm-none-eabi/lib/thumb/v7e-m+fp/hard/libm.a(libm_a-w_sinh.o)
 .ARM.attributes
                0x000003b7       0x34 /nix/store/cb7ani92advvicrayi9wp9v88clq3alv-stm32cubeide/plugins/com.st.stm32cube.ide.mcu.externaltools.gnu-tools-for-stm32.13.3.rel1.linux64_1.0.0.202410170706/tools/bin/../lib/gcc/arm-none-eabi/13.3.1/../../../../arm-none-eabi/lib/thumb/v7e-m+fp/hard/libm.a(libm_a-s_cos.o)
 .ARM.attributes
                0x000003eb       0x34 /nix/store/cb7ani92advvicrayi9wp9v88clq3alv-stm32cubeide/plugins/com.st.stm32cube.ide.mcu.externaltools.gnu-tools-for-stm32.13.3.rel1.linux64_1.0.0.202410170706/tools/bin/../lib/gcc/arm-none-eabi/13.3.1/../../../../arm-none-eabi/lib/thumb/v7e-m+fp/hard/libm.a(libm_a-s_sin.o)
 .ARM.attributes
                0x0000041f       0x34 /nix/store/cb7ani92advvicrayi9wp9v88clq3alv-stm32cubeide/plugins/com.st.stm32cube.ide.mcu.externaltools.gnu-tools-for-stm32.13.3.rel1.linux64_1.0.0.202410170706/tools/bin/../lib/gcc/arm-none-eabi/13.3.1/../../../../arm-none-eabi/lib/thumb/v7e-m+fp/hard/libm.a(libm_a-s_finite.o)
 .ARM.attributes
                0x00000453       0x34 /nix/store/cb7ani92advvicrayi9wp9v88clq3alv-stm32cubeide/plugins/com.st.stm32cube.ide.mcu.externaltools.gnu-tools-for-stm32.13.3.rel1.linux64_1.0.0.202410170706/tools/bin/../lib/gcc/arm-none-eabi/13.3.1/../../../../arm-none-eabi/lib/thumb/v7e-m+fp/hard/libm.a(libm_a-k_cos.o)
 .ARM.attributes
                0x00000487       0x34 /nix/store/cb7ani92advvicrayi9wp9v88clq3alv-stm32cubeide/plugins/com.st.stm32cube.ide.mcu.externaltools.gnu-tools-for-stm32.13.3.rel1.linux64_1.0.0.202410170706/tools/bin/../lib/gcc/arm-none-eabi/13.3.1/../../../../arm-none-eabi/lib/thumb/v7e-m+fp/hard/libm.a(libm_a-k_sin.o)
 .ARM.attributes
                0x000004bb       0x34 /nix/store/cb7ani92advvicrayi9wp9v88clq3alv-stm32cubeide/plugins/com.st.stm32cube.ide.mcu.externaltools.gnu-tools-for-stm32.13.3.rel1.linux64_1.0.0.202410170706/tools/bin/../lib/gcc/arm-none-eabi/13.3.1/../../../../arm-none-eabi/lib/thumb/v7e-m+fp/hard/libm.a(libm_a-e_rem_pio2.o)
 .ARM.attributes
                0x000004ef       0x34 /nix/store/cb7ani92advvicrayi9wp9v88clq3alv-stm32cubeide/plugins/com.st.stm32cube.ide.mcu.externaltools.gnu-tools-for-stm32.13.3.rel1.linux64_1.0.0.202410170706/tools/bin/../lib/gcc/arm-none-eabi/13.3.1/../../../../arm-none-eabi/lib/thumb/v7e-m+fp/hard/libm.a(libm_a-e_sinh.o)
 .ARM.attributes
                0x00000523       0x34 /nix/store/cb7ani92advvicrayi9wp9v88clq3alv-stm32cubeide/plugins/com.st.stm32cube.ide.mcu.externaltools.gnu-tools-for-stm32.13.3.rel1.linux64_1.0.0.202410170706/tools/bin/../lib/gcc/arm-none-eabi/13.3.1/../../../../arm-none-eabi/lib/thumb/v7e-m+fp/hard/libm.a(libm_a-s_fabs.o)
 .ARM.attributes
                0x00000557       0x34 /nix/store/cb7ani92advvicrayi9wp9v88clq3alv-stm32cubeide/plugins/com.st.stm32cube.ide.mcu.externaltools.gnu-tools-for-stm32.13.3.rel1.linux64_1.0.0.202410170706/tools/bin/../lib/gcc/arm-none-eabi/13.3.1/../../../../arm-none-eabi/lib/thumb/v7e-m+fp/hard/libm.a(libm_a-s_expm1.o)
 .ARM.attributes
                0x0000058b       0x34 /nix/store/cb7ani92advvicrayi9wp9v88clq3alv-stm32cubeide/plugins/com.st.stm32cube.ide.mcu.externaltools.gnu-tools-for-stm32.13.3.rel1.linux64_1.0.0.202410170706/tools/bin/../lib/gcc/arm-none-eabi/13.3.1/../../../../arm-none-eabi/lib/thumb/v7e-m+fp/hard/libm.a(libm_a-math_err.o)
 .ARM.attributes
                0x000005bf       0x34 /nix/store/cb7ani92advvicrayi9wp9v88clq3alv-stm32cubeide/plugins/com.st.stm32cube.ide.mcu.externaltools.gnu-tools-for-stm32.13.3.rel1.linux64_1.0.0.202410170706/tools/bin/../lib/gcc/arm-none-eabi/13.3.1/../../../../arm-none-eabi/lib/thumb/v7e-m+fp/hard/libm.a(libm_a-k_rem_pio2.o)
 .ARM.attributes
                0x000005f3       0x34 /nix/store/cb7ani92advvicrayi9wp9v88clq3alv-stm32cubeide/plugins/com.st.stm32cube.ide.mcu.externaltools.gnu-tools-for-stm32.13.3.rel1.linux64_1.0.0.202410170706/tools/bin/../lib/gcc/arm-none-eabi/13.3.1/../../../../arm-none-eabi/lib/thumb/v7e-m+fp/hard/libm.a(libm_a-e_exp.o)
 .ARM.attributes
                0x00000627       0x34 /nix/store/cb7ani92advvicrayi9wp9v88clq3alv-stm32cubeide/plugins/com.st.stm32cube.ide.mcu.externaltools.gnu-tools-for-stm32.13.3.rel1.linux64_1.0.0.202410170706/tools/bin/../lib/gcc/arm-none-eabi/13.3.1/../../../../arm-none-eabi/lib/thumb/v7e-m+fp/hard/libm.a(libm_a-s_scalbn.o)
 .ARM.attributes
                0x0000065b       0x34 /nix/store/cb7ani92advvicrayi9wp9v88clq3alv-stm32cubeide/plugins/com.st.stm32cube.ide.mcu.externaltools.gnu-tools-for-stm32.13.3.rel1.linux64_1.0.0.202410170706/tools/bin/../lib/gcc/arm-none-eabi/13.3.1/../../../../arm-none-eabi/lib/thumb/v7e-m+fp/hard/libm.a(libm_a-s_floor.o)
 .ARM.attributes
                0x0000068f       0x22 /nix/store/cb7ani92advvicrayi9wp9v88clq3alv-stm32cubeide/plugins/com.st.stm32cube.ide.mcu.externaltools.gnu-tools-for-stm32.13.3.rel1.linux64_1.0.0.202410170706/tools/bin/../lib/gcc/arm-none-eabi/13.3.1/thumb/v7e-m+fp/hard/libgcc.a(_arm_addsubdf3.o)
 .ARM.attributes
                0x000006b1       0x22 /nix/store/cb7ani92advvicrayi9wp9v88clq3alv-stm32cubeide/plugins/com.st.stm32cube.ide.mcu.externaltools.gnu-tools-for-stm32.13.3.rel1.linux64_1.0.0.202410170706/tools/bin/../lib/gcc/arm-none-eabi/13.3.1/thumb/v7e-m+fp/hard/libgcc.a(_arm_muldivdf3.o)
 .ARM.attributes
                0x000006d3       0x22 /nix/store/cb7ani92advvicrayi9wp9v88clq3alv-stm32cubeide/plugins/com.st.stm32cube.ide.mcu.externaltools.gnu-tools-for-stm32.13.3.rel1.linux64_1.0.0.202410170706/tools/bin/../lib/gcc/arm-none-eabi/13.3.1/thumb/v7e-m+fp/hard/libgcc.a(_arm_cmpdf2.o)
 .ARM.attributes
                0x000006f5       0x22 /nix/store/cb7ani92advvicrayi9wp9v88clq3alv-stm32cubeide/plugins/com.st.stm32cube.ide.mcu.externaltools.gnu-tools-for-stm32.13.3.rel1.linux64_1.0.0.202410170706/tools/bin/../lib/gcc/arm-none-eabi/13.3.1/thumb/v7e-m+fp/hard/libgcc.a(_arm_fixdfsi.o)
 .ARM.attributes
                0x00000717       0x22 /nix/store/cb7ani92advvicrayi9wp9v88clq3alv-stm32cubeide/plugins/com.st.stm32cube.ide.mcu.externaltools.gnu-tools-for-stm32.13.3.rel1.linux64_1.0.0.202410170706/tools/bin/../lib/gcc/arm-none-eabi/13.3.1/thumb/v7e-m+fp/hard/libgcc.a(_arm_truncdfsf2.o)
 .ARM.attributes
                0x00000739       0x22 /nix/store/cb7ani92advvicrayi9wp9v88clq3alv-stm32cubeide/plugins/com.st.stm32cube.ide.mcu.externaltools.gnu-tools-for-stm32.13.3.rel1.linux64_1.0.0.202410170706/tools/bin/../lib/gcc/arm-none-eabi/13.3.1/thumb/v7e-m+fp/hard/crtn.o
OUTPUT(example.elf elf32-littlearm)
LOAD linker stubs
LOAD /nix/store/cb7ani92advvicrayi9wp9v88clq3alv-stm32cubeide/plugins/com.st.stm32cube.ide.mcu.externaltools.gnu-tools-for-stm32.13.3.rel1.linux64_1.0.0.202410170706/tools/bin/../lib/gcc/arm-none-eabi/13.3.1/../../../../arm-none-eabi/lib/thumb/v7e-m+fp/hard/libc.a
LOAD /nix/store/cb7ani92advvicrayi9wp9v88clq3alv-stm32cubeide/plugins/com.st.stm32cube.ide.mcu.externaltools.gnu-tools-for-stm32.13.3.rel1.linux64_1.0.0.202410170706/tools/bin/../lib/gcc/arm-none-eabi/13.3.1/../../../../arm-none-eabi/lib/thumb/v7e-m+fp/hard/libm.a
LOAD /nix/store/cb7ani92advvicrayi9wp9v88clq3alv-stm32cubeide/plugins/com.st.stm32cube.ide.mcu.externaltools.gnu-tools-for-stm32.13.3.rel1.linux64_1.0.0.202410170706/tools/bin/../lib/gcc/arm-none-eabi/13.3.1/thumb/v7e-m+fp/hard/libgcc.a

.debug_info     0x00000000     0x42a1
 .debug_info    0x00000000      0xb51 ./Drivers/STM32L4xx_HAL_Driver/Src/stm32l4xx_hal.o
 .debug_info    0x00000b51      0xdbd ./Drivers/STM32L4xx_HAL_Driver/Src/stm32l4xx_hal_cortex.o
 .debug_info    0x0000190e      0x996 ./Drivers/STM32L4xx_HAL_Driver/Src/stm32l4xx_hal_pwr_ex.o
 .debug_info    0x000022a4      0xc3b ./Drivers/STM32L4xx_HAL_Driver/Src/stm32l4xx_hal_rcc.o
 .debug_info    0x00002edf      0x4c9 ./Src/filter_utils.o
 .debug_info    0x000033a8      0x185 ./Src/filters.o
 .debug_info    0x0000352d      0x393 ./Src/main.o
 .debug_info    0x000038c0      0x2d1 ./Src/stm32l4xx_hal_msp.o
 .debug_info    0x00003b91      0x113 ./Src/stm32l4xx_it.o
 .debug_info    0x00003ca4      0x5cd ./Src/system_stm32l4xx.o
 .debug_info    0x00004271       0x30 ./Startup/startup_stm32l4a6zgtx.o

.debug_abbrev   0x00000000     0x10ff
 .debug_abbrev  0x00000000      0x242 ./Drivers/STM32L4xx_HAL_Driver/Src/stm32l4xx_hal.o
 .debug_abbrev  0x00000242      0x31c ./Drivers/STM32L4xx_HAL_Driver/Src/stm32l4xx_hal_cortex.o
 .debug_abbrev  0x0000055e      0x1f9 ./Drivers/STM32L4xx_HAL_Driver/Src/stm32l4xx_hal_pwr_ex.o
 .debug_abbrev  0x00000757      0x2cb ./Drivers/STM32L4xx_HAL_Driver/Src/stm32l4xx_hal_rcc.o
 .debug_abbrev  0x00000a22      0x1bd ./Src/filter_utils.o
 .debug_abbrev  0x00000bdf       0xcf ./Src/filters.o
 .debug_abbrev  0x00000cae      0x1da ./Src/main.o
 .debug_abbrev  0x00000e88       0xc6 ./Src/stm32l4xx_hal_msp.o
 .debug_abbrev  0x00000f4e       0x73 ./Src/stm32l4xx_it.o
 .debug_abbrev  0x00000fc1      0x11a ./Src/system_stm32l4xx.o
 .debug_abbrev  0x000010db       0x24 ./Startup/startup_stm32l4a6zgtx.o

.debug_aranges  0x00000000      0x5a8
 .debug_aranges
                0x00000000      0x130 ./Drivers/STM32L4xx_HAL_Driver/Src/stm32l4xx_hal.o
 .debug_aranges
                0x00000130      0x128 ./Drivers/STM32L4xx_HAL_Driver/Src/stm32l4xx_hal_cortex.o
 .debug_aranges
                0x00000258      0x150 ./Drivers/STM32L4xx_HAL_Driver/Src/stm32l4xx_hal_pwr_ex.o
 .debug_aranges
                0x000003a8       0x90 ./Drivers/STM32L4xx_HAL_Driver/Src/stm32l4xx_hal_rcc.o
 .debug_aranges
                0x00000438       0x50 ./Src/filter_utils.o
 .debug_aranges
                0x00000488       0x20 ./Src/filters.o
 .debug_aranges
                0x000004a8       0x30 ./Src/main.o
 .debug_aranges
                0x000004d8       0x20 ./Src/stm32l4xx_hal_msp.o
 .debug_aranges
                0x000004f8       0x60 ./Src/stm32l4xx_it.o
 .debug_aranges
                0x00000558       0x28 ./Src/system_stm32l4xx.o
 .debug_aranges
                0x00000580       0x28 ./Startup/startup_stm32l4a6zgtx.o

.debug_rnglists
                0x00000000      0x41a
 .debug_rnglists
                0x00000000       0xdf ./Drivers/STM32L4xx_HAL_Driver/Src/stm32l4xx_hal.o
 .debug_rnglists
                0x000000df       0xda ./Drivers/STM32L4xx_HAL_Driver/Src/stm32l4xx_hal_cortex.o
 .debug_rnglists
                0x000001b9       0xfd ./Drivers/STM32L4xx_HAL_Driver/Src/stm32l4xx_hal_pwr_ex.o
 .debug_rnglists
                0x000002b6       0x6d ./Drivers/STM32L4xx_HAL_Driver/Src/stm32l4xx_hal_rcc.o
 .debug_rnglists
                0x00000323       0x39 ./Src/filter_utils.o
 .debug_rnglists
                0x0000035c       0x14 ./Src/filters.o
 .debug_rnglists
                0x00000370       0x21 ./Src/main.o
 .debug_rnglists
                0x00000391       0x13 ./Src/stm32l4xx_hal_msp.o
 .debug_rnglists
                0x000003a4       0x43 ./Src/stm32l4xx_it.o
 .debug_rnglists
                0x000003e7       0x1a ./Src/system_stm32l4xx.o
 .debug_rnglists
                0x00000401       0x19 ./Startup/startup_stm32l4a6zgtx.o

.debug_macro    0x00000000    0x2855e
 .debug_macro   0x00000000      0x1e6 ./Drivers/STM32L4xx_HAL_Driver/Src/stm32l4xx_hal.o
 .debug_macro   0x000001e6      0xade ./Drivers/STM32L4xx_HAL_Driver/Src/stm32l4xx_hal.o
 .debug_macro   0x00000cc4      0x19b ./Drivers/STM32L4xx_HAL_Driver/Src/stm32l4xx_hal.o
 .debug_macro   0x00000e5f       0x2e ./Drivers/STM32L4xx_HAL_Driver/Src/stm32l4xx_hal.o
 .debug_macro   0x00000e8d       0x28 ./Drivers/STM32L4xx_HAL_Driver/Src/stm32l4xx_hal.o
 .debug_macro   0x00000eb5       0x22 ./Drivers/STM32L4xx_HAL_Driver/Src/stm32l4xx_hal.o
 .debug_macro   0x00000ed7       0x8e ./Drivers/STM32L4xx_HAL_Driver/Src/stm32l4xx_hal.o
 .debug_macro   0x00000f65       0x51 ./Drivers/STM32L4xx_HAL_Driver/Src/stm32l4xx_hal.o
 .debug_macro   0x00000fb6      0x103 ./Drivers/STM32L4xx_HAL_Driver/Src/stm32l4xx_hal.o
 .debug_macro   0x000010b9       0x6a ./Drivers/STM32L4xx_HAL_Driver/Src/stm32l4xx_hal.o
 .debug_macro   0x00001123      0x1df ./Drivers/STM32L4xx_HAL_Driver/Src/stm32l4xx_hal.o
 .debug_macro   0x00001302       0x1c ./Drivers/STM32L4xx_HAL_Driver/Src/stm32l4xx_hal.o
 .debug_macro   0x0000131e       0x22 ./Drivers/STM32L4xx_HAL_Driver/Src/stm32l4xx_hal.o
 .debug_macro   0x00001340       0xfb ./Drivers/STM32L4xx_HAL_Driver/Src/stm32l4xx_hal.o
 .debug_macro   0x0000143b     0x1011 ./Drivers/STM32L4xx_HAL_Driver/Src/stm32l4xx_hal.o
 .debug_macro   0x0000244c      0x11f ./Drivers/STM32L4xx_HAL_Driver/Src/stm32l4xx_hal.o
 .debug_macro   0x0000256b    0x1c8c1 ./Drivers/STM32L4xx_HAL_Driver/Src/stm32l4xx_hal.o
 .debug_macro   0x0001ee2c       0x6d ./Drivers/STM32L4xx_HAL_Driver/Src/stm32l4xx_hal.o
 .debug_macro   0x0001ee99     0x38fb ./Drivers/STM32L4xx_HAL_Driver/Src/stm32l4xx_hal.o
 .debug_macro   0x00022794      0x190 ./Drivers/STM32L4xx_HAL_Driver/Src/stm32l4xx_hal.o
 .debug_macro   0x00022924       0x5c ./Drivers/STM32L4xx_HAL_Driver/Src/stm32l4xx_hal.o
 .debug_macro   0x00022980     0x1909 ./Drivers/STM32L4xx_HAL_Driver/Src/stm32l4xx_hal.o
 .debug_macro   0x00024289      0x773 ./Drivers/STM32L4xx_HAL_Driver/Src/stm32l4xx_hal.o
 .debug_macro   0x000249fc      0x1b9 ./Drivers/STM32L4xx_HAL_Driver/Src/stm32l4xx_hal.o
 .debug_macro   0x00024bb5      0x202 ./Drivers/STM32L4xx_HAL_Driver/Src/stm32l4xx_hal.o
 .debug_macro   0x00024db7      0x26b ./Drivers/STM32L4xx_HAL_Driver/Src/stm32l4xx_hal.o
 .debug_macro   0x00025022      0x23d ./Drivers/STM32L4xx_HAL_Driver/Src/stm32l4xx_hal.o
 .debug_macro   0x0002525f      0x241 ./Drivers/STM32L4xx_HAL_Driver/Src/stm32l4xx_hal.o
 .debug_macro   0x000254a0      0x3ad ./Drivers/STM32L4xx_HAL_Driver/Src/stm32l4xx_hal.o
 .debug_macro   0x0002584d       0xe4 ./Drivers/STM32L4xx_HAL_Driver/Src/stm32l4xx_hal.o
 .debug_macro   0x00025931      0x122 ./Drivers/STM32L4xx_HAL_Driver/Src/stm32l4xx_hal.o
 .debug_macro   0x00025a53      0x3ef ./Drivers/STM32L4xx_HAL_Driver/Src/stm32l4xx_hal.o
 .debug_macro   0x00025e42      0x433 ./Drivers/STM32L4xx_HAL_Driver/Src/stm32l4xx_hal.o
 .debug_macro   0x00026275      0x198 ./Drivers/STM32L4xx_HAL_Driver/Src/stm32l4xx_hal_cortex.o
 .debug_macro   0x0002640d      0x1c2 ./Drivers/STM32L4xx_HAL_Driver/Src/stm32l4xx_hal_pwr_ex.o
 .debug_macro   0x000265cf      0x1da ./Drivers/STM32L4xx_HAL_Driver/Src/stm32l4xx_hal_rcc.o
 .debug_macro   0x000267a9      0x1e6 ./Src/filter_utils.o
 .debug_macro   0x0002698f       0x5b ./Src/filter_utils.o
 .debug_macro   0x000269ea       0x2a ./Src/filter_utils.o
 .debug_macro   0x00026a14       0x94 ./Src/filter_utils.o
 .debug_macro   0x00026aa8       0x43 ./Src/filter_utils.o
 .debug_macro   0x00026aeb       0x34 ./Src/filter_utils.o
 .debug_macro   0x00026b1f       0x57 ./Src/filter_utils.o
 .debug_macro   0x00026b76      0x370 ./Src/filter_utils.o
 .debug_macro   0x00026ee6       0x16 ./Src/filter_utils.o
 .debug_macro   0x00026efc       0x4a ./Src/filter_utils.o
 .debug_macro   0x00026f46       0x34 ./Src/filter_utils.o
 .debug_macro   0x00026f7a       0x10 ./Src/filter_utils.o
 .debug_macro   0x00026f8a       0x58 ./Src/filter_utils.o
 .debug_macro   0x00026fe2       0x8e ./Src/filter_utils.o
 .debug_macro   0x00027070       0x1c ./Src/filter_utils.o
 .debug_macro   0x0002708c      0x185 ./Src/filter_utils.o
 .debug_macro   0x00027211      0x19b ./Src/filter_utils.o
 .debug_macro   0x000273ac       0x16 ./Src/filter_utils.o
 .debug_macro   0x000273c2       0x16 ./Src/filter_utils.o
 .debug_macro   0x000273d8       0x3c ./Src/filter_utils.o
 .debug_macro   0x00027414       0x20 ./Src/filter_utils.o
 .debug_macro   0x00027434      0x201 ./Src/filter_utils.o
 .debug_macro   0x00027635       0x7c ./Src/filter_utils.o
 .debug_macro   0x000276b1       0x17 ./Src/filter_utils.o
 .debug_macro   0x000276c8      0x118 ./Src/filter_utils.o
 .debug_macro   0x000277e0      0x169 ./Src/filter_utils.o
 .debug_macro   0x00027949       0x1c ./Src/filter_utils.o
 .debug_macro   0x00027965       0x10 ./Src/filter_utils.o
 .debug_macro   0x00027975       0x1c ./Src/filter_utils.o
 .debug_macro   0x00027991       0x16 ./Src/filter_utils.o
 .debug_macro   0x000279a7      0x146 ./Src/filter_utils.o
 .debug_macro   0x00027aed      0x254 ./Src/filters.o
 .debug_macro   0x00027d41       0x56 ./Src/filters.o
 .debug_macro   0x00027d97      0x266 ./Src/main.o
 .debug_macro   0x00027ffd       0x61 ./Src/main.o
 .debug_macro   0x0002805e      0x1b2 ./Src/stm32l4xx_hal_msp.o
 .debug_macro   0x00028210      0x1b6 ./Src/stm32l4xx_it.o
 .debug_macro   0x000283c6      0x198 ./Src/system_stm32l4xx.o

.debug_line     0x00000000     0x6108
 .debug_line    0x00000000      0xa9d ./Drivers/STM32L4xx_HAL_Driver/Src/stm32l4xx_hal.o
 .debug_line    0x00000a9d      0xc38 ./Drivers/STM32L4xx_HAL_Driver/Src/stm32l4xx_hal_cortex.o
 .debug_line    0x000016d5      0xc59 ./Drivers/STM32L4xx_HAL_Driver/Src/stm32l4xx_hal_pwr_ex.o
 .debug_line    0x0000232e     0x104a ./Drivers/STM32L4xx_HAL_Driver/Src/stm32l4xx_hal_rcc.o
 .debug_line    0x00003378      0x726 ./Src/filter_utils.o
 .debug_line    0x00003a9e      0x839 ./Src/filters.o
 .debug_line    0x000042d7      0x8a2 ./Src/main.o
 .debug_line    0x00004b79      0x6a4 ./Src/stm32l4xx_hal_msp.o
 .debug_line    0x0000521d      0x741 ./Src/stm32l4xx_it.o
 .debug_line    0x0000595e      0x730 ./Src/system_stm32l4xx.o
 .debug_line    0x0000608e       0x7a ./Startup/startup_stm32l4a6zgtx.o

.debug_str      0x00000000    0xf3b38
 .debug_str     0x00000000    0xf3b38 ./Drivers/STM32L4xx_HAL_Driver/Src/stm32l4xx_hal.o
                              0xed9ec (size before relaxing)
 .debug_str     0x000f3b38    0xed6bf ./Drivers/STM32L4xx_HAL_Driver/Src/stm32l4xx_hal_cortex.o
 .debug_str     0x000f3b38    0xed325 ./Drivers/STM32L4xx_HAL_Driver/Src/stm32l4xx_hal_pwr_ex.o
 .debug_str     0x000f3b38    0xed423 ./Drivers/STM32L4xx_HAL_Driver/Src/stm32l4xx_hal_rcc.o
 .debug_str     0x000f3b38     0x9fab ./Src/filter_utils.o
 .debug_str     0x000f3b38    0xf0594 ./Src/filters.o
 .debug_str     0x000f3b38    0xf07ab ./Src/main.o
 .debug_str     0x000f3b38    0xecd2a ./Src/stm32l4xx_hal_msp.o
 .debug_str     0x000f3b38    0xecc44 ./Src/stm32l4xx_it.o
 .debug_str     0x000f3b38    0xecdd1 ./Src/system_stm32l4xx.o
 .debug_str     0x000f3b38       0x76 ./Startup/startup_stm32l4a6zgtx.o

.comment        0x00000000       0x43
 .comment       0x00000000       0x43 ./Drivers/STM32L4xx_HAL_Driver/Src/stm32l4xx_hal.o
                                 0x44 (size before relaxing)
 .comment       0x00000043       0x44 ./Drivers/STM32L4xx_HAL_Driver/Src/stm32l4xx_hal_cortex.o
 .comment       0x00000043       0x44 ./Drivers/STM32L4xx_HAL_Driver/Src/stm32l4xx_hal_pwr_ex.o
 .comment       0x00000043       0x44 ./Drivers/STM32L4xx_HAL_Driver/Src/stm32l4xx_hal_rcc.o
 .comment       0x00000043       0x44 ./Src/filter_utils.o
 .comment       0x00000043       0x44 ./Src/filters.o
 .comment       0x00000043       0x44 ./Src/main.o
 .comment       0x00000043       0x44 ./Src/stm32l4xx_hal_msp.o
 .comment       0x00000043       0x44 ./Src/stm32l4xx_it.o
 .comment       0x00000043       0x44 ./Src/system_stm32l4xx.o

.debug_frame    0x00000000     0x1c8c
 .debug_frame   0x00000000      0x498 ./Drivers/STM32L4xx_HAL_Driver/Src/stm32l4xx_hal.o
 .debug_frame   0x00000498      0x4e8 ./Drivers/STM32L4xx_HAL_Driver/Src/stm32l4xx_hal_cortex.o
 .debug_frame   0x00000980      0x544 ./Drivers/STM32L4xx_HAL_Driver/Src/stm32l4xx_hal_pwr_ex.o
 .debug_frame   0x00000ec4      0x21c ./Drivers/STM32L4xx_HAL_Driver/Src/stm32l4xx_hal_rcc.o
 .debug_frame   0x000010e0      0x114 ./Src/filter_utils.o
 .debug_frame   0x000011f4       0x34 ./Src/filters.o
 .debug_frame   0x00001228       0x70 ./Src/main.o
 .debug_frame   0x00001298       0x38 ./Src/stm32l4xx_hal_msp.o
 .debug_frame   0x000012d0      0x104 ./Src/stm32l4xx_it.o
 .debug_frame   0x000013d4       0x58 ./Src/system_stm32l4xx.o
 .debug_frame   0x0000142c      0x144 /nix/store/cb7ani92advvicrayi9wp9v88clq3alv-stm32cubeide/plugins/com.st.stm32cube.ide.mcu.externaltools.gnu-tools-for-stm32.13.3.rel1.linux64_1.0.0.202410170706/tools/bin/../lib/gcc/arm-none-eabi/13.3.1/../../../../arm-none-eabi/lib/thumb/v7e-m+fp/hard/libc_nano.a(libc_a-findfp.o)
 .debug_frame   0x00001570       0x20 /nix/store/cb7ani92advvicrayi9wp9v88clq3alv-stm32cubeide/plugins/com.st.stm32cube.ide.mcu.externaltools.gnu-tools-for-stm32.13.3.rel1.linux64_1.0.0.202410170706/tools/bin/../lib/gcc/arm-none-eabi/13.3.1/../../../../arm-none-eabi/lib/thumb/v7e-m+fp/hard/libc_nano.a(libc_a-memset.o)
 .debug_frame   0x00001590       0x20 /nix/store/cb7ani92advvicrayi9wp9v88clq3alv-stm32cubeide/plugins/com.st.stm32cube.ide.mcu.externaltools.gnu-tools-for-stm32.13.3.rel1.linux64_1.0.0.202410170706/tools/bin/../lib/gcc/arm-none-eabi/13.3.1/../../../../arm-none-eabi/lib/thumb/v7e-m+fp/hard/libc_nano.a(libc_a-errno.o)
 .debug_frame   0x000015b0       0x2c /nix/store/cb7ani92advvicrayi9wp9v88clq3alv-stm32cubeide/plugins/com.st.stm32cube.ide.mcu.externaltools.gnu-tools-for-stm32.13.3.rel1.linux64_1.0.0.202410170706/tools/bin/../lib/gcc/arm-none-eabi/13.3.1/../../../../arm-none-eabi/lib/thumb/v7e-m+fp/hard/libc_nano.a(libc_a-init.o)
 .debug_frame   0x000015dc       0x44 /nix/store/cb7ani92advvicrayi9wp9v88clq3alv-stm32cubeide/plugins/com.st.stm32cube.ide.mcu.externaltools.gnu-tools-for-stm32.13.3.rel1.linux64_1.0.0.202410170706/tools/bin/../lib/gcc/arm-none-eabi/13.3.1/../../../../arm-none-eabi/lib/thumb/v7e-m+fp/hard/libm.a(libm_a-w_sinh.o)
 .debug_frame   0x00001620       0x38 /nix/store/cb7ani92advvicrayi9wp9v88clq3alv-stm32cubeide/plugins/com.st.stm32cube.ide.mcu.externaltools.gnu-tools-for-stm32.13.3.rel1.linux64_1.0.0.202410170706/tools/bin/../lib/gcc/arm-none-eabi/13.3.1/../../../../arm-none-eabi/lib/thumb/v7e-m+fp/hard/libm.a(libm_a-s_cos.o)
 .debug_frame   0x00001658       0x38 /nix/store/cb7ani92advvicrayi9wp9v88clq3alv-stm32cubeide/plugins/com.st.stm32cube.ide.mcu.externaltools.gnu-tools-for-stm32.13.3.rel1.linux64_1.0.0.202410170706/tools/bin/../lib/gcc/arm-none-eabi/13.3.1/../../../../arm-none-eabi/lib/thumb/v7e-m+fp/hard/libm.a(libm_a-s_sin.o)
 .debug_frame   0x00001690       0x28 /nix/store/cb7ani92advvicrayi9wp9v88clq3alv-stm32cubeide/plugins/com.st.stm32cube.ide.mcu.externaltools.gnu-tools-for-stm32.13.3.rel1.linux64_1.0.0.202410170706/tools/bin/../lib/gcc/arm-none-eabi/13.3.1/../../../../arm-none-eabi/lib/thumb/v7e-m+fp/hard/libm.a(libm_a-s_finite.o)
 .debug_frame   0x000016b8       0x3c /nix/store/cb7ani92advvicrayi9wp9v88clq3alv-stm32cubeide/plugins/com.st.stm32cube.ide.mcu.externaltools.gnu-tools-for-stm32.13.3.rel1.linux64_1.0.0.202410170706/tools/bin/../lib/gcc/arm-none-eabi/13.3.1/../../../../arm-none-eabi/lib/thumb/v7e-m+fp/hard/libm.a(libm_a-k_cos.o)
 .debug_frame   0x000016f4       0x40 /nix/store/cb7ani92advvicrayi9wp9v88clq3alv-stm32cubeide/plugins/com.st.stm32cube.ide.mcu.externaltools.gnu-tools-for-stm32.13.3.rel1.linux64_1.0.0.202410170706/tools/bin/../lib/gcc/arm-none-eabi/13.3.1/../../../../arm-none-eabi/lib/thumb/v7e-m+fp/hard/libm.a(libm_a-k_sin.o)
 .debug_frame   0x00001734       0x40 /nix/store/cb7ani92advvicrayi9wp9v88clq3alv-stm32cubeide/plugins/com.st.stm32cube.ide.mcu.externaltools.gnu-tools-for-stm32.13.3.rel1.linux64_1.0.0.202410170706/tools/bin/../lib/gcc/arm-none-eabi/13.3.1/../../../../arm-none-eabi/lib/thumb/v7e-m+fp/hard/libm.a(libm_a-e_rem_pio2.o)
 .debug_frame   0x00001774       0x38 /nix/store/cb7ani92advvicrayi9wp9v88clq3alv-stm32cubeide/plugins/com.st.stm32cube.ide.mcu.externaltools.gnu-tools-for-stm32.13.3.rel1.linux64_1.0.0.202410170706/tools/bin/../lib/gcc/arm-none-eabi/13.3.1/../../../../arm-none-eabi/lib/thumb/v7e-m+fp/hard/libm.a(libm_a-e_sinh.o)
 .debug_frame   0x000017ac       0x20 /nix/store/cb7ani92advvicrayi9wp9v88clq3alv-stm32cubeide/plugins/com.st.stm32cube.ide.mcu.externaltools.gnu-tools-for-stm32.13.3.rel1.linux64_1.0.0.202410170706/tools/bin/../lib/gcc/arm-none-eabi/13.3.1/../../../../arm-none-eabi/lib/thumb/v7e-m+fp/hard/libm.a(libm_a-s_fabs.o)
 .debug_frame   0x000017cc       0x54 /nix/store/cb7ani92advvicrayi9wp9v88clq3alv-stm32cubeide/plugins/com.st.stm32cube.ide.mcu.externaltools.gnu-tools-for-stm32.13.3.rel1.linux64_1.0.0.202410170706/tools/bin/../lib/gcc/arm-none-eabi/13.3.1/../../../../arm-none-eabi/lib/thumb/v7e-m+fp/hard/libm.a(libm_a-s_expm1.o)
 .debug_frame   0x00001820      0x158 /nix/store/cb7ani92advvicrayi9wp9v88clq3alv-stm32cubeide/plugins/com.st.stm32cube.ide.mcu.externaltools.gnu-tools-for-stm32.13.3.rel1.linux64_1.0.0.202410170706/tools/bin/../lib/gcc/arm-none-eabi/13.3.1/../../../../arm-none-eabi/lib/thumb/v7e-m+fp/hard/libm.a(libm_a-math_err.o)
 .debug_frame   0x00001978       0x54 /nix/store/cb7ani92advvicrayi9wp9v88clq3alv-stm32cubeide/plugins/com.st.stm32cube.ide.mcu.externaltools.gnu-tools-for-stm32.13.3.rel1.linux64_1.0.0.202410170706/tools/bin/../lib/gcc/arm-none-eabi/13.3.1/../../../../arm-none-eabi/lib/thumb/v7e-m+fp/hard/libm.a(libm_a-k_rem_pio2.o)
 .debug_frame   0x000019cc       0x5c /nix/store/cb7ani92advvicrayi9wp9v88clq3alv-stm32cubeide/plugins/com.st.stm32cube.ide.mcu.externaltools.gnu-tools-for-stm32.13.3.rel1.linux64_1.0.0.202410170706/tools/bin/../lib/gcc/arm-none-eabi/13.3.1/../../../../arm-none-eabi/lib/thumb/v7e-m+fp/hard/libm.a(libm_a-e_exp.o)
 .debug_frame   0x00001a28       0x2c /nix/store/cb7ani92advvicrayi9wp9v88clq3alv-stm32cubeide/plugins/com.st.stm32cube.ide.mcu.externaltools.gnu-tools-for-stm32.13.3.rel1.linux64_1.0.0.202410170706/tools/bin/../lib/gcc/arm-none-eabi/13.3.1/../../../../arm-none-eabi/lib/thumb/v7e-m+fp/hard/libm.a(libm_a-s_scalbn.o)
 .debug_frame   0x00001a54       0x30 /nix/store/cb7ani92advvicrayi9wp9v88clq3alv-stm32cubeide/plugins/com.st.stm32cube.ide.mcu.externaltools.gnu-tools-for-stm32.13.3.rel1.linux64_1.0.0.202410170706/tools/bin/../lib/gcc/arm-none-eabi/13.3.1/../../../../arm-none-eabi/lib/thumb/v7e-m+fp/hard/libm.a(libm_a-s_floor.o)
 .debug_frame   0x00001a84       0xac /nix/store/cb7ani92advvicrayi9wp9v88clq3alv-stm32cubeide/plugins/com.st.stm32cube.ide.mcu.externaltools.gnu-tools-for-stm32.13.3.rel1.linux64_1.0.0.202410170706/tools/bin/../lib/gcc/arm-none-eabi/13.3.1/thumb/v7e-m+fp/hard/libgcc.a(_arm_addsubdf3.o)
 .debug_frame   0x00001b30       0x50 /nix/store/cb7ani92advvicrayi9wp9v88clq3alv-stm32cubeide/plugins/com.st.stm32cube.ide.mcu.externaltools.gnu-tools-for-stm32.13.3.rel1.linux64_1.0.0.202410170706/tools/bin/../lib/gcc/arm-none-eabi/13.3.1/thumb/v7e-m+fp/hard/libgcc.a(_arm_muldivdf3.o)
 .debug_frame   0x00001b80       0xc4 /nix/store/cb7ani92advvicrayi9wp9v88clq3alv-stm32cubeide/plugins/com.st.stm32cube.ide.mcu.externaltools.gnu-tools-for-stm32.13.3.rel1.linux64_1.0.0.202410170706/tools/bin/../lib/gcc/arm-none-eabi/13.3.1/thumb/v7e-m+fp/hard/libgcc.a(_arm_cmpdf2.o)
 .debug_frame   0x00001c44       0x24 /nix/store/cb7ani92advvicrayi9wp9v88clq3alv-stm32cubeide/plugins/com.st.stm32cube.ide.mcu.externaltools.gnu-tools-for-stm32.13.3.rel1.linux64_1.0.0.202410170706/tools/bin/../lib/gcc/arm-none-eabi/13.3.1/thumb/v7e-m+fp/hard/libgcc.a(_arm_fixdfsi.o)
 .debug_frame   0x00001c68       0x24 /nix/store/cb7ani92advvicrayi9wp9v88clq3alv-stm32cubeide/plugins/com.st.stm32cube.ide.mcu.externaltools.gnu-tools-for-stm32.13.3.rel1.linux64_1.0.0.202410170706/tools/bin/../lib/gcc/arm-none-eabi/13.3.1/thumb/v7e-m+fp/hard/libgcc.a(_arm_truncdfsf2.o)

.debug_line_str
                0x00000000       0x5a
 .debug_line_str
                0x00000000       0x5a ./Startup/startup_stm32l4a6zgtx.o
