Archive member included to satisfy reference by file (symbol)

/nix/store/cb7ani92advvicrayi9wp9v88clq3alv-stm32cubeide/plugins/com.st.stm32cube.ide.mcu.externaltools.gnu-tools-for-stm32.13.3.rel1.linux64_1.0.0.202410170706/tools/bin/../lib/gcc/arm-none-eabi/13.3.1/../../../../arm-none-eabi/lib/thumb/v7e-m+fp/hard/libc_nano.a(libc_a-exit.o)
                              /nix/store/cb7ani92advvicrayi9wp9v88clq3alv-stm32cubeide/plugins/com.st.stm32cube.ide.mcu.externaltools.gnu-tools-for-stm32.13.3.rel1.linux64_1.0.0.202410170706/tools/bin/../lib/gcc/arm-none-eabi/13.3.1/../../../../arm-none-eabi/lib/thumb/v7e-m+fp/hard/crt0.o (exit)
/nix/store/cb7ani92advvicrayi9wp9v88clq3alv-stm32cubeide/plugins/com.st.stm32cube.ide.mcu.externaltools.gnu-tools-for-stm32.13.3.rel1.linux64_1.0.0.202410170706/tools/bin/../lib/gcc/arm-none-eabi/13.3.1/../../../../arm-none-eabi/lib/thumb/v7e-m+fp/hard/libc_nano.a(libc_a-findfp.o)
                              /nix/store/cb7ani92advvicrayi9wp9v88clq3alv-stm32cubeide/plugins/com.st.stm32cube.ide.mcu.externaltools.gnu-tools-for-stm32.13.3.rel1.linux64_1.0.0.202410170706/tools/bin/../lib/gcc/arm-none-eabi/13.3.1/../../../../arm-none-eabi/lib/thumb/v7e-m+fp/hard/libc_nano.a(libc_a-exit.o) (__stdio_exit_handler)
/nix/store/cb7ani92advvicrayi9wp9v88clq3alv-stm32cubeide/plugins/com.st.stm32cube.ide.mcu.externaltools.gnu-tools-for-stm32.13.3.rel1.linux64_1.0.0.202410170706/tools/bin/../lib/gcc/arm-none-eabi/13.3.1/../../../../arm-none-eabi/lib/thumb/v7e-m+fp/hard/libc_nano.a(libc_a-fwalk.o)
                              /nix/store/cb7ani92advvicrayi9wp9v88clq3alv-stm32cubeide/plugins/com.st.stm32cube.ide.mcu.externaltools.gnu-tools-for-stm32.13.3.rel1.linux64_1.0.0.202410170706/tools/bin/../lib/gcc/arm-none-eabi/13.3.1/../../../../arm-none-eabi/lib/thumb/v7e-m+fp/hard/libc_nano.a(libc_a-findfp.o) (_fwalk_sglue)
/nix/store/cb7ani92advvicrayi9wp9v88clq3alv-stm32cubeide/plugins/com.st.stm32cube.ide.mcu.externaltools.gnu-tools-for-stm32.13.3.rel1.linux64_1.0.0.202410170706/tools/bin/../lib/gcc/arm-none-eabi/13.3.1/../../../../arm-none-eabi/lib/thumb/v7e-m+fp/hard/libc_nano.a(libc_a-stdio.o)
                              /nix/store/cb7ani92advvicrayi9wp9v88clq3alv-stm32cubeide/plugins/com.st.stm32cube.ide.mcu.externaltools.gnu-tools-for-stm32.13.3.rel1.linux64_1.0.0.202410170706/tools/bin/../lib/gcc/arm-none-eabi/13.3.1/../../../../arm-none-eabi/lib/thumb/v7e-m+fp/hard/libc_nano.a(libc_a-findfp.o) (__sread)
/nix/store/cb7ani92advvicrayi9wp9v88clq3alv-stm32cubeide/plugins/com.st.stm32cube.ide.mcu.externaltools.gnu-tools-for-stm32.13.3.rel1.linux64_1.0.0.202410170706/tools/bin/../lib/gcc/arm-none-eabi/13.3.1/../../../../arm-none-eabi/lib/thumb/v7e-m+fp/hard/libc_nano.a(libc_a-memset.o)
                              /nix/store/cb7ani92advvicrayi9wp9v88clq3alv-stm32cubeide/plugins/com.st.stm32cube.ide.mcu.externaltools.gnu-tools-for-stm32.13.3.rel1.linux64_1.0.0.202410170706/tools/bin/../lib/gcc/arm-none-eabi/13.3.1/../../../../arm-none-eabi/lib/thumb/v7e-m+fp/hard/crt0.o (memset)
/nix/store/cb7ani92advvicrayi9wp9v88clq3alv-stm32cubeide/plugins/com.st.stm32cube.ide.mcu.externaltools.gnu-tools-for-stm32.13.3.rel1.linux64_1.0.0.202410170706/tools/bin/../lib/gcc/arm-none-eabi/13.3.1/../../../../arm-none-eabi/lib/thumb/v7e-m+fp/hard/libc_nano.a(libc_a-closer.o)
                              /nix/store/cb7ani92advvicrayi9wp9v88clq3alv-stm32cubeide/plugins/com.st.stm32cube.ide.mcu.externaltools.gnu-tools-for-stm32.13.3.rel1.linux64_1.0.0.202410170706/tools/bin/../lib/gcc/arm-none-eabi/13.3.1/../../../../arm-none-eabi/lib/thumb/v7e-m+fp/hard/libc_nano.a(libc_a-stdio.o) (_close_r)
/nix/store/cb7ani92advvicrayi9wp9v88clq3alv-stm32cubeide/plugins/com.st.stm32cube.ide.mcu.externaltools.gnu-tools-for-stm32.13.3.rel1.linux64_1.0.0.202410170706/tools/bin/../lib/gcc/arm-none-eabi/13.3.1/../../../../arm-none-eabi/lib/thumb/v7e-m+fp/hard/libc_nano.a(libc_a-reent.o)
                              /nix/store/cb7ani92advvicrayi9wp9v88clq3alv-stm32cubeide/plugins/com.st.stm32cube.ide.mcu.externaltools.gnu-tools-for-stm32.13.3.rel1.linux64_1.0.0.202410170706/tools/bin/../lib/gcc/arm-none-eabi/13.3.1/../../../../arm-none-eabi/lib/thumb/v7e-m+fp/hard/libc_nano.a(libc_a-closer.o) (errno)
/nix/store/cb7ani92advvicrayi9wp9v88clq3alv-stm32cubeide/plugins/com.st.stm32cube.ide.mcu.externaltools.gnu-tools-for-stm32.13.3.rel1.linux64_1.0.0.202410170706/tools/bin/../lib/gcc/arm-none-eabi/13.3.1/../../../../arm-none-eabi/lib/thumb/v7e-m+fp/hard/libc_nano.a(libc_a-impure.o)
                              /nix/store/cb7ani92advvicrayi9wp9v88clq3alv-stm32cubeide/plugins/com.st.stm32cube.ide.mcu.externaltools.gnu-tools-for-stm32.13.3.rel1.linux64_1.0.0.202410170706/tools/bin/../lib/gcc/arm-none-eabi/13.3.1/../../../../arm-none-eabi/lib/thumb/v7e-m+fp/hard/libc_nano.a(libc_a-reent.o) (_impure_ptr)
[...]
Memory Configuration

Name             Origin             Length             Attributes
RAM              0x20000000         0x00050000         xrw
RAM2             0x10000000         0x00010000         xrw
FLASH            0x08000000         0x00100000         xr
*default*        0x00000000         0xffffffff

Linker script and memory map

LOAD /nix/store/cb7ani92advvicrayi9wp9v88clq3alv-stm32cubeide/plugins/com.st.stm32cube.ide.mcu.externaltools.gnu-tools-for-stm32.13.3.rel1.linux64_1.0.0.202410170706/tools/bin/../lib/gcc/arm-none-eabi/13.3.1/thumb/v7e-m+fp/hard/crti.o
LOAD /nix/store/cb7ani92advvicrayi9wp9v88clq3alv-stm32cubeide/plugins/com.st.stm32cube.ide.mcu.externaltools.gnu-tools-for-stm32.13.3.rel1.linux64_1.0.0.202410170706/tools/bin/../lib/gcc/arm-none-eabi/13.3.1/thumb/v7e-m+fp/hard/crtbegin.o
LOAD /nix/store/cb7ani92advvicrayi9wp9v88clq3alv-stm32cubeide/plugins/com.st.stm32cube.ide.mcu.externaltools.gnu-tools-for-stm32.13.3.rel1.linux64_1.0.0.202410170706/tools/bin/../lib/gcc/arm-none-eabi/13.3.1/../../../../arm-none-eabi/lib/thumb/v7e-m+fp/hard/crt0.o
LOAD ./Drivers/STM32L4xx_HAL_Driver/Src/stm32l4xx_hal.o
LOAD ./Drivers/STM32L4xx_HAL_Driver/Src/stm32l4xx_hal_cortex.o
LOAD ./Drivers/STM32L4xx_HAL_Driver/Src/stm32l4xx_hal_dma.o
LOAD ./Drivers/STM32L4xx_HAL_Driver/Src/stm32l4xx_hal_dma_ex.o
LOAD ./Drivers/STM32L4xx_HAL_Driver/Src/stm32l4xx_hal_exti.o
LOAD ./Drivers/STM32L4xx_HAL_Driver/Src/stm32l4xx_hal_flash.o
LOAD ./Drivers/STM32L4xx_HAL_Driver/Src/stm32l4xx_hal_flash_ex.o
LOAD ./Drivers/STM32L4xx_HAL_Driver/Src/stm32l4xx_hal_flash_ramfunc.o
LOAD ./Drivers/STM32L4xx_HAL_Driver/Src/stm32l4xx_hal_gpio.o
LOAD ./Drivers/STM32L4xx_HAL_Driver/Src/stm32l4xx_hal_i2c.o
LOAD ./Drivers/STM32L4xx_HAL_Driver/Src/stm32l4xx_hal_i2c_ex.o
LOAD ./Drivers/STM32L4xx_HAL_Driver/Src/stm32l4xx_hal_pwr.o
LOAD ./Drivers/STM32L4xx_HAL_Driver/Src/stm32l4xx_hal_pwr_ex.o
LOAD ./Drivers/STM32L4xx_HAL_Driver/Src/stm32l4xx_hal_rcc.o
LOAD ./Drivers/STM32L4xx_HAL_Driver/Src/stm32l4xx_hal_rcc_ex.o
LOAD ./Src/eeprom.o
LOAD ./Src/i2c.o
LOAD ./Src/main.o
LOAD ./Src/stm32l4xx_hal_msp.o
LOAD ./Src/stm32l4xx_it.o
LOAD ./Src/syscalls.o
LOAD ./Src/sysmem.o
LOAD ./Src/system_stm32l4xx.o
LOAD ./Src/timer.o
LOAD ./Startup/startup_stm32l4a6zgtx.o
START GROUP
LOAD /nix/store/cb7ani92advvicrayi9wp9v88clq3alv-stm32cubeide/plugins/com.st.stm32cube.ide.mcu.externaltools.gnu-tools-for-stm32.13.3.rel1.linux64_1.0.0.202410170706/tools/bin/../lib/gcc/arm-none-eabi/13.3.1/../../../../arm-none-eabi/lib/thumb/v7e-m+fp/hard/libc_nano.a
LOAD /nix/store/cb7ani92advvicrayi9wp9v88clq3alv-stm32cubeide/plugins/com.st.stm32cube.ide.mcu.externaltools.gnu-tools-for-stm32.13.3.rel1.linux64_1.0.0.202410170706/tools/bin/../lib/gcc/arm-none-eabi/13.3.1/../../../../arm-none-eabi/lib/thumb/v7e-m+fp/hard/libm.a
END GROUP
START GROUP
LOAD /nix/store/cb7ani92advvicrayi9wp9v88clq3alv-stm32cubeide/plugins/com.st.stm32cube.ide.mcu.externaltools.gnu-tools-for-stm32.13.3.rel1.linux64_1.0.0.202410170706/tools/bin/../lib/gcc/arm-none-eabi/13.3.1/thumb/v7e-m+fp/hard/libgcc.a
LOAD /nix/store/cb7ani92advvicrayi9wp9v88clq3alv-stm32cubeide/plugins/com.st.stm32cube.ide.mcu.externaltools.gnu-tools-for-stm32.13.3.rel1.linux64_1.0.0.202410170706/tools/bin/../lib/gcc/arm-none-eabi/13.3.1/../../../../arm-none-eabi/lib/thumb/v7e-m+fp/hard/libc_nano.a
END GROUP
START GROUP
LOAD /nix/store/cb7ani92advvicrayi9wp9v88clq3alv-stm32cubeide/plugins/com.st.stm32cube.ide.mcu.externaltools.gnu-tools-for-stm32.13.3.rel1.linux64_1.0.0.202410170706/tools/bin/../lib/gcc/arm-none-eabi/13.3.1/thumb/v7e-m+fp/hard/libgcc.a
LOAD /nix/store/cb7ani92advvicrayi9wp9v88clq3alv-stm32cubeide/plugins/com.st.stm32cube.ide.mcu.externaltools.gnu-tools-for-stm32.13.3.rel1.linux64_1.0.0.202410170706/tools/bin/../lib/gcc/arm-none-eabi/13.3.1/../../../../arm-none-eabi/lib/thumb/v7e-m+fp/hard/libc_nano.a
LOAD /nix/store/cb7ani92advvicrayi9wp9v88clq3alv-stm32cubeide/plugins/com.st.stm32cube.ide.mcu.externaltools.gnu-tools-for-stm32.13.3.rel1.linux64_1.0.0.202410170706/tools/bin/../lib/gcc/arm-none-eabi/13.3.1/../../../../arm-none-eabi/lib/thumb/v7e-m+fp/hard/libnosys.a
END GROUP
START GROUP
LOAD /nix/store/cb7ani92advvicrayi9wp9v88clq3alv-stm32cubeide/plugins/com.st.stm32cube.ide.mcu.externaltools.gnu-tools-for-stm32.13.3.rel1.linux64_1.0.0.202410170706/tools/bin/../lib/gcc/arm-none-eabi/13.3.1/thumb/v7e-m+fp/hard/libgcc.a
LOAD /nix/store/cb7ani92advvicrayi9wp9v88clq3alv-stm32cubeide/plugins/com.st.stm32cube.ide.mcu.externaltools.gnu-tools-for-stm32.13.3.rel1.linux64_1.0.0.202410170706/tools/bin/../lib/gcc/arm-none-eabi/13.3.1/../../../../arm-none-eabi/lib/thumb/v7e-m+fp/hard/libc_nano.a
LOAD /nix/store/cb7ani92advvicrayi9wp9v88clq3alv-stm32cubeide/plugins/com.st.stm32cube.ide.mcu.externaltools.gnu-tools-for-stm32.13.3.rel1.linux64_1.0.0.202410170706/tools/bin/../lib/gcc/arm-none-eabi/13.3.1/../../../../arm-none-eabi/lib/thumb/v7e-m+fp/hard/libnosys.a
END GROUP
LOAD /nix/store/cb7ani92advvicrayi9wp9v88clq3alv-stm32cubeide/plugins/com.st.stm32cube.ide.mcu.externaltools.gnu-tools-for-stm32.13.3.rel1.linux64_1.0.0.202410170706/tools/bin/../lib/gcc/arm-none-eabi/13.3.1/thumb/v7e-m+fp/hard/crtend.o
LOAD /nix/store/cb7ani92advvicrayi9wp9v88clq3alv-stm32cubeide/plugins/com.st.stm32cube.ide.mcu.externaltools.gnu-tools-for-stm32.13.3.rel1.linux64_1.0.0.202410170706/tools/bin/../lib/gcc/arm-none-eabi/13.3.1/thumb/v7e-m+fp/hard/crtn.o
                0x20050000                        _estack = (ORIGIN (RAM) + LENGTH (RAM))
                0x00000200                        _Min_Heap_Size = 0x200
                0x00000400                        _Min_Stack_Size = 0x400

.isr_vector     0x08000000      0x1ac
                0x08000000                        . = ALIGN (0x4)
 *(.isr_vector)
 .isr_vector    0x08000000      0x1ac ./Startup/startup_stm32l4a6zgtx.o
                0x08000000                g_pfnVectors
                0x080001ac                        . = ALIGN (0x4)

.text           0x080001ac     0x146c
                0x080001ac                        . = ALIGN (0x4)
 *(.text)
 .text          0x080001ac       0x40 /nix/store/cb7ani92advvicrayi9wp9v88clq3alv-stm32cubeide/plugins/com.st.stm32cube.ide.mcu.externaltools.gnu-tools-for-stm32.13.3.rel1.linux64_1.0.0.202410170706/tools/bin/../lib/gcc/arm-none-eabi/13.3.1/thumb/v7e-m+fp/hard/crtbegin.o
 *(.text*)
 .text.HAL_Init
                0x080001ec       0x30 ./Drivers/STM32L4xx_HAL_Driver/Src/stm32l4xx_hal.o
                0x080001ec                HAL_Init
 .text.HAL_InitTick
                0x0800021c       0x78 ./Drivers/STM32L4xx_HAL_Driver/Src/stm32l4xx_hal.o
                0x0800021c                HAL_InitTick
 .text.HAL_IncTick
                0x08000294       0x28 ./Drivers/STM32L4xx_HAL_Driver/Src/stm32l4xx_hal.o
                0x08000294                HAL_IncTick
 .text.HAL_GetTick
                0x080002bc       0x18 ./Drivers/STM32L4xx_HAL_Driver/Src/stm32l4xx_hal.o
                0x080002bc                HAL_GetTick
 .text.__NVIC_SetPriorityGrouping
                0x080002d4       0x48 ./Drivers/STM32L4xx_HAL_Driver/Src/stm32l4xx_hal_cortex.o
 .text.__NVIC_GetPriorityGrouping
                0x0800031c       0x1c ./Drivers/STM32L4xx_HAL_Driver/Src/stm32l4xx_hal_cortex.o
 .text.__NVIC_SetPriority
                0x08000338       0x54 ./Drivers/STM32L4xx_HAL_Driver/Src/stm32l4xx_hal_cortex.o
 .text.NVIC_EncodePriority
                0x0800038c       0x66 ./Drivers/STM32L4xx_HAL_Driver/Src/stm32l4xx_hal_cortex.o
 *fill*         0x080003f2        0x2 
 .text.SysTick_Config
                0x080003f4       0x44 ./Drivers/STM32L4xx_HAL_Driver/Src/stm32l4xx_hal_cortex.o
 .text.HAL_NVIC_SetPriorityGrouping
                0x08000438       0x16 ./Drivers/STM32L4xx_HAL_Driver/Src/stm32l4xx_hal_cortex.o
                0x08000438                HAL_NVIC_SetPriorityGrouping
 .text.HAL_NVIC_SetPriority
                0x0800044e       0x38 ./Drivers/STM32L4xx_HAL_Driver/Src/stm32l4xx_hal_cortex.o
                0x0800044e                HAL_NVIC_SetPriority
 .text.HAL_SYSTICK_Config
                0x08000486       0x18 ./Drivers/STM32L4xx_HAL_Driver/Src/stm32l4xx_hal_cortex.o
                0x08000486                HAL_SYSTICK_Config
 *fill*         0x0800049e        0x2 
 .text.HAL_PWREx_GetVoltageRange
                0x080004a0       0x1c ./Drivers/STM32L4xx_HAL_Driver/Src/stm32l4xx_hal_pwr_ex.o
                0x080004a0                HAL_PWREx_GetVoltageRange
 .text.HAL_PWREx_ControlVoltageScaling
                0x080004bc       0xac ./Drivers/STM32L4xx_HAL_Driver/Src/stm32l4xx_hal_pwr_ex.o
                0x080004bc                HAL_PWREx_ControlVoltageScaling
 .text.HAL_RCC_OscConfig
                0x08000568      0x834 ./Drivers/STM32L4xx_HAL_Driver/Src/stm32l4xx_hal_rcc.o
                0x08000568                HAL_RCC_OscConfig
 .text.HAL_RCC_ClockConfig
                0x08000d9c      0x200 ./Drivers/STM32L4xx_HAL_Driver/Src/stm32l4xx_hal_rcc.o
                0x08000d9c                HAL_RCC_ClockConfig
 .text.HAL_RCC_GetSysClockFreq
                0x08000f9c      0x118 ./Drivers/STM32L4xx_HAL_Driver/Src/stm32l4xx_hal_rcc.o
                0x08000f9c                HAL_RCC_GetSysClockFreq
 .text.RCC_SetFlashLatencyFromMSIRange
                0x080010b4       0xc0 ./Drivers/STM32L4xx_HAL_Driver/Src/stm32l4xx_hal_rcc.o
 .text.main     0x08001174       0x20 ./Src/main.o
                0x08001174                main
 .text.GPIO_Init_LED
                0x08001194       0x64 ./Src/main.o
                0x08001194                GPIO_Init_LED
 .text.EEPROM_init
                0x080011f8       0xf4 ./Src/main.o
                0x080011f8                EEPROM_init
 .text.EEPROM_write
                0x080012ec       0xb0 ./Src/main.o
                0x080012ec                EEPROM_write
 .text.SystemClock_Config
                0x0800139c       0x8c ./Src/main.o
                0x0800139c                SystemClock_Config
 .text.Error_Handler
                0x08001428        0xc ./Src/main.o
                0x08001428                Error_Handler
 .text.HAL_MspInit
                0x08001434       0x48 ./Src/stm32l4xx_hal_msp.o
                0x08001434                HAL_MspInit
 .text.NMI_Handler
                0x0800147c        0x8 ./Src/stm32l4xx_it.o
                0x0800147c                NMI_Handler
 .text.HardFault_Handler
                0x08001484        0x8 ./Src/stm32l4xx_it.o
                0x08001484                HardFault_Handler
 .text.MemManage_Handler
                0x0800148c        0x8 ./Src/stm32l4xx_it.o
                0x0800148c                MemManage_Handler
 .text.BusFault_Handler
                0x08001494        0x8 ./Src/stm32l4xx_it.o
                0x08001494                BusFault_Handler
 .text.UsageFault_Handler
                0x0800149c        0x8 ./Src/stm32l4xx_it.o
                0x0800149c                UsageFault_Handler
 .text.SVC_Handler
                0x080014a4        0xe ./Src/stm32l4xx_it.o
                0x080014a4                SVC_Handler
 .text.DebugMon_Handler
                0x080014b2        0xe ./Src/stm32l4xx_it.o
                0x080014b2                DebugMon_Handler
 .text.PendSV_Handler
                0x080014c0        0xe ./Src/stm32l4xx_it.o
                0x080014c0                PendSV_Handler
 .text.SysTick_Handler
                0x080014ce        0xc ./Src/stm32l4xx_it.o
                0x080014ce                SysTick_Handler
 *fill*         0x080014da        0x2 
 .text.SystemInit
                0x080014dc       0x24 ./Src/system_stm32l4xx.o
                0x080014dc                SystemInit
 .text.TIM2_IRQHandler
                0x08001500       0x54 ./Src/timer.o
                0x08001500                TIM2_IRQHandler
 .text.Reset_Handler
                0x08001554       0x50 ./Startup/startup_stm32l4a6zgtx.o
                0x08001554                Reset_Handler
 .text.Default_Handler
                0x080015a4        0x2 ./Startup/startup_stm32l4a6zgtx.o
                0x080015a4                RTC_Alarm_IRQHandler
                0x080015a4                HASH_RNG_IRQHandler
                0x080015a4                EXTI2_IRQHandler
                0x080015a4                TIM8_TRG_COM_IRQHandler
                0x080015a4                TIM8_CC_IRQHandler
                0x080015a4                TIM1_CC_IRQHandler
                0x080015a4                TSC_IRQHandler
                0x080015a4                TAMP_STAMP_IRQHandler
                0x080015a4                CAN2_RX1_IRQHandler
                0x080015a4                EXTI3_IRQHandler
                0x080015a4                LPTIM2_IRQHandler
                0x080015a4                DFSDM1_FLT1_IRQHandler
                0x080015a4                I2C3_ER_IRQHandler
                0x080015a4                DFSDM1_FLT2_IRQHandler
                0x080015a4                EXTI0_IRQHandler
                0x080015a4                I2C2_EV_IRQHandler
                0x080015a4                CAN1_RX0_IRQHandler
                0x080015a4                FPU_IRQHandler
                0x080015a4                TIM1_UP_TIM16_IRQHandler
                0x080015a4                CAN2_SCE_IRQHandler
                0x080015a4                ADC1_2_IRQHandler
                0x080015a4                SPI1_IRQHandler
                0x080015a4                TIM6_DAC_IRQHandler
                0x080015a4                DCMI_IRQHandler
                0x080015a4                CAN2_RX0_IRQHandler
                0x080015a4                TIM8_UP_IRQHandler
                0x080015a4                DMA2_Channel2_IRQHandler
                0x080015a4                DMA1_Channel4_IRQHandler
                0x080015a4                SAI2_IRQHandler
                0x080015a4                DFSDM1_FLT3_IRQHandler
                0x080015a4                USART3_IRQHandler
                0x080015a4                DMA1_Channel7_IRQHandler
                0x080015a4                CAN1_RX1_IRQHandler
                0x080015a4                LCD_IRQHandler
                0x080015a4                UART5_IRQHandler
                0x080015a4                ADC3_IRQHandler
                0x080015a4                TIM4_IRQHandler
                0x080015a4                DMA2_Channel1_IRQHandler
                0x080015a4                QUADSPI_IRQHandler
                0x080015a4                I2C1_EV_IRQHandler
                0x080015a4                DMA1_Channel6_IRQHandler
                0x080015a4                UART4_IRQHandler
                0x080015a4                DMA2_Channel4_IRQHandler
                0x080015a4                TIM3_IRQHandler
                0x080015a4                RCC_IRQHandler
                0x080015a4                DMA1_Channel1_IRQHandler
                0x080015a4                Default_Handler
                0x080015a4                DMA2_Channel7_IRQHandler
                0x080015a4                EXTI15_10_IRQHandler
                0x080015a4                TIM7_IRQHandler
                0x080015a4                SDMMC1_IRQHandler
                0x080015a4                CAN2_TX_IRQHandler
                0x080015a4                TIM5_IRQHandler
                0x080015a4                I2C3_EV_IRQHandler
                0x080015a4                EXTI9_5_IRQHandler
                0x080015a4                RTC_WKUP_IRQHandler
                0x080015a4                PVD_PVM_IRQHandler
                0x080015a4                SPI2_IRQHandler
                0x080015a4                CAN1_TX_IRQHandler
                0x080015a4                DMA2_Channel5_IRQHandler
                0x080015a4                CRS_IRQHandler
                0x080015a4                DMA1_Channel5_IRQHandler
                0x080015a4                EXTI4_IRQHandler
                0x080015a4                TIM1_TRG_COM_TIM17_IRQHandler
                0x080015a4                DMA1_Channel3_IRQHandler
                0x080015a4                COMP_IRQHandler
                0x080015a4                WWDG_IRQHandler
                0x080015a4                I2C4_EV_IRQHandler
                0x080015a4                LPUART1_IRQHandler
                0x080015a4                DMA2_Channel6_IRQHandler
                0x080015a4                DMA2D_IRQHandler
                0x080015a4                EXTI1_IRQHandler
                0x080015a4                AES_IRQHandler
                0x080015a4                USART2_IRQHandler
                0x080015a4                DFSDM1_FLT0_IRQHandler
                0x080015a4                I2C2_ER_IRQHandler
                0x080015a4                DMA1_Channel2_IRQHandler
                0x080015a4                TIM8_BRK_IRQHandler
                0x080015a4                CAN1_SCE_IRQHandler
                0x080015a4                FLASH_IRQHandler
                0x080015a4                USART1_IRQHandler
                0x080015a4                OTG_FS_IRQHandler
                0x080015a4                SPI3_IRQHandler
                0x080015a4                I2C1_ER_IRQHandler
                0x080015a4                FMC_IRQHandler
                0x080015a4                SWPMI1_IRQHandler
                0x080015a4                LPTIM1_IRQHandler
                0x080015a4                I2C4_ER_IRQHandler
                0x080015a4                SAI1_IRQHandler
                0x080015a4                DMA2_Channel3_IRQHandler
                0x080015a4                TIM1_BRK_TIM15_IRQHandler
 .text.memset   0x080015a6       0x10 /nix/store/cb7ani92advvicrayi9wp9v88clq3alv-stm32cubeide/plugins/com.st.stm32cube.ide.mcu.externaltools.gnu-tools-for-stm32.13.3.rel1.linux64_1.0.0.202410170706/tools/bin/../lib/gcc/arm-none-eabi/13.3.1/../../../../arm-none-eabi/lib/thumb/v7e-m+fp/hard/libc_nano.a(libc_a-memset.o)
                0x080015a6                memset
 *fill*         0x080015b6        0x2 
 .text.__libc_init_array
                0x080015b8       0x48 /nix/store/cb7ani92advvicrayi9wp9v88clq3alv-stm32cubeide/plugins/com.st.stm32cube.ide.mcu.externaltools.gnu-tools-for-stm32.13.3.rel1.linux64_1.0.0.202410170706/tools/bin/../lib/gcc/arm-none-eabi/13.3.1/../../../../arm-none-eabi/lib/thumb/v7e-m+fp/hard/libc_nano.a(libc_a-init.o)
                0x080015b8                __libc_init_array
 *(.glue_7)
 .glue_7        0x08001600        0x0 linker stubs
 *(.glue_7t)
 .glue_7t       0x08001600        0x0 linker stubs
 *(.eh_frame)
 .eh_frame      0x08001600        0x0 /nix/store/cb7ani92advvicrayi9wp9v88clq3alv-stm32cubeide/plugins/com.st.stm32cube.ide.mcu.externaltools.gnu-tools-for-stm32.13.3.rel1.linux64_1.0.0.202410170706/tools/bin/../lib/gcc/arm-none-eabi/13.3.1/thumb/v7e-m+fp/hard/crtbegin.o
 *(.init)
 .init          0x08001600        0x4 /nix/store/cb7ani92advvicrayi9wp9v88clq3alv-stm32cubeide/plugins/com.st.stm32cube.ide.mcu.externaltools.gnu-tools-for-stm32.13.3.rel1.linux64_1.0.0.202410170706/tools/bin/../lib/gcc/arm-none-eabi/13.3.1/thumb/v7e-m+fp/hard/crti.o
                0x08001600                _init
 .init          0x08001604        0x8 /nix/store/cb7ani92advvicrayi9wp9v88clq3alv-stm32cubeide/plugins/com.st.stm32cube.ide.mcu.externaltools.gnu-tools-for-stm32.13.3.rel1.linux64_1.0.0.202410170706/tools/bin/../lib/gcc/arm-none-eabi/13.3.1/thumb/v7e-m+fp/hard/crtn.o
 *(.fini)
 .fini          0x0800160c        0x4 /nix/store/cb7ani92advvicrayi9wp9v88clq3alv-stm32cubeide/plugins/com.st.stm32cube.ide.mcu.externaltools.gnu-tools-for-stm32.13.3.rel1.linux64_1.0.0.202410170706/tools/bin/../lib/gcc/arm-none-eabi/13.3.1/thumb/v7e-m+fp/hard/crti.o
                0x0800160c                _fini
 .fini          0x08001610        0x8 /nix/store/cb7ani92advvicrayi9wp9v88clq3alv-stm32cubeide/plugins/com.st.stm32cube.ide.mcu.externaltools.gnu-tools-for-stm32.13.3.rel1.linux64_1.0.0.202410170706/tools/bin/../lib/gcc/arm-none-eabi/13.3.1/thumb/v7e-m+fp/hard/crtn.o
                0x08001618                        . = ALIGN (0x4)
                0x08001618                        _etext = .

.vfp11_veneer   0x08001618        0x0
 .vfp11_veneer  0x08001618        0x0 linker stubs

.v4_bx          0x08001618        0x0
 .v4_bx         0x08001618        0x0 linker stubs

.iplt           0x08001618        0x0
 .iplt          0x08001618        0x0 /nix/store/cb7ani92advvicrayi9wp9v88clq3alv-stm32cubeide/plugins/com.st.stm32cube.ide.mcu.externaltools.gnu-tools-for-stm32.13.3.rel1.linux64_1.0.0.202410170706/tools/bin/../lib/gcc/arm-none-eabi/13.3.1/thumb/v7e-m+fp/hard/crtbegin.o

.rodata         0x08001618       0x40
                0x08001618                        . = ALIGN (0x4)
 *(.rodata)
 *(.rodata*)
 .rodata.AHBPrescTable
                0x08001618       0x10 ./Src/system_stm32l4xx.o
                0x08001618                AHBPrescTable
 .rodata.MSIRangeTable
                0x08001628       0x30 ./Src/system_stm32l4xx.o
                0x08001628                MSIRangeTable
                0x08001658                        . = ALIGN (0x4)

.ARM.extab      0x08001658        0x0
                0x08001658                        . = ALIGN (0x4)
 *(.ARM.extab* .gnu.linkonce.armextab.*)
                0x08001658                        . = ALIGN (0x4)

.ARM            0x08001658        0x0
                0x08001658                        . = ALIGN (0x4)
                0x08001658                        __exidx_start = .
 *(.ARM.exidx*)
                0x08001658                        __exidx_end = .
                0x08001658                        . = ALIGN (0x4)

.preinit_array  0x08001658        0x0
                0x08001658                        . = ALIGN (0x4)
                0x08001658                        PROVIDE (__preinit_array_start = .)
 *(.preinit_array*)
                0x08001658                        PROVIDE (__preinit_array_end = .)
                0x08001658                        . = ALIGN (0x4)

.init_array     0x08001658        0x4
                0x08001658                        . = ALIGN (0x4)
                0x08001658                        PROVIDE (__init_array_start = .)
 *(SORT_BY_NAME(.init_array.*))
 *(.init_array*)
 .init_array    0x08001658        0x4 /nix/store/cb7ani92advvicrayi9wp9v88clq3alv-stm32cubeide/plugins/com.st.stm32cube.ide.mcu.externaltools.gnu-tools-for-stm32.13.3.rel1.linux64_1.0.0.202410170706/tools/bin/../lib/gcc/arm-none-eabi/13.3.1/thumb/v7e-m+fp/hard/crtbegin.o
                0x0800165c                        PROVIDE (__init_array_end = .)
                0x0800165c                        . = ALIGN (0x4)

.fini_array     0x0800165c        0x4
                0x0800165c                        . = ALIGN (0x4)
                [!provide]                        PROVIDE (__fini_array_start = .)
 *(SORT_BY_NAME(.fini_array.*))
 *(.fini_array*)
 .fini_array    0x0800165c        0x4 /nix/store/cb7ani92advvicrayi9wp9v88clq3alv-stm32cubeide/plugins/com.st.stm32cube.ide.mcu.externaltools.gnu-tools-for-stm32.13.3.rel1.linux64_1.0.0.202410170706/tools/bin/../lib/gcc/arm-none-eabi/13.3.1/thumb/v7e-m+fp/hard/crtbegin.o
                [!provide]                        PROVIDE (__fini_array_end = .)
                0x08001660                        . = ALIGN (0x4)
                0x08001660                        _sidata = LOADADDR (.data)

.rel.dyn        0x08001660        0x0
 .rel.iplt      0x08001660        0x0 /nix/store/cb7ani92advvicrayi9wp9v88clq3alv-stm32cubeide/plugins/com.st.stm32cube.ide.mcu.externaltools.gnu-tools-for-stm32.13.3.rel1.linux64_1.0.0.202410170706/tools/bin/../lib/gcc/arm-none-eabi/13.3.1/thumb/v7e-m+fp/hard/crtbegin.o

.data           0x20000000        0xc load address 0x08001660
                0x20000000                        . = ALIGN (0x4)
                0x20000000                        _sdata = .
 *(.data)
 *(.data*)
 .data.uwTickPrio
                0x20000000        0x4 ./Drivers/STM32L4xx_HAL_Driver/Src/stm32l4xx_hal.o
                0x20000000                uwTickPrio
 .data.uwTickFreq
                0x20000004        0x1 ./Drivers/STM32L4xx_HAL_Driver/Src/stm32l4xx_hal.o
                0x20000004                uwTickFreq
 *fill*         0x20000005        0x3 
 .data.SystemCoreClock
                0x20000008        0x4 ./Src/system_stm32l4xx.o
                0x20000008                SystemCoreClock
 *(.RamFunc)
 *(.RamFunc*)
                0x2000000c                        . = ALIGN (0x4)
                0x2000000c                        _edata = .

.igot.plt       0x2000000c        0x0 load address 0x0800166c
 .igot.plt      0x2000000c        0x0 /nix/store/cb7ani92advvicrayi9wp9v88clq3alv-stm32cubeide/plugins/com.st.stm32cube.ide.mcu.externaltools.gnu-tools-for-stm32.13.3.rel1.linux64_1.0.0.202410170706/tools/bin/../lib/gcc/arm-none-eabi/13.3.1/thumb/v7e-m+fp/hard/crtbegin.o
                0x2000000c                        . = ALIGN (0x4)

.bss            0x2000000c       0x24 load address 0x0800166c
                0x2000000c                        _sbss = .
                0x2000000c                        __bss_start__ = _sbss
 *(.bss)
 .bss           0x2000000c       0x1c /nix/store/cb7ani92advvicrayi9wp9v88clq3alv-stm32cubeide/plugins/com.st.stm32cube.ide.mcu.externaltools.gnu-tools-for-stm32.13.3.rel1.linux64_1.0.0.202410170706/tools/bin/../lib/gcc/arm-none-eabi/13.3.1/thumb/v7e-m+fp/hard/crtbegin.o
 *(.bss*)
 .bss.uwTick    0x20000028        0x4 ./Drivers/STM32L4xx_HAL_Driver/Src/stm32l4xx_hal.o
                0x20000028                uwTick
 .bss.interruptFlag
                0x2000002c        0x1 ./Src/timer.o
                0x2000002c                interruptFlag
 *(COMMON)
                0x20000030                        . = ALIGN (0x4)
 *fill*         0x2000002d        0x3 
                0x20000030                        _ebss = .
                0x20000030                        __bss_end__ = _ebss

._user_heap_stack
                0x20000030      0x600 load address 0x0800166c
                0x20000030                        . = ALIGN (0x8)
                [!provide]                        PROVIDE (end = .)
                0x20000030                        PROVIDE (_end = .)
                0x20000230                        . = (. + _Min_Heap_Size)
 *fill*         0x20000030      0x200 
                0x20000630                        . = (. + _Min_Stack_Size)
 *fill*         0x20000230      0x400 
                0x20000630                        . = ALIGN (0x8)

/DISCARD/
 libc.a(*)
 libm.a(*)
 libgcc.a(*)

.ARM.attributes
                0x00000000       0x30
 *(.ARM.attributes)
 .ARM.attributes
                0x00000000       0x22 /nix/store/cb7ani92advvicrayi9wp9v88clq3alv-stm32cubeide/plugins/com.st.stm32cube.ide.mcu.externaltools.gnu-tools-for-stm32.13.3.rel1.linux64_1.0.0.202410170706/tools/bin/../lib/gcc/arm-none-eabi/13.3.1/thumb/v7e-m+fp/hard/crti.o
 .ARM.attributes
                0x00000022       0x34 /nix/store/cb7ani92advvicrayi9wp9v88clq3alv-stm32cubeide/plugins/com.st.stm32cube.ide.mcu.externaltools.gnu-tools-for-stm32.13.3.rel1.linux64_1.0.0.202410170706/tools/bin/../lib/gcc/arm-none-eabi/13.3.1/thumb/v7e-m+fp/hard/crtbegin.o
 .ARM.attributes
                0x00000056       0x34 ./Drivers/STM32L4xx_HAL_Driver/Src/stm32l4xx_hal.o
 .ARM.attributes
                0x0000008a       0x34 ./Drivers/STM32L4xx_HAL_Driver/Src/stm32l4xx_hal_cortex.o
 .ARM.attributes
                0x000000be       0x34 ./Drivers/STM32L4xx_HAL_Driver/Src/stm32l4xx_hal_pwr_ex.o
 .ARM.attributes
                0x000000f2       0x34 ./Drivers/STM32L4xx_HAL_Driver/Src/stm32l4xx_hal_rcc.o
 .ARM.attributes
                0x00000126       0x34 ./Src/main.o
 .ARM.attributes
                0x0000015a       0x34 ./Src/stm32l4xx_hal_msp.o
 .ARM.attributes
                0x0000018e       0x34 ./Src/stm32l4xx_it.o
 .ARM.attributes
                0x000001c2       0x34 ./Src/system_stm32l4xx.o
 .ARM.attributes
                0x000001f6       0x34 ./Src/timer.o
 .ARM.attributes
                0x0000022a       0x21 ./Startup/startup_stm32l4a6zgtx.o
 .ARM.attributes
                0x0000024b       0x34 /nix/store/cb7ani92advvicrayi9wp9v88clq3alv-stm32cubeide/plugins/com.st.stm32cube.ide.mcu.externaltools.gnu-tools-for-stm32.13.3.rel1.linux64_1.0.0.202410170706/tools/bin/../lib/gcc/arm-none-eabi/13.3.1/../../../../arm-none-eabi/lib/thumb/v7e-m+fp/hard/libc_nano.a(libc_a-memset.o)
 .ARM.attributes
                0x0000027f       0x34 /nix/store/cb7ani92advvicrayi9wp9v88clq3alv-stm32cubeide/plugins/com.st.stm32cube.ide.mcu.externaltools.gnu-tools-for-stm32.13.3.rel1.linux64_1.0.0.202410170706/tools/bin/../lib/gcc/arm-none-eabi/13.3.1/../../../../arm-none-eabi/lib/thumb/v7e-m+fp/hard/libc_nano.a(libc_a-init.o)
 .ARM.attributes
                0x000002b3       0x22 /nix/store/cb7ani92advvicrayi9wp9v88clq3alv-stm32cubeide/plugins/com.st.stm32cube.ide.mcu.externaltools.gnu-tools-for-stm32.13.3.rel1.linux64_1.0.0.202410170706/tools/bin/../lib/gcc/arm-none-eabi/13.3.1/thumb/v7e-m+fp/hard/crtn.o
OUTPUT(example.elf elf32-littlearm)
LOAD linker stubs
LOAD /nix/store/cb7ani92advvicrayi9wp9v88clq3alv-stm32cubeide/plugins/com.st.stm32cube.ide.mcu.externaltools.gnu-tools-for-stm32.13.3.rel1.linux64_1.0.0.202410170706/tools/bin/../lib/gcc/arm-none-eabi/13.3.1/../../../../arm-none-eabi/lib/thumb/v7e-m+fp/hard/libc.a
LOAD /nix/store/cb7ani92advvicrayi9wp9v88clq3alv-stm32cubeide/plugins/com.st.stm32cube.ide.mcu.externaltools.gnu-tools-for-stm32.13.3.rel1.linux64_1.0.0.202410170706/tools/bin/../lib/gcc/arm-none-eabi/13.3.1/../../../../arm-none-eabi/lib/thumb/v7e-m+fp/hard/libm.a
LOAD /nix/store/cb7ani92advvicrayi9wp9v88clq3alv-stm32cubeide/plugins/com.st.stm32cube.ide.mcu.externaltools.gnu-tools-for-stm32.13.3.rel1.linux64_1.0.0.202410170706/tools/bin/../lib/gcc/arm-none-eabi/13.3.1/thumb/v7e-m+fp/hard/libgcc.a

.debug_info     0x00000000     0x47e2
 .debug_info    0x00000000      0xb51 ./Drivers/STM32L4xx_HAL_Driver/Src/stm32l4xx_hal.o
 .debug_info    0x00000b51      0xdbd ./Drivers/STM32L4xx_HAL_Driver/Src/stm32l4xx_hal_cortex.o
 .debug_info    0x0000190e      0x996 ./Drivers/STM32L4xx_HAL_Driver/Src/stm32l4xx_hal_pwr_ex.o
 .debug_info    0x000022a4      0xc3b ./Drivers/STM32L4xx_HAL_Driver/Src/stm32l4xx_hal_rcc.o
 .debug_info    0x00002edf      0x6c4 ./Src/main.o
 .debug_info    0x000035a3      0x2d1 ./Src/stm32l4xx_hal_msp.o
 .debug_info    0x00003874      0x113 ./Src/stm32l4xx_it.o
 .debug_info    0x00003987      0x5cd ./Src/system_stm32l4xx.o
 .debug_info    0x00003f54      0x85e ./Src/timer.o
 .debug_info    0x000047b2       0x30 ./Startup/startup_stm32l4a6zgtx.o

.debug_abbrev   0x00000000     0x103c
 .debug_abbrev  0x00000000      0x242 ./Drivers/STM32L4xx_HAL_Driver/Src/stm32l4xx_hal.o
 .debug_abbrev  0x00000242      0x31c ./Drivers/STM32L4xx_HAL_Driver/Src/stm32l4xx_hal_cortex.o
 .debug_abbrev  0x0000055e      0x1f9 ./Drivers/STM32L4xx_HAL_Driver/Src/stm32l4xx_hal_pwr_ex.o
 .debug_abbrev  0x00000757      0x2cb ./Drivers/STM32L4xx_HAL_Driver/Src/stm32l4xx_hal_rcc.o
 .debug_abbrev  0x00000a22      0x215 ./Src/main.o
 .debug_abbrev  0x00000c37       0xc6 ./Src/stm32l4xx_hal_msp.o
 .debug_abbrev  0x00000cfd       0x73 ./Src/stm32l4xx_it.o
 .debug_abbrev  0x00000d70      0x11a ./Src/system_stm32l4xx.o
 .debug_abbrev  0x00000e8a      0x18e ./Src/timer.o
 .debug_abbrev  0x00001018       0x24 ./Startup/startup_stm32l4a6zgtx.o

.debug_aranges  0x00000000      0x588
 .debug_aranges
                0x00000000      0x130 ./Drivers/STM32L4xx_HAL_Driver/Src/stm32l4xx_hal.o
 .debug_aranges
                0x00000130      0x128 ./Drivers/STM32L4xx_HAL_Driver/Src/stm32l4xx_hal_cortex.o
 .debug_aranges
                0x00000258      0x150 ./Drivers/STM32L4xx_HAL_Driver/Src/stm32l4xx_hal_pwr_ex.o
 .debug_aranges
                0x000003a8       0x90 ./Drivers/STM32L4xx_HAL_Driver/Src/stm32l4xx_hal_rcc.o
 .debug_aranges
                0x00000438       0x50 ./Src/main.o
 .debug_aranges
                0x00000488       0x20 ./Src/stm32l4xx_hal_msp.o
 .debug_aranges
                0x000004a8       0x60 ./Src/stm32l4xx_it.o
 .debug_aranges
                0x00000508       0x28 ./Src/system_stm32l4xx.o
 .debug_aranges
                0x00000530       0x30 ./Src/timer.o
 .debug_aranges
                0x00000560       0x28 ./Startup/startup_stm32l4a6zgtx.o

.debug_rnglists
                0x00000000      0x406
 .debug_rnglists
                0x00000000       0xdf ./Drivers/STM32L4xx_HAL_Driver/Src/stm32l4xx_hal.o
 .debug_rnglists
                0x000000df       0xda ./Drivers/STM32L4xx_HAL_Driver/Src/stm32l4xx_hal_cortex.o
 .debug_rnglists
                0x000001b9       0xfd ./Drivers/STM32L4xx_HAL_Driver/Src/stm32l4xx_hal_pwr_ex.o
 .debug_rnglists
                0x000002b6       0x6d ./Drivers/STM32L4xx_HAL_Driver/Src/stm32l4xx_hal_rcc.o
 .debug_rnglists
                0x00000323       0x3b ./Src/main.o
 .debug_rnglists
                0x0000035e       0x13 ./Src/stm32l4xx_hal_msp.o
 .debug_rnglists
                0x00000371       0x43 ./Src/stm32l4xx_it.o
 .debug_rnglists
                0x000003b4       0x1a ./Src/system_stm32l4xx.o
 .debug_rnglists
                0x000003ce       0x1f ./Src/timer.o
 .debug_rnglists
                0x000003ed       0x19 ./Startup/startup_stm32l4a6zgtx.o

.debug_macro    0x00000000    0x27056
 .debug_macro   0x00000000      0x1e6 ./Drivers/STM32L4xx_HAL_Driver/Src/stm32l4xx_hal.o
 .debug_macro   0x000001e6      0xad8 ./Drivers/STM32L4xx_HAL_Driver/Src/stm32l4xx_hal.o
 .debug_macro   0x00000cbe      0x19b ./Drivers/STM32L4xx_HAL_Driver/Src/stm32l4xx_hal.o
 .debug_macro   0x00000e59       0x2e ./Drivers/STM32L4xx_HAL_Driver/Src/stm32l4xx_hal.o
 .debug_macro   0x00000e87       0x28 ./Drivers/STM32L4xx_HAL_Driver/Src/stm32l4xx_hal.o
 .debug_macro   0x00000eaf       0x22 ./Drivers/STM32L4xx_HAL_Driver/Src/stm32l4xx_hal.o
 .debug_macro   0x00000ed1       0x8e ./Drivers/STM32L4xx_HAL_Driver/Src/stm32l4xx_hal.o
 .debug_macro   0x00000f5f       0x51 ./Drivers/STM32L4xx_HAL_Driver/Src/stm32l4xx_hal.o
 .debug_macro   0x00000fb0      0x103 ./Drivers/STM32L4xx_HAL_Driver/Src/stm32l4xx_hal.o
 .debug_macro   0x000010b3       0x6a ./Drivers/STM32L4xx_HAL_Driver/Src/stm32l4xx_hal.o
 .debug_macro   0x0000111d      0x1df ./Drivers/STM32L4xx_HAL_Driver/Src/stm32l4xx_hal.o
 .debug_macro   0x000012fc       0x1c ./Drivers/STM32L4xx_HAL_Driver/Src/stm32l4xx_hal.o
 .debug_macro   0x00001318       0x22 ./Drivers/STM32L4xx_HAL_Driver/Src/stm32l4xx_hal.o
 .debug_macro   0x0000133a       0xfb ./Drivers/STM32L4xx_HAL_Driver/Src/stm32l4xx_hal.o
 .debug_macro   0x00001435     0x1011 ./Drivers/STM32L4xx_HAL_Driver/Src/stm32l4xx_hal.o
 .debug_macro   0x00002446      0x11f ./Drivers/STM32L4xx_HAL_Driver/Src/stm32l4xx_hal.o
 .debug_macro   0x00002565    0x1c8c1 ./Drivers/STM32L4xx_HAL_Driver/Src/stm32l4xx_hal.o
 .debug_macro   0x0001ee26       0x6d ./Drivers/STM32L4xx_HAL_Driver/Src/stm32l4xx_hal.o
 .debug_macro   0x0001ee93     0x38fb ./Drivers/STM32L4xx_HAL_Driver/Src/stm32l4xx_hal.o
 .debug_macro   0x0002278e      0x190 ./Drivers/STM32L4xx_HAL_Driver/Src/stm32l4xx_hal.o
 .debug_macro   0x0002291e       0x5c ./Drivers/STM32L4xx_HAL_Driver/Src/stm32l4xx_hal.o
 .debug_macro   0x0002297a     0x1909 ./Drivers/STM32L4xx_HAL_Driver/Src/stm32l4xx_hal.o
 .debug_macro   0x00024283      0x773 ./Drivers/STM32L4xx_HAL_Driver/Src/stm32l4xx_hal.o
 .debug_macro   0x000249f6      0x1b9 ./Drivers/STM32L4xx_HAL_Driver/Src/stm32l4xx_hal.o
 .debug_macro   0x00024baf      0x202 ./Drivers/STM32L4xx_HAL_Driver/Src/stm32l4xx_hal.o
 .debug_macro   0x00024db1      0x26b ./Drivers/STM32L4xx_HAL_Driver/Src/stm32l4xx_hal.o
 .debug_macro   0x0002501c      0x23d ./Drivers/STM32L4xx_HAL_Driver/Src/stm32l4xx_hal.o
 .debug_macro   0x00025259      0x241 ./Drivers/STM32L4xx_HAL_Driver/Src/stm32l4xx_hal.o
 .debug_macro   0x0002549a      0x3ad ./Drivers/STM32L4xx_HAL_Driver/Src/stm32l4xx_hal.o
 .debug_macro   0x00025847       0xe4 ./Drivers/STM32L4xx_HAL_Driver/Src/stm32l4xx_hal.o
 .debug_macro   0x0002592b      0x122 ./Drivers/STM32L4xx_HAL_Driver/Src/stm32l4xx_hal.o
 .debug_macro   0x00025a4d      0x3ef ./Drivers/STM32L4xx_HAL_Driver/Src/stm32l4xx_hal.o
 .debug_macro   0x00025e3c      0x433 ./Drivers/STM32L4xx_HAL_Driver/Src/stm32l4xx_hal.o
 .debug_macro   0x0002626f      0x198 ./Drivers/STM32L4xx_HAL_Driver/Src/stm32l4xx_hal_cortex.o
 .debug_macro   0x00026407      0x1c2 ./Drivers/STM32L4xx_HAL_Driver/Src/stm32l4xx_hal_pwr_ex.o
 .debug_macro   0x000265c9      0x1da ./Drivers/STM32L4xx_HAL_Driver/Src/stm32l4xx_hal_rcc.o
 .debug_macro   0x000267a3      0x1c9 ./Src/main.o
 .debug_macro   0x0002696c       0x10 ./Src/main.o
 .debug_macro   0x0002697c      0x1b1 ./Src/stm32l4xx_hal_msp.o
 .debug_macro   0x00026b2d      0x1b5 ./Src/stm32l4xx_it.o
 .debug_macro   0x00026ce2      0x198 ./Src/system_stm32l4xx.o
 .debug_macro   0x00026e7a      0x1ba ./Src/timer.o
 .debug_macro   0x00027034       0x22 ./Src/timer.o

.debug_line     0x00000000     0x5974
 .debug_line    0x00000000      0xa9d ./Drivers/STM32L4xx_HAL_Driver/Src/stm32l4xx_hal.o
 .debug_line    0x00000a9d      0xc38 ./Drivers/STM32L4xx_HAL_Driver/Src/stm32l4xx_hal_cortex.o
 .debug_line    0x000016d5      0xc59 ./Drivers/STM32L4xx_HAL_Driver/Src/stm32l4xx_hal_pwr_ex.o
 .debug_line    0x0000232e     0x104a ./Drivers/STM32L4xx_HAL_Driver/Src/stm32l4xx_hal_rcc.o
 .debug_line    0x00003378      0x942 ./Src/main.o
 .debug_line    0x00003cba      0x6a4 ./Src/stm32l4xx_hal_msp.o
 .debug_line    0x0000435e      0x741 ./Src/stm32l4xx_it.o
 .debug_line    0x00004a9f      0x730 ./Src/system_stm32l4xx.o
 .debug_line    0x000051cf      0x72b ./Src/timer.o
 .debug_line    0x000058fa       0x7a ./Startup/startup_stm32l4a6zgtx.o

.debug_str      0x00000000    0xee807
 .debug_str     0x00000000    0xee807 ./Drivers/STM32L4xx_HAL_Driver/Src/stm32l4xx_hal.o
                              0xed9dd (size before relaxing)
 .debug_str     0x000ee807    0xed6b0 ./Drivers/STM32L4xx_HAL_Driver/Src/stm32l4xx_hal_cortex.o
 .debug_str     0x000ee807    0xed316 ./Drivers/STM32L4xx_HAL_Driver/Src/stm32l4xx_hal_pwr_ex.o
 .debug_str     0x000ee807    0xed414 ./Drivers/STM32L4xx_HAL_Driver/Src/stm32l4xx_hal_rcc.o
 .debug_str     0x000ee807    0xed028 ./Src/main.o
 .debug_str     0x000ee807    0xecd31 ./Src/stm32l4xx_hal_msp.o
 .debug_str     0x000ee807    0xecc4b ./Src/stm32l4xx_it.o
 .debug_str     0x000ee807    0xecdc2 ./Src/system_stm32l4xx.o
 .debug_str     0x000ee807    0xed39f ./Src/timer.o
 .debug_str     0x000ee807       0x76 ./Startup/startup_stm32l4a6zgtx.o

.comment        0x00000000       0x43
 .comment       0x00000000       0x43 ./Drivers/STM32L4xx_HAL_Driver/Src/stm32l4xx_hal.o
                                 0x44 (size before relaxing)
 .comment       0x00000043       0x44 ./Drivers/STM32L4xx_HAL_Driver/Src/stm32l4xx_hal_cortex.o
 .comment       0x00000043       0x44 ./Drivers/STM32L4xx_HAL_Driver/Src/stm32l4xx_hal_pwr_ex.o
 .comment       0x00000043       0x44 ./Drivers/STM32L4xx_HAL_Driver/Src/stm32l4xx_hal_rcc.o
 .comment       0x00000043       0x44 ./Src/main.o
 .comment       0x00000043       0x44 ./Src/stm32l4xx_hal_msp.o
 .comment       0x00000043       0x44 ./Src/stm32l4xx_it.o
 .comment       0x00000043       0x44 ./Src/system_stm32l4xx.o
 .comment       0x00000043       0x44 ./Src/timer.o

.debug_frame    0x00000000     0x1430
 .debug_frame   0x00000000      0x498 ./Drivers/STM32L4xx_HAL_Driver/Src/stm32l4xx_hal.o
 .debug_frame   0x00000498      0x4e8 ./Drivers/STM32L4xx_HAL_Driver/Src/stm32l4xx_hal_cortex.o
 .debug_frame   0x00000980      0x544 ./Drivers/STM32L4xx_HAL_Driver/Src/stm32l4xx_hal_pwr_ex.o
 .debug_frame   0x00000ec4      0x21c ./Drivers/STM32L4xx_HAL_Driver/Src/stm32l4xx_hal_rcc.o
 .debug_frame   0x000010e0       0xf8 ./Src/main.o
 .debug_frame   0x000011d8       0x38 ./Src/stm32l4xx_hal_msp.o
 .debug_frame   0x00001210      0x104 ./Src/stm32l4xx_it.o
 .debug_frame   0x00001314       0x58 ./Src/system_stm32l4xx.o
 .debug_frame   0x0000136c       0x78 ./Src/timer.o
 .debug_frame   0x000013e4       0x20 /nix/store/cb7ani92advvicrayi9wp9v88clq3alv-stm32cubeide/plugins/com.st.stm32cube.ide.mcu.externaltools.gnu-tools-for-stm32.13.3.rel1.linux64_1.0.0.202410170706/tools/bin/../lib/gcc/arm-none-eabi/13.3.1/../../../../arm-none-eabi/lib/thumb/v7e-m+fp/hard/libc_nano.a(libc_a-memset.o)
 .debug_frame   0x00001404       0x2c /nix/store/cb7ani92advvicrayi9wp9v88clq3alv-stm32cubeide/plugins/com.st.stm32cube.ide.mcu.externaltools.gnu-tools-for-stm32.13.3.rel1.linux64_1.0.0.202410170706/tools/bin/../lib/gcc/arm-none-eabi/13.3.1/../../../../arm-none-eabi/lib/thumb/v7e-m+fp/hard/libc_nano.a(libc_a-init.o)

.debug_line_str
                0x00000000       0x5a
 .debug_line_str
                0x00000000       0x5a ./Startup/startup_stm32l4a6zgtx.o
