Archive member included to satisfy reference by file (symbol)

/nix/store/cb7ani92advvicrayi9wp9v88clq3alv-stm32cubeide/plugins/com.st.stm32cube.ide.mcu.externaltools.gnu-tools-for-stm32.13.3.rel1.linux64_1.0.0.202410170706/tools/bin/../lib/gcc/arm-none-eabi/13.3.1/../../../../arm-none-eabi/lib/thumb/v7e-m+fp/hard/libc_nano.a(libc_a-exit.o)
                              /nix/store/cb7ani92advvicrayi9wp9v88clq3alv-stm32cubeide/plugins/com.st.stm32cube.ide.mcu.externaltools.gnu-tools-for-stm32.13.3.rel1.linux64_1.0.0.202410170706/tools/bin/../lib/gcc/arm-none-eabi/13.3.1/../../../../arm-none-eabi/lib/thumb/v7e-m+fp/hard/crt0.o (exit)
/nix/store/cb7ani92advvicrayi9wp9v88clq3alv-stm32cubeide/plugins/com.st.stm32cube.ide.mcu.externaltools.gnu-tools-for-stm32.13.3.rel1.linux64_1.0.0.202410170706/tools/bin/../lib/gcc/arm-none-eabi/13.3.1/../../../../arm-none-eabi/lib/thumb/v7e-m+fp/hard/libc_nano.a(libc_a-malloc.o)
                              ./Core/Src/main.o (malloc)
/nix/store/cb7ani92advvicrayi9wp9v88clq3alv-stm32cubeide/plugins/com.st.stm32cube.ide.mcu.externaltools.gnu-tools-for-stm32.13.3.rel1.linux64_1.0.0.202410170706/tools/bin/../lib/gcc/arm-none-eabi/13.3.1/../../../../arm-none-eabi/lib/thumb/v7e-m+fp/hard/libc_nano.a(libc_a-mallocr.o)
                              /nix/store/cb7ani92advvicrayi9wp9v88clq3alv-stm32cubeide/plugins/com.st.stm32cube.ide.mcu.externaltools.gnu-tools-for-stm32.13.3.rel1.linux64_1.0.0.202410170706/tools/bin/../lib/gcc/arm-none-eabi/13.3.1/../../../../arm-none-eabi/lib/thumb/v7e-m+fp/hard/libc_nano.a(libc_a-malloc.o) (_malloc_r)
/nix/store/cb7ani92advvicrayi9wp9v88clq3alv-stm32cubeide/plugins/com.st.stm32cube.ide.mcu.externaltools.gnu-tools-for-stm32.13.3.rel1.linux64_1.0.0.202410170706/tools/bin/../lib/gcc/arm-none-eabi/13.3.1/../../../../arm-none-eabi/lib/thumb/v7e-m+fp/hard/libc_nano.a(libc_a-mlock.o)
                              /nix/store/cb7ani92advvicrayi9wp9v88clq3alv-stm32cubeide/plugins/com.st.stm32cube.ide.mcu.externaltools.gnu-tools-for-stm32.13.3.rel1.linux64_1.0.0.202410170706/tools/bin/../lib/gcc/arm-none-eabi/13.3.1/../../../../arm-none-eabi/lib/thumb/v7e-m+fp/hard/libc_nano.a(libc_a-mallocr.o) (__malloc_lock)
/nix/store/cb7ani92advvicrayi9wp9v88clq3alv-stm32cubeide/plugins/com.st.stm32cube.ide.mcu.externaltools.gnu-tools-for-stm32.13.3.rel1.linux64_1.0.0.202410170706/tools/bin/../lib/gcc/arm-none-eabi/13.3.1/../../../../arm-none-eabi/lib/thumb/v7e-m+fp/hard/libc_nano.a(libc_a-findfp.o)
                              /nix/store/cb7ani92advvicrayi9wp9v88clq3alv-stm32cubeide/plugins/com.st.stm32cube.ide.mcu.externaltools.gnu-tools-for-stm32.13.3.rel1.linux64_1.0.0.202410170706/tools/bin/../lib/gcc/arm-none-eabi/13.3.1/../../../../arm-none-eabi/lib/thumb/v7e-m+fp/hard/libc_nano.a(libc_a-exit.o) (__stdio_exit_handler)
/nix/store/cb7ani92advvicrayi9wp9v88clq3alv-stm32cubeide/plugins/com.st.stm32cube.ide.mcu.externaltools.gnu-tools-for-stm32.13.3.rel1.linux64_1.0.0.202410170706/tools/bin/../lib/gcc/arm-none-eabi/13.3.1/../../../../arm-none-eabi/lib/thumb/v7e-m+fp/hard/libc_nano.a(libc_a-fwalk.o)
                              /nix/store/cb7ani92advvicrayi9wp9v88clq3alv-stm32cubeide/plugins/com.st.stm32cube.ide.mcu.externaltools.gnu-tools-for-stm32.13.3.rel1.linux64_1.0.0.202410170706/tools/bin/../lib/gcc/arm-none-eabi/13.3.1/../../../../arm-none-eabi/lib/thumb/v7e-m+fp/hard/libc_nano.a(libc_a-findfp.o) (_fwalk_sglue)
/nix/store/cb7ani92advvicrayi9wp9v88clq3alv-stm32cubeide/plugins/com.st.stm32cube.ide.mcu.externaltools.gnu-tools-for-stm32.13.3.rel1.linux64_1.0.0.202410170706/tools/bin/../lib/gcc/arm-none-eabi/13.3.1/../../../../arm-none-eabi/lib/thumb/v7e-m+fp/hard/libc_nano.a(libc_a-stdio.o)
                              /nix/store/cb7ani92advvicrayi9wp9v88clq3alv-stm32cubeide/plugins/com.st.stm32cube.ide.mcu.externaltools.gnu-tools-for-stm32.13.3.rel1.linux64_1.0.0.202410170706/tools/bin/../lib/gcc/arm-none-eabi/13.3.1/../../../../arm-none-eabi/lib/thumb/v7e-m+fp/hard/libc_nano.a(libc_a-findfp.o) (__sread)
/nix/store/cb7ani92advvicrayi9wp9v88clq3alv-stm32cubeide/plugins/com.st.stm32cube.ide.mcu.externaltools.gnu-tools-for-stm32.13.3.rel1.linux64_1.0.0.202410170706/tools/bin/../lib/gcc/arm-none-eabi/13.3.1/../../../../arm-none-eabi/lib/thumb/v7e-m+fp/hard/libc_nano.a(libc_a-memset.o)
                              /nix/store/cb7ani92advvicrayi9wp9v88clq3alv-stm32cubeide/plugins/com.st.stm32cube.ide.mcu.externaltools.gnu-tools-for-stm32.13.3.rel1.linux64_1.0.0.202410170706/tools/bin/../lib/gcc/arm-none-eabi/13.3.1/../../../../arm-none-eabi/lib/thumb/v7e-m+fp/hard/crt0.o (memset)
/nix/store/cb7ani92advvicrayi9wp9v88clq3alv-stm32cubeide/plugins/com.st.stm32cube.ide.mcu.externaltools.gnu-tools-for-stm32.13.3.rel1.linux64_1.0.0.202410170706/tools/bin/../lib/gcc/arm-none-eabi/13.3.1/../../../../arm-none-eabi/lib/thumb/v7e-m+fp/hard/libc_nano.a(libc_a-closer.o)
[...]
Memory Configuration

Name             Origin             Length             Attributes
RAM              0x20000000         0x00050000         xrw
RAM2             0x10000000         0x00010000         xrw
FLASH            0x08000000         0x00100000         xr
*default*        0x00000000         0xffffffff

Linker script and memory map

LOAD /nix/store/cb7ani92advvicrayi9wp9v88clq3alv-stm32cubeide/plugins/com.st.stm32cube.ide.mcu.externaltools.gnu-tools-for-stm32.13.3.rel1.linux64_1.0.0.202410170706/tools/bin/../lib/gcc/arm-none-eabi/13.3.1/thumb/v7e-m+fp/hard/crti.o
LOAD /nix/store/cb7ani92advvicrayi9wp9v88clq3alv-stm32cubeide/plugins/com.st.stm32cube.ide.mcu.externaltools.gnu-tools-for-stm32.13.3.rel1.linux64_1.0.0.202410170706/tools/bin/../lib/gcc/arm-none-eabi/13.3.1/thumb/v7e-m+fp/hard/crtbegin.o
LOAD /nix/store/cb7ani92advvicrayi9wp9v88clq3alv-stm32cubeide/plugins/com.st.stm32cube.ide.mcu.externaltools.gnu-tools-for-stm32.13.3.rel1.linux64_1.0.0.202410170706/tools/bin/../lib/gcc/arm-none-eabi/13.3.1/../../../../arm-none-eabi/lib/thumb/v7e-m+fp/hard/crt0.o
LOAD ./Core/Src/DAC.o
LOAD ./Core/Src/filter_util.o
LOAD ./Core/Src/filters.o
LOAD ./Core/Src/main.o
LOAD ./Core/Src/stm32l4xx_hal_msp.o
LOAD ./Core/Src/stm32l4xx_it.o
LOAD ./Core/Src/syscalls.o
LOAD ./Core/Src/sysmem.o
LOAD ./Core/Src/system_stm32l4xx.o
LOAD ./Core/Src/timer.o
LOAD ./Core/Startup/startup_stm32l4a6zgtx.o
LOAD ./Drivers/STM32L4xx_HAL_Driver/Src/stm32l4xx_hal.o
LOAD ./Drivers/STM32L4xx_HAL_Driver/Src/stm32l4xx_hal_cortex.o
LOAD ./Drivers/STM32L4xx_HAL_Driver/Src/stm32l4xx_hal_dma.o
LOAD ./Drivers/STM32L4xx_HAL_Driver/Src/stm32l4xx_hal_dma_ex.o
LOAD ./Drivers/STM32L4xx_HAL_Driver/Src/stm32l4xx_hal_exti.o
LOAD ./Drivers/STM32L4xx_HAL_Driver/Src/stm32l4xx_hal_flash.o
LOAD ./Drivers/STM32L4xx_HAL_Driver/Src/stm32l4xx_hal_flash_ex.o
LOAD ./Drivers/STM32L4xx_HAL_Driver/Src/stm32l4xx_hal_flash_ramfunc.o
LOAD ./Drivers/STM32L4xx_HAL_Driver/Src/stm32l4xx_hal_gpio.o
LOAD ./Drivers/STM32L4xx_HAL_Driver/Src/stm32l4xx_hal_i2c.o
LOAD ./Drivers/STM32L4xx_HAL_Driver/Src/stm32l4xx_hal_i2c_ex.o
LOAD ./Drivers/STM32L4xx_HAL_Driver/Src/stm32l4xx_hal_pwr.o
LOAD ./Drivers/STM32L4xx_HAL_Driver/Src/stm32l4xx_hal_pwr_ex.o
LOAD ./Drivers/STM32L4xx_HAL_Driver/Src/stm32l4xx_hal_rcc.o
LOAD ./Drivers/STM32L4xx_HAL_Driver/Src/stm32l4xx_hal_rcc_ex.o
START GROUP
LOAD /nix/store/cb7ani92advvicrayi9wp9v88clq3alv-stm32cubeide/plugins/com.st.stm32cube.ide.mcu.externaltools.gnu-tools-for-stm32.13.3.rel1.linux64_1.0.0.202410170706/tools/bin/../lib/gcc/arm-none-eabi/13.3.1/../../../../arm-none-eabi/lib/thumb/v7e-m+fp/hard/libc_nano.a
LOAD /nix/store/cb7ani92advvicrayi9wp9v88clq3alv-stm32cubeide/plugins/com.st.stm32cube.ide.mcu.externaltools.gnu-tools-for-stm32.13.3.rel1.linux64_1.0.0.202410170706/tools/bin/../lib/gcc/arm-none-eabi/13.3.1/../../../../arm-none-eabi/lib/thumb/v7e-m+fp/hard/libm.a
END GROUP
START GROUP
LOAD /nix/store/cb7ani92advvicrayi9wp9v88clq3alv-stm32cubeide/plugins/com.st.stm32cube.ide.mcu.externaltools.gnu-tools-for-stm32.13.3.rel1.linux64_1.0.0.202410170706/tools/bin/../lib/gcc/arm-none-eabi/13.3.1/thumb/v7e-m+fp/hard/libgcc.a
LOAD /nix/store/cb7ani92advvicrayi9wp9v88clq3alv-stm32cubeide/plugins/com.st.stm32cube.ide.mcu.externaltools.gnu-tools-for-stm32.13.3.rel1.linux64_1.0.0.202410170706/tools/bin/../lib/gcc/arm-none-eabi/13.3.1/../../../../arm-none-eabi/lib/thumb/v7e-m+fp/hard/libc_nano.a
END GROUP
START GROUP
LOAD /nix/store/cb7ani92advvicrayi9wp9v88clq3alv-stm32cubeide/plugins/com.st.stm32cube.ide.mcu.externaltools.gnu-tools-for-stm32.13.3.rel1.linux64_1.0.0.202410170706/tools/bin/../lib/gcc/arm-none-eabi/13.3.1/thumb/v7e-m+fp/hard/libgcc.a
LOAD /nix/store/cb7ani92advvicrayi9wp9v88clq3alv-stm32cubeide/plugins/com.st.stm32cube.ide.mcu.externaltools.gnu-tools-for-stm32.13.3.rel1.linux64_1.0.0.202410170706/tools/bin/../lib/gcc/arm-none-eabi/13.3.1/../../../../arm-none-eabi/lib/thumb/v7e-m+fp/hard/libc_nano.a
LOAD /nix/store/cb7ani92advvicrayi9wp9v88clq3alv-stm32cubeide/plugins/com.st.stm32cube.ide.mcu.externaltools.gnu-tools-for-stm32.13.3.rel1.linux64_1.0.0.202410170706/tools/bin/../lib/gcc/arm-none-eabi/13.3.1/../../../../arm-none-eabi/lib/thumb/v7e-m+fp/hard/libnosys.a
END GROUP
START GROUP
LOAD /nix/store/cb7ani92advvicrayi9wp9v88clq3alv-stm32cubeide/plugins/com.st.stm32cube.ide.mcu.externaltools.gnu-tools-for-stm32.13.3.rel1.linux64_1.0.0.202410170706/tools/bin/../lib/gcc/arm-none-eabi/13.3.1/thumb/v7e-m+fp/hard/libgcc.a
LOAD /nix/store/cb7ani92advvicrayi9wp9v88clq3alv-stm32cubeide/plugins/com.st.stm32cube.ide.mcu.externaltools.gnu-tools-for-stm32.13.3.rel1.linux64_1.0.0.202410170706/tools/bin/../lib/gcc/arm-none-eabi/13.3.1/../../../../arm-none-eabi/lib/thumb/v7e-m+fp/hard/libc_nano.a
LOAD /nix/store/cb7ani92advvicrayi9wp9v88clq3alv-stm32cubeide/plugins/com.st.stm32cube.ide.mcu.externaltools.gnu-tools-for-stm32.13.3.rel1.linux64_1.0.0.202410170706/tools/bin/../lib/gcc/arm-none-eabi/13.3.1/../../../../arm-none-eabi/lib/thumb/v7e-m+fp/hard/libnosys.a
END GROUP
LOAD /nix/store/cb7ani92advvicrayi9wp9v88clq3alv-stm32cubeide/plugins/com.st.stm32cube.ide.mcu.externaltools.gnu-tools-for-stm32.13.3.rel1.linux64_1.0.0.202410170706/tools/bin/../lib/gcc/arm-none-eabi/13.3.1/thumb/v7e-m+fp/hard/crtend.o
LOAD /nix/store/cb7ani92advvicrayi9wp9v88clq3alv-stm32cubeide/plugins/com.st.stm32cube.ide.mcu.externaltools.gnu-tools-for-stm32.13.3.rel1.linux64_1.0.0.202410170706/tools/bin/../lib/gcc/arm-none-eabi/13.3.1/thumb/v7e-m+fp/hard/crtn.o
                0x20050000                        _estack = (ORIGIN (RAM) + LENGTH (RAM))
                0x00000200                        _Min_Heap_Size = 0x200
                0x00000400                        _Min_Stack_Size = 0x400

.isr_vector     0x08000000      0x1ac
                0x08000000                        . = ALIGN (0x4)
 *(.isr_vector)
 .isr_vector    0x08000000      0x1ac ./Core/Startup/startup_stm32l4a6zgtx.o
                0x08000000                g_pfnVectors
                0x080001ac                        . = ALIGN (0x4)

.text           0x080001b0     0x3610
                0x080001b0                        . = ALIGN (0x4)
 *(.text)
 .text          0x080001b0       0x40 /nix/store/cb7ani92advvicrayi9wp9v88clq3alv-stm32cubeide/plugins/com.st.stm32cube.ide.mcu.externaltools.gnu-tools-for-stm32.13.3.rel1.linux64_1.0.0.202410170706/tools/bin/../lib/gcc/arm-none-eabi/13.3.1/thumb/v7e-m+fp/hard/crtbegin.o
 .text          0x080001f0      0x378 /nix/store/cb7ani92advvicrayi9wp9v88clq3alv-stm32cubeide/plugins/com.st.stm32cube.ide.mcu.externaltools.gnu-tools-for-stm32.13.3.rel1.linux64_1.0.0.202410170706/tools/bin/../lib/gcc/arm-none-eabi/13.3.1/thumb/v7e-m+fp/hard/libgcc.a(_arm_addsubdf3.o)
                0x080001f0                __aeabi_drsub
                0x080001f8                __aeabi_dsub
                0x080001f8                __subdf3
                0x080001fc                __adddf3
                0x080001fc                __aeabi_dadd
                0x08000474                __aeabi_ui2d
                0x08000474                __floatunsidf
                0x08000494                __floatsidf
                0x08000494                __aeabi_i2d
                0x080004b8                __extendsfdf2
                0x080004b8                __aeabi_f2d
                0x080004fc                __aeabi_ul2d
                0x080004fc                __floatundidf
                0x0800050c                __floatdidf
                0x0800050c                __aeabi_l2d
 .text          0x08000568      0x424 /nix/store/cb7ani92advvicrayi9wp9v88clq3alv-stm32cubeide/plugins/com.st.stm32cube.ide.mcu.externaltools.gnu-tools-for-stm32.13.3.rel1.linux64_1.0.0.202410170706/tools/bin/../lib/gcc/arm-none-eabi/13.3.1/thumb/v7e-m+fp/hard/libgcc.a(_arm_muldivdf3.o)
                0x08000568                __aeabi_dmul
                0x08000568                __muldf3
                0x080007bc                __aeabi_ddiv
                0x080007bc                __divdf3
 .text          0x0800098c       0x50 /nix/store/cb7ani92advvicrayi9wp9v88clq3alv-stm32cubeide/plugins/com.st.stm32cube.ide.mcu.externaltools.gnu-tools-for-stm32.13.3.rel1.linux64_1.0.0.202410170706/tools/bin/../lib/gcc/arm-none-eabi/13.3.1/thumb/v7e-m+fp/hard/libgcc.a(_arm_fixdfsi.o)
                0x0800098c                __fixdfsi
                0x0800098c                __aeabi_d2iz
 .text          0x080009dc       0xa0 /nix/store/cb7ani92advvicrayi9wp9v88clq3alv-stm32cubeide/plugins/com.st.stm32cube.ide.mcu.externaltools.gnu-tools-for-stm32.13.3.rel1.linux64_1.0.0.202410170706/tools/bin/../lib/gcc/arm-none-eabi/13.3.1/thumb/v7e-m+fp/hard/libgcc.a(_arm_truncdfsf2.o)
                0x080009dc                __aeabi_d2f
                0x080009dc                __truncdfsf2
 *(.text*)
 *fill*         0x08000a7c        0x4 
 .text.DAC_Write_Volt
                0x08000a80      0x1b4 ./Core/Src/DAC.o
                0x08000a80                DAC_Write_Volt
 .text.DAC_Write
                0x08000c34       0x54 ./Core/Src/DAC.o
                0x08000c34                DAC_Write
 .text.DAC_Init
                0x08000c88       0xb0 ./Core/Src/DAC.o
                0x08000c88                DAC_Init
 .text.SPI_Init
                0x08000d38       0x98 ./Core/Src/DAC.o
                0x08000d38                SPI_Init
 .text.computeBiquad
                0x08000dd0      0x144 ./Core/Src/filter_util.o
                0x08000dd0                computeBiquad
 .text.LPF      0x08000f14      0x11e ./Core/Src/filters.o
                0x08000f14                LPF
 *fill*         0x08001032        0x6 
 .text.omega    0x08001038       0x54 ./Core/Src/filters.o
                0x08001038                omega
 *fill*         0x0800108c        0x4 
 .text.alpha_bw
                0x08001090       0xa0 ./Core/Src/filters.o
                0x08001090                alpha_bw
 .text.main     0x08001130      0x190 ./Core/Src/main.o
                0x08001130                main
 .text.SystemClock_Config
                0x080012c0       0x8c ./Core/Src/main.o
                0x080012c0                SystemClock_Config
 .text.Error_Handler
                0x0800134c        0xc ./Core/Src/main.o
                0x0800134c                Error_Handler
 .text.HAL_MspInit
                0x08001358       0x48 ./Core/Src/stm32l4xx_hal_msp.o
                0x08001358                HAL_MspInit
 .text.NMI_Handler
                0x080013a0        0x8 ./Core/Src/stm32l4xx_it.o
                0x080013a0                NMI_Handler
 .text.HardFault_Handler
                0x080013a8        0x8 ./Core/Src/stm32l4xx_it.o
                0x080013a8                HardFault_Handler
 .text.MemManage_Handler
                0x080013b0        0x8 ./Core/Src/stm32l4xx_it.o
                0x080013b0                MemManage_Handler
 .text.BusFault_Handler
                0x080013b8        0x8 ./Core/Src/stm32l4xx_it.o
                0x080013b8                BusFault_Handler
 .text.UsageFault_Handler
                0x080013c0        0x8 ./Core/Src/stm32l4xx_it.o
                0x080013c0                UsageFault_Handler
 .text.SVC_Handler
                0x080013c8        0xe ./Core/Src/stm32l4xx_it.o
                0x080013c8                SVC_Handler
 .text.DebugMon_Handler
                0x080013d6        0xe ./Core/Src/stm32l4xx_it.o
                0x080013d6                DebugMon_Handler
 .text.PendSV_Handler
                0x080013e4        0xe ./Core/Src/stm32l4xx_it.o
                0x080013e4                PendSV_Handler
 .text.SysTick_Handler
                0x080013f2        0xc ./Core/Src/stm32l4xx_it.o
                0x080013f2                SysTick_Handler
 *fill*         0x080013fe        0x2 
 .text._sbrk    0x08001400       0x6c ./Core/Src/sysmem.o
                0x08001400                _sbrk
 .text.SystemInit
                0x0800146c       0x24 ./Core/Src/system_stm32l4xx.o
                0x0800146c                SystemInit
 .text.Timer_setup_TIM2
                0x08001490       0x6c ./Core/Src/timer.o
                0x08001490                Timer_setup_TIM2
 .text.TIM2_IRQHandler
                0x080014fc       0x54 ./Core/Src/timer.o
                0x080014fc                TIM2_IRQHandler
 .text.checkTimerFlag
                0x08001550       0x28 ./Core/Src/timer.o
                0x08001550                checkTimerFlag
 .text.Reset_Handler
                0x08001578       0x50 ./Core/Startup/startup_stm32l4a6zgtx.o
                0x08001578                Reset_Handler
 .text.Default_Handler
                0x080015c8        0x2 ./Core/Startup/startup_stm32l4a6zgtx.o
                0x080015c8                RTC_Alarm_IRQHandler
                0x080015c8                HASH_RNG_IRQHandler
                0x080015c8                EXTI2_IRQHandler
                0x080015c8                TIM8_TRG_COM_IRQHandler
                0x080015c8                TIM8_CC_IRQHandler
                0x080015c8                TIM1_CC_IRQHandler
                0x080015c8                TSC_IRQHandler
                0x080015c8                TAMP_STAMP_IRQHandler
                0x080015c8                CAN2_RX1_IRQHandler
                0x080015c8                EXTI3_IRQHandler
                0x080015c8                LPTIM2_IRQHandler
                0x080015c8                DFSDM1_FLT1_IRQHandler
                0x080015c8                I2C3_ER_IRQHandler
                0x080015c8                DFSDM1_FLT2_IRQHandler
                0x080015c8                EXTI0_IRQHandler
                0x080015c8                I2C2_EV_IRQHandler
                0x080015c8                CAN1_RX0_IRQHandler
                0x080015c8                FPU_IRQHandler
                0x080015c8                TIM1_UP_TIM16_IRQHandler
                0x080015c8                CAN2_SCE_IRQHandler
                0x080015c8                ADC1_2_IRQHandler
                0x080015c8                SPI1_IRQHandler
                0x080015c8                TIM6_DAC_IRQHandler
                0x080015c8                DCMI_IRQHandler
                0x080015c8                CAN2_RX0_IRQHandler
                0x080015c8                TIM8_UP_IRQHandler
                0x080015c8                DMA2_Channel2_IRQHandler
                0x080015c8                DMA1_Channel4_IRQHandler
                0x080015c8                SAI2_IRQHandler
                0x080015c8                DFSDM1_FLT3_IRQHandler
                0x080015c8                USART3_IRQHandler
                0x080015c8                DMA1_Channel7_IRQHandler
                0x080015c8                CAN1_RX1_IRQHandler
                0x080015c8                LCD_IRQHandler
                0x080015c8                UART5_IRQHandler
                0x080015c8                ADC3_IRQHandler
                0x080015c8                TIM4_IRQHandler
                0x080015c8                DMA2_Channel1_IRQHandler
                0x080015c8                QUADSPI_IRQHandler
                0x080015c8                I2C1_EV_IRQHandler
                0x080015c8                DMA1_Channel6_IRQHandler
                0x080015c8                UART4_IRQHandler
                0x080015c8                DMA2_Channel4_IRQHandler
                0x080015c8                TIM3_IRQHandler
                0x080015c8                RCC_IRQHandler
                0x080015c8                DMA1_Channel1_IRQHandler
                0x080015c8                Default_Handler
                0x080015c8                DMA2_Channel7_IRQHandler
                0x080015c8                EXTI15_10_IRQHandler
                0x080015c8                TIM7_IRQHandler
                0x080015c8                SDMMC1_IRQHandler
                0x080015c8                CAN2_TX_IRQHandler
                0x080015c8                TIM5_IRQHandler
                0x080015c8                I2C3_EV_IRQHandler
                0x080015c8                EXTI9_5_IRQHandler
                0x080015c8                RTC_WKUP_IRQHandler
                0x080015c8                PVD_PVM_IRQHandler
                0x080015c8                SPI2_IRQHandler
                0x080015c8                CAN1_TX_IRQHandler
                0x080015c8                DMA2_Channel5_IRQHandler
                0x080015c8                CRS_IRQHandler
                0x080015c8                DMA1_Channel5_IRQHandler
                0x080015c8                EXTI4_IRQHandler
                0x080015c8                TIM1_TRG_COM_TIM17_IRQHandler
                0x080015c8                DMA1_Channel3_IRQHandler
                0x080015c8                COMP_IRQHandler
                0x080015c8                WWDG_IRQHandler
                0x080015c8                I2C4_EV_IRQHandler
                0x080015c8                LPUART1_IRQHandler
                0x080015c8                DMA2_Channel6_IRQHandler
                0x080015c8                DMA2D_IRQHandler
                0x080015c8                EXTI1_IRQHandler
                0x080015c8                AES_IRQHandler
                0x080015c8                USART2_IRQHandler
                0x080015c8                DFSDM1_FLT0_IRQHandler
                0x080015c8                I2C2_ER_IRQHandler
                0x080015c8                DMA1_Channel2_IRQHandler
                0x080015c8                TIM8_BRK_IRQHandler
                0x080015c8                CAN1_SCE_IRQHandler
                0x080015c8                FLASH_IRQHandler
                0x080015c8                USART1_IRQHandler
                0x080015c8                OTG_FS_IRQHandler
                0x080015c8                SPI3_IRQHandler
                0x080015c8                I2C1_ER_IRQHandler
                0x080015c8                FMC_IRQHandler
                0x080015c8                SWPMI1_IRQHandler
                0x080015c8                LPTIM1_IRQHandler
                0x080015c8                I2C4_ER_IRQHandler
                0x080015c8                SAI1_IRQHandler
                0x080015c8                DMA2_Channel3_IRQHandler
                0x080015c8                TIM1_BRK_TIM15_IRQHandler
 .text.HAL_Init
                0x080015ca       0x30 ./Drivers/STM32L4xx_HAL_Driver/Src/stm32l4xx_hal.o
                0x080015ca                HAL_Init
 *fill*         0x080015fa        0x2 
 .text.HAL_InitTick
                0x080015fc       0x78 ./Drivers/STM32L4xx_HAL_Driver/Src/stm32l4xx_hal.o
                0x080015fc                HAL_InitTick
 .text.HAL_IncTick
                0x08001674       0x28 ./Drivers/STM32L4xx_HAL_Driver/Src/stm32l4xx_hal.o
                0x08001674                HAL_IncTick
 .text.HAL_GetTick
                0x0800169c       0x18 ./Drivers/STM32L4xx_HAL_Driver/Src/stm32l4xx_hal.o
                0x0800169c                HAL_GetTick
 .text.__NVIC_SetPriorityGrouping
                0x080016b4       0x48 ./Drivers/STM32L4xx_HAL_Driver/Src/stm32l4xx_hal_cortex.o
 .text.__NVIC_GetPriorityGrouping
                0x080016fc       0x1c ./Drivers/STM32L4xx_HAL_Driver/Src/stm32l4xx_hal_cortex.o
 .text.__NVIC_SetPriority
                0x08001718       0x54 ./Drivers/STM32L4xx_HAL_Driver/Src/stm32l4xx_hal_cortex.o
 .text.NVIC_EncodePriority
                0x0800176c       0x66 ./Drivers/STM32L4xx_HAL_Driver/Src/stm32l4xx_hal_cortex.o
 *fill*         0x080017d2        0x2 
 .text.SysTick_Config
                0x080017d4       0x44 ./Drivers/STM32L4xx_HAL_Driver/Src/stm32l4xx_hal_cortex.o
 .text.HAL_NVIC_SetPriorityGrouping
                0x08001818       0x16 ./Drivers/STM32L4xx_HAL_Driver/Src/stm32l4xx_hal_cortex.o
                0x08001818                HAL_NVIC_SetPriorityGrouping
 .text.HAL_NVIC_SetPriority
                0x0800182e       0x38 ./Drivers/STM32L4xx_HAL_Driver/Src/stm32l4xx_hal_cortex.o
                0x0800182e                HAL_NVIC_SetPriority
 .text.HAL_SYSTICK_Config
                0x08001866       0x18 ./Drivers/STM32L4xx_HAL_Driver/Src/stm32l4xx_hal_cortex.o
                0x08001866                HAL_SYSTICK_Config
 *fill*         0x0800187e        0x2 
 .text.HAL_PWREx_GetVoltageRange
                0x08001880       0x1c ./Drivers/STM32L4xx_HAL_Driver/Src/stm32l4xx_hal_pwr_ex.o
                0x08001880                HAL_PWREx_GetVoltageRange
 .text.HAL_PWREx_ControlVoltageScaling
                0x0800189c       0xac ./Drivers/STM32L4xx_HAL_Driver/Src/stm32l4xx_hal_pwr_ex.o
                0x0800189c                HAL_PWREx_ControlVoltageScaling
 .text.HAL_RCC_OscConfig
                0x08001948      0x834 ./Drivers/STM32L4xx_HAL_Driver/Src/stm32l4xx_hal_rcc.o
                0x08001948                HAL_RCC_OscConfig
 .text.HAL_RCC_ClockConfig
                0x0800217c      0x200 ./Drivers/STM32L4xx_HAL_Driver/Src/stm32l4xx_hal_rcc.o
                0x0800217c                HAL_RCC_ClockConfig
 .text.HAL_RCC_GetSysClockFreq
                0x0800237c      0x118 ./Drivers/STM32L4xx_HAL_Driver/Src/stm32l4xx_hal_rcc.o
                0x0800237c                HAL_RCC_GetSysClockFreq
 .text.RCC_SetFlashLatencyFromMSIRange
                0x08002494       0xc0 ./Drivers/STM32L4xx_HAL_Driver/Src/stm32l4xx_hal_rcc.o
 .text.malloc   0x08002554       0x10 /nix/store/cb7ani92advvicrayi9wp9v88clq3alv-stm32cubeide/plugins/com.st.stm32cube.ide.mcu.externaltools.gnu-tools-for-stm32.13.3.rel1.linux64_1.0.0.202410170706/tools/bin/../lib/gcc/arm-none-eabi/13.3.1/../../../../arm-none-eabi/lib/thumb/v7e-m+fp/hard/libc_nano.a(libc_a-malloc.o)
                0x08002554                malloc
 .text.sbrk_aligned
                0x08002564       0x44 /nix/store/cb7ani92advvicrayi9wp9v88clq3alv-stm32cubeide/plugins/com.st.stm32cube.ide.mcu.externaltools.gnu-tools-for-stm32.13.3.rel1.linux64_1.0.0.202410170706/tools/bin/../lib/gcc/arm-none-eabi/13.3.1/../../../../arm-none-eabi/lib/thumb/v7e-m+fp/hard/libc_nano.a(libc_a-mallocr.o)
 .text._malloc_r
                0x080025a8      0x100 /nix/store/cb7ani92advvicrayi9wp9v88clq3alv-stm32cubeide/plugins/com.st.stm32cube.ide.mcu.externaltools.gnu-tools-for-stm32.13.3.rel1.linux64_1.0.0.202410170706/tools/bin/../lib/gcc/arm-none-eabi/13.3.1/../../../../arm-none-eabi/lib/thumb/v7e-m+fp/hard/libc_nano.a(libc_a-mallocr.o)
                0x080025a8                _malloc_r
 .text.__malloc_lock
                0x080026a8        0xc /nix/store/cb7ani92advvicrayi9wp9v88clq3alv-stm32cubeide/plugins/com.st.stm32cube.ide.mcu.externaltools.gnu-tools-for-stm32.13.3.rel1.linux64_1.0.0.202410170706/tools/bin/../lib/gcc/arm-none-eabi/13.3.1/../../../../arm-none-eabi/lib/thumb/v7e-m+fp/hard/libc_nano.a(libc_a-mlock.o)
                0x080026a8                __malloc_lock
 .text.__malloc_unlock
                0x080026b4        0xc /nix/store/cb7ani92advvicrayi9wp9v88clq3alv-stm32cubeide/plugins/com.st.stm32cube.ide.mcu.externaltools.gnu-tools-for-stm32.13.3.rel1.linux64_1.0.0.202410170706/tools/bin/../lib/gcc/arm-none-eabi/13.3.1/../../../../arm-none-eabi/lib/thumb/v7e-m+fp/hard/libc_nano.a(libc_a-mlock.o)
                0x080026b4                __malloc_unlock
 .text.memset   0x080026c0       0x10 /nix/store/cb7ani92advvicrayi9wp9v88clq3alv-stm32cubeide/plugins/com.st.stm32cube.ide.mcu.externaltools.gnu-tools-for-stm32.13.3.rel1.linux64_1.0.0.202410170706/tools/bin/../lib/gcc/arm-none-eabi/13.3.1/../../../../arm-none-eabi/lib/thumb/v7e-m+fp/hard/libc_nano.a(libc_a-memset.o)
                0x080026c0                memset
 .text._sbrk_r  0x080026d0       0x20 /nix/store/cb7ani92advvicrayi9wp9v88clq3alv-stm32cubeide/plugins/com.st.stm32cube.ide.mcu.externaltools.gnu-tools-for-stm32.13.3.rel1.linux64_1.0.0.202410170706/tools/bin/../lib/gcc/arm-none-eabi/13.3.1/../../../../arm-none-eabi/lib/thumb/v7e-m+fp/hard/libc_nano.a(libc_a-sbrkr.o)
                0x080026d0                _sbrk_r
 .text.__errno  0x080026f0        0xc /nix/store/cb7ani92advvicrayi9wp9v88clq3alv-stm32cubeide/plugins/com.st.stm32cube.ide.mcu.externaltools.gnu-tools-for-stm32.13.3.rel1.linux64_1.0.0.202410170706/tools/bin/../lib/gcc/arm-none-eabi/13.3.1/../../../../arm-none-eabi/lib/thumb/v7e-m+fp/hard/libc_nano.a(libc_a-errno.o)
                0x080026f0                __errno
 .text.__libc_init_array
                0x080026fc       0x48 /nix/store/cb7ani92advvicrayi9wp9v88clq3alv-stm32cubeide/plugins/com.st.stm32cube.ide.mcu.externaltools.gnu-tools-for-stm32.13.3.rel1.linux64_1.0.0.202410170706/tools/bin/../lib/gcc/arm-none-eabi/13.3.1/../../../../arm-none-eabi/lib/thumb/v7e-m+fp/hard/libc_nano.a(libc_a-init.o)
                0x080026fc                __libc_init_array
 .text.__retarget_lock_acquire_recursive
                0x08002744        0x2 /nix/store/cb7ani92advvicrayi9wp9v88clq3alv-stm32cubeide/plugins/com.st.stm32cube.ide.mcu.externaltools.gnu-tools-for-stm32.13.3.rel1.linux64_1.0.0.202410170706/tools/bin/../lib/gcc/arm-none-eabi/13.3.1/../../../../arm-none-eabi/lib/thumb/v7e-m+fp/hard/libc_nano.a(libc_a-lock.o)
                0x08002744                __retarget_lock_acquire_recursive
 .text.__retarget_lock_release_recursive
                0x08002746        0x2 /nix/store/cb7ani92advvicrayi9wp9v88clq3alv-stm32cubeide/plugins/com.st.stm32cube.ide.mcu.externaltools.gnu-tools-for-stm32.13.3.rel1.linux64_1.0.0.202410170706/tools/bin/../lib/gcc/arm-none-eabi/13.3.1/../../../../arm-none-eabi/lib/thumb/v7e-m+fp/hard/libc_nano.a(libc_a-lock.o)
                0x08002746                __retarget_lock_release_recursive
 .text.sinhf    0x08002748       0x54 /nix/store/cb7ani92advvicrayi9wp9v88clq3alv-stm32cubeide/plugins/com.st.stm32cube.ide.mcu.externaltools.gnu-tools-for-stm32.13.3.rel1.linux64_1.0.0.202410170706/tools/bin/../lib/gcc/arm-none-eabi/13.3.1/../../../../arm-none-eabi/lib/thumb/v7e-m+fp/hard/libm.a(libm_a-wf_sinh.o)
                0x08002748                sinhf
 .text.cosf     0x0800279c       0x88 /nix/store/cb7ani92advvicrayi9wp9v88clq3alv-stm32cubeide/plugins/com.st.stm32cube.ide.mcu.externaltools.gnu-tools-for-stm32.13.3.rel1.linux64_1.0.0.202410170706/tools/bin/../lib/gcc/arm-none-eabi/13.3.1/../../../../arm-none-eabi/lib/thumb/v7e-m+fp/hard/libm.a(libm_a-sf_cos.o)
                0x0800279c                cosf
 .text.sinf     0x08002824       0x8c /nix/store/cb7ani92advvicrayi9wp9v88clq3alv-stm32cubeide/plugins/com.st.stm32cube.ide.mcu.externaltools.gnu-tools-for-stm32.13.3.rel1.linux64_1.0.0.202410170706/tools/bin/../lib/gcc/arm-none-eabi/13.3.1/../../../../arm-none-eabi/lib/thumb/v7e-m+fp/hard/libm.a(libm_a-sf_sin.o)
                0x08002824                sinf
 .text.finitef  0x080028b0       0x14 /nix/store/cb7ani92advvicrayi9wp9v88clq3alv-stm32cubeide/plugins/com.st.stm32cube.ide.mcu.externaltools.gnu-tools-for-stm32.13.3.rel1.linux64_1.0.0.202410170706/tools/bin/../lib/gcc/arm-none-eabi/13.3.1/../../../../arm-none-eabi/lib/thumb/v7e-m+fp/hard/libm.a(libm_a-sf_finite.o)
                0x080028b0                finitef
 .text.__kernel_cosf
                0x080028c4       0xb0 /nix/store/cb7ani92advvicrayi9wp9v88clq3alv-stm32cubeide/plugins/com.st.stm32cube.ide.mcu.externaltools.gnu-tools-for-stm32.13.3.rel1.linux64_1.0.0.202410170706/tools/bin/../lib/gcc/arm-none-eabi/13.3.1/../../../../arm-none-eabi/lib/thumb/v7e-m+fp/hard/libm.a(libm_a-kf_cos.o)
                0x080028c4                __kernel_cosf
 .text.__kernel_sinf
                0x08002974       0x90 /nix/store/cb7ani92advvicrayi9wp9v88clq3alv-stm32cubeide/plugins/com.st.stm32cube.ide.mcu.externaltools.gnu-tools-for-stm32.13.3.rel1.linux64_1.0.0.202410170706/tools/bin/../lib/gcc/arm-none-eabi/13.3.1/../../../../arm-none-eabi/lib/thumb/v7e-m+fp/hard/libm.a(libm_a-kf_sin.o)
                0x08002974                __kernel_sinf
 .text.__ieee754_rem_pio2f
                0x08002a04      0x260 /nix/store/cb7ani92advvicrayi9wp9v88clq3alv-stm32cubeide/plugins/com.st.stm32cube.ide.mcu.externaltools.gnu-tools-for-stm32.13.3.rel1.linux64_1.0.0.202410170706/tools/bin/../lib/gcc/arm-none-eabi/13.3.1/../../../../arm-none-eabi/lib/thumb/v7e-m+fp/hard/libm.a(libm_a-ef_rem_pio2.o)
                0x08002a04                __ieee754_rem_pio2f
 .text.__ieee754_sinhf
                0x08002c64       0xd8 /nix/store/cb7ani92advvicrayi9wp9v88clq3alv-stm32cubeide/plugins/com.st.stm32cube.ide.mcu.externaltools.gnu-tools-for-stm32.13.3.rel1.linux64_1.0.0.202410170706/tools/bin/../lib/gcc/arm-none-eabi/13.3.1/../../../../arm-none-eabi/lib/thumb/v7e-m+fp/hard/libm.a(libm_a-ef_sinh.o)
                0x08002c64                __ieee754_sinhf
 .text.fabsf    0x08002d3c        0xe /nix/store/cb7ani92advvicrayi9wp9v88clq3alv-stm32cubeide/plugins/com.st.stm32cube.ide.mcu.externaltools.gnu-tools-for-stm32.13.3.rel1.linux64_1.0.0.202410170706/tools/bin/../lib/gcc/arm-none-eabi/13.3.1/../../../../arm-none-eabi/lib/thumb/v7e-m+fp/hard/libm.a(libm_a-sf_fabs.o)
                0x08002d3c                fabsf
 *fill*         0x08002d4a        0x2 
 .text.expm1f   0x08002d4c      0x250 /nix/store/cb7ani92advvicrayi9wp9v88clq3alv-stm32cubeide/plugins/com.st.stm32cube.ide.mcu.externaltools.gnu-tools-for-stm32.13.3.rel1.linux64_1.0.0.202410170706/tools/bin/../lib/gcc/arm-none-eabi/13.3.1/../../../../arm-none-eabi/lib/thumb/v7e-m+fp/hard/libm.a(libm_a-sf_expm1.o)
                0x08002d4c                expm1f
 .text.with_errnof
                0x08002f9c       0x1c /nix/store/cb7ani92advvicrayi9wp9v88clq3alv-stm32cubeide/plugins/com.st.stm32cube.ide.mcu.externaltools.gnu-tools-for-stm32.13.3.rel1.linux64_1.0.0.202410170706/tools/bin/../lib/gcc/arm-none-eabi/13.3.1/../../../../arm-none-eabi/lib/thumb/v7e-m+fp/hard/libm.a(libm_a-math_errf.o)
 .text.xflowf   0x08002fb8       0x16 /nix/store/cb7ani92advvicrayi9wp9v88clq3alv-stm32cubeide/plugins/com.st.stm32cube.ide.mcu.externaltools.gnu-tools-for-stm32.13.3.rel1.linux64_1.0.0.202410170706/tools/bin/../lib/gcc/arm-none-eabi/13.3.1/../../../../arm-none-eabi/lib/thumb/v7e-m+fp/hard/libm.a(libm_a-math_errf.o)
 *fill*         0x08002fce        0x2 
 .text.__math_uflowf
                0x08002fd0        0xc /nix/store/cb7ani92advvicrayi9wp9v88clq3alv-stm32cubeide/plugins/com.st.stm32cube.ide.mcu.externaltools.gnu-tools-for-stm32.13.3.rel1.linux64_1.0.0.202410170706/tools/bin/../lib/gcc/arm-none-eabi/13.3.1/../../../../arm-none-eabi/lib/thumb/v7e-m+fp/hard/libm.a(libm_a-math_errf.o)
                0x08002fd0                __math_uflowf
 .text.__math_oflowf
                0x08002fdc        0xc /nix/store/cb7ani92advvicrayi9wp9v88clq3alv-stm32cubeide/plugins/com.st.stm32cube.ide.mcu.externaltools.gnu-tools-for-stm32.13.3.rel1.linux64_1.0.0.202410170706/tools/bin/../lib/gcc/arm-none-eabi/13.3.1/../../../../arm-none-eabi/lib/thumb/v7e-m+fp/hard/libm.a(libm_a-math_errf.o)
                0x08002fdc                __math_oflowf
 .text.__kernel_rem_pio2f
                0x08002fe8      0x4d0 /nix/store/cb7ani92advvicrayi9wp9v88clq3alv-stm32cubeide/plugins/com.st.stm32cube.ide.mcu.externaltools.gnu-tools-for-stm32.13.3.rel1.linux64_1.0.0.202410170706/tools/bin/../lib/gcc/arm-none-eabi/13.3.1/../../../../arm-none-eabi/lib/thumb/v7e-m+fp/hard/libm.a(libm_a-kf_rem_pio2.o)
                0x08002fe8                __kernel_rem_pio2f
 .text.__ieee754_expf
                0x080034b8      0x19c /nix/store/cb7ani92advvicrayi9wp9v88clq3alv-stm32cubeide/plugins/com.st.stm32cube.ide.mcu.externaltools.gnu-tools-for-stm32.13.3.rel1.linux64_1.0.0.202410170706/tools/bin/../lib/gcc/arm-none-eabi/13.3.1/../../../../arm-none-eabi/lib/thumb/v7e-m+fp/hard/libm.a(libm_a-ef_exp.o)
                0x080034b8                __ieee754_expf
 .text.scalbnf  0x08003654       0xcc /nix/store/cb7ani92advvicrayi9wp9v88clq3alv-stm32cubeide/plugins/com.st.stm32cube.ide.mcu.externaltools.gnu-tools-for-stm32.13.3.rel1.linux64_1.0.0.202410170706/tools/bin/../lib/gcc/arm-none-eabi/13.3.1/../../../../arm-none-eabi/lib/thumb/v7e-m+fp/hard/libm.a(libm_a-sf_scalbn.o)
                0x08003654                scalbnf
 .text.floorf   0x08003720       0x88 /nix/store/cb7ani92advvicrayi9wp9v88clq3alv-stm32cubeide/plugins/com.st.stm32cube.ide.mcu.externaltools.gnu-tools-for-stm32.13.3.rel1.linux64_1.0.0.202410170706/tools/bin/../lib/gcc/arm-none-eabi/13.3.1/../../../../arm-none-eabi/lib/thumb/v7e-m+fp/hard/libm.a(libm_a-sf_floor.o)
                0x08003720                floorf
 *(.glue_7)
 .glue_7        0x080037a8        0x0 linker stubs
 *(.glue_7t)
 .glue_7t       0x080037a8        0x0 linker stubs
 *(.eh_frame)
 .eh_frame      0x080037a8        0x0 /nix/store/cb7ani92advvicrayi9wp9v88clq3alv-stm32cubeide/plugins/com.st.stm32cube.ide.mcu.externaltools.gnu-tools-for-stm32.13.3.rel1.linux64_1.0.0.202410170706/tools/bin/../lib/gcc/arm-none-eabi/13.3.1/thumb/v7e-m+fp/hard/crtbegin.o
 *(.init)
 .init          0x080037a8        0x4 /nix/store/cb7ani92advvicrayi9wp9v88clq3alv-stm32cubeide/plugins/com.st.stm32cube.ide.mcu.externaltools.gnu-tools-for-stm32.13.3.rel1.linux64_1.0.0.202410170706/tools/bin/../lib/gcc/arm-none-eabi/13.3.1/thumb/v7e-m+fp/hard/crti.o
                0x080037a8                _init
 .init          0x080037ac        0x8 /nix/store/cb7ani92advvicrayi9wp9v88clq3alv-stm32cubeide/plugins/com.st.stm32cube.ide.mcu.externaltools.gnu-tools-for-stm32.13.3.rel1.linux64_1.0.0.202410170706/tools/bin/../lib/gcc/arm-none-eabi/13.3.1/thumb/v7e-m+fp/hard/crtn.o
 *(.fini)
 .fini          0x080037b4        0x4 /nix/store/cb7ani92advvicrayi9wp9v88clq3alv-stm32cubeide/plugins/com.st.stm32cube.ide.mcu.externaltools.gnu-tools-for-stm32.13.3.rel1.linux64_1.0.0.202410170706/tools/bin/../lib/gcc/arm-none-eabi/13.3.1/thumb/v7e-m+fp/hard/crti.o
                0x080037b4                _fini
 .fini          0x080037b8        0x8 /nix/store/cb7ani92advvicrayi9wp9v88clq3alv-stm32cubeide/plugins/com.st.stm32cube.ide.mcu.externaltools.gnu-tools-for-stm32.13.3.rel1.linux64_1.0.0.202410170706/tools/bin/../lib/gcc/arm-none-eabi/13.3.1/thumb/v7e-m+fp/hard/crtn.o
                0x080037c0                        . = ALIGN (0x4)
                0x080037c0                        _etext = .

.vfp11_veneer   0x080037c0        0x0
 .vfp11_veneer  0x080037c0        0x0 linker stubs

.v4_bx          0x080037c0        0x0
 .v4_bx         0x080037c0        0x0 linker stubs

.iplt           0x080037c0        0x0
 .iplt          0x080037c0        0x0 /nix/store/cb7ani92advvicrayi9wp9v88clq3alv-stm32cubeide/plugins/com.st.stm32cube.ide.mcu.externaltools.gnu-tools-for-stm32.13.3.rel1.linux64_1.0.0.202410170706/tools/bin/../lib/gcc/arm-none-eabi/13.3.1/thumb/v7e-m+fp/hard/crtbegin.o

.rodata         0x080037c0      0x428
                0x080037c0                        . = ALIGN (0x4)
 *(.rodata)
 *(.rodata*)
 .rodata.AHBPrescTable
                0x080037c0       0x10 ./Core/Src/system_stm32l4xx.o
                0x080037c0                AHBPrescTable
 .rodata.MSIRangeTable
                0x080037d0       0x30 ./Core/Src/system_stm32l4xx.o
                0x080037d0                MSIRangeTable
 .rodata.npio2_hw
                0x08003800       0x80 /nix/store/cb7ani92advvicrayi9wp9v88clq3alv-stm32cubeide/plugins/com.st.stm32cube.ide.mcu.externaltools.gnu-tools-for-stm32.13.3.rel1.linux64_1.0.0.202410170706/tools/bin/../lib/gcc/arm-none-eabi/13.3.1/../../../../arm-none-eabi/lib/thumb/v7e-m+fp/hard/libm.a(libm_a-ef_rem_pio2.o)
 .rodata.two_over_pi
                0x08003880      0x318 /nix/store/cb7ani92advvicrayi9wp9v88clq3alv-stm32cubeide/plugins/com.st.stm32cube.ide.mcu.externaltools.gnu-tools-for-stm32.13.3.rel1.linux64_1.0.0.202410170706/tools/bin/../lib/gcc/arm-none-eabi/13.3.1/../../../../arm-none-eabi/lib/thumb/v7e-m+fp/hard/libm.a(libm_a-ef_rem_pio2.o)
 .rodata.PIo2   0x08003b98       0x2c /nix/store/cb7ani92advvicrayi9wp9v88clq3alv-stm32cubeide/plugins/com.st.stm32cube.ide.mcu.externaltools.gnu-tools-for-stm32.13.3.rel1.linux64_1.0.0.202410170706/tools/bin/../lib/gcc/arm-none-eabi/13.3.1/../../../../arm-none-eabi/lib/thumb/v7e-m+fp/hard/libm.a(libm_a-kf_rem_pio2.o)
 .rodata.init_jk
                0x08003bc4        0xc /nix/store/cb7ani92advvicrayi9wp9v88clq3alv-stm32cubeide/plugins/com.st.stm32cube.ide.mcu.externaltools.gnu-tools-for-stm32.13.3.rel1.linux64_1.0.0.202410170706/tools/bin/../lib/gcc/arm-none-eabi/13.3.1/../../../../arm-none-eabi/lib/thumb/v7e-m+fp/hard/libm.a(libm_a-kf_rem_pio2.o)
 .rodata.ln2LO  0x08003bd0        0x8 /nix/store/cb7ani92advvicrayi9wp9v88clq3alv-stm32cubeide/plugins/com.st.stm32cube.ide.mcu.externaltools.gnu-tools-for-stm32.13.3.rel1.linux64_1.0.0.202410170706/tools/bin/../lib/gcc/arm-none-eabi/13.3.1/../../../../arm-none-eabi/lib/thumb/v7e-m+fp/hard/libm.a(libm_a-ef_exp.o)
 .rodata.ln2HI  0x08003bd8        0x8 /nix/store/cb7ani92advvicrayi9wp9v88clq3alv-stm32cubeide/plugins/com.st.stm32cube.ide.mcu.externaltools.gnu-tools-for-stm32.13.3.rel1.linux64_1.0.0.202410170706/tools/bin/../lib/gcc/arm-none-eabi/13.3.1/../../../../arm-none-eabi/lib/thumb/v7e-m+fp/hard/libm.a(libm_a-ef_exp.o)
 .rodata.halF   0x08003be0        0x8 /nix/store/cb7ani92advvicrayi9wp9v88clq3alv-stm32cubeide/plugins/com.st.stm32cube.ide.mcu.externaltools.gnu-tools-for-stm32.13.3.rel1.linux64_1.0.0.202410170706/tools/bin/../lib/gcc/arm-none-eabi/13.3.1/../../../../arm-none-eabi/lib/thumb/v7e-m+fp/hard/libm.a(libm_a-ef_exp.o)
                0x08003be8                        . = ALIGN (0x4)

.ARM.extab      0x08003be8        0x0
                0x08003be8                        . = ALIGN (0x4)
 *(.ARM.extab* .gnu.linkonce.armextab.*)
                0x08003be8                        . = ALIGN (0x4)

.ARM            0x08003be8        0x0
                0x08003be8                        . = ALIGN (0x4)
                0x08003be8                        __exidx_start = .
 *(.ARM.exidx*)
                0x08003be8                        __exidx_end = .
                0x08003be8                        . = ALIGN (0x4)

.preinit_array  0x08003be8        0x0
                0x08003be8                        . = ALIGN (0x4)
                0x08003be8                        PROVIDE (__preinit_array_start = .)
 *(.preinit_array*)
                0x08003be8                        PROVIDE (__preinit_array_end = .)
                0x08003be8                        . = ALIGN (0x4)

.init_array     0x08003be8        0x4
                0x08003be8                        . = ALIGN (0x4)
                0x08003be8                        PROVIDE (__init_array_start = .)
 *(SORT_BY_NAME(.init_array.*))
 *(.init_array*)
 .init_array    0x08003be8        0x4 /nix/store/cb7ani92advvicrayi9wp9v88clq3alv-stm32cubeide/plugins/com.st.stm32cube.ide.mcu.externaltools.gnu-tools-for-stm32.13.3.rel1.linux64_1.0.0.202410170706/tools/bin/../lib/gcc/arm-none-eabi/13.3.1/thumb/v7e-m+fp/hard/crtbegin.o
                0x08003bec                        PROVIDE (__init_array_end = .)
                0x08003bec                        . = ALIGN (0x4)

.fini_array     0x08003bec        0x4
                0x08003bec                        . = ALIGN (0x4)
                [!provide]                        PROVIDE (__fini_array_start = .)
 *(SORT_BY_NAME(.fini_array.*))
 *(.fini_array*)
 .fini_array    0x08003bec        0x4 /nix/store/cb7ani92advvicrayi9wp9v88clq3alv-stm32cubeide/plugins/com.st.stm32cube.ide.mcu.externaltools.gnu-tools-for-stm32.13.3.rel1.linux64_1.0.0.202410170706/tools/bin/../lib/gcc/arm-none-eabi/13.3.1/thumb/v7e-m+fp/hard/crtbegin.o
                [!provide]                        PROVIDE (__fini_array_end = .)
                0x08003bf0                        . = ALIGN (0x4)
                0x08003bf0                        _sidata = LOADADDR (.data)

.rel.dyn        0x08003bf0        0x0
 .rel.iplt      0x08003bf0        0x0 /nix/store/cb7ani92advvicrayi9wp9v88clq3alv-stm32cubeide/plugins/com.st.stm32cube.ide.mcu.externaltools.gnu-tools-for-stm32.13.3.rel1.linux64_1.0.0.202410170706/tools/bin/../lib/gcc/arm-none-eabi/13.3.1/thumb/v7e-m+fp/hard/crtbegin.o

.data           0x20000000       0x5c load address 0x08003bf0
                0x20000000                        . = ALIGN (0x4)
                0x20000000                        _sdata = .
 *(.data)
 *(.data*)
 .data.SystemCoreClock
                0x20000000        0x4 ./Core/Src/system_stm32l4xx.o
                0x20000000                SystemCoreClock
 .data.uwTickPrio
                0x20000004        0x4 ./Drivers/STM32L4xx_HAL_Driver/Src/stm32l4xx_hal.o
                0x20000004                uwTickPrio
 .data.uwTickFreq
                0x20000008        0x1 ./Drivers/STM32L4xx_HAL_Driver/Src/stm32l4xx_hal.o
                0x20000008                uwTickFreq
 *fill*         0x20000009        0x3 
 .data._impure_ptr
                0x2000000c        0x4 /nix/store/cb7ani92advvicrayi9wp9v88clq3alv-stm32cubeide/plugins/com.st.stm32cube.ide.mcu.externaltools.gnu-tools-for-stm32.13.3.rel1.linux64_1.0.0.202410170706/tools/bin/../lib/gcc/arm-none-eabi/13.3.1/../../../../arm-none-eabi/lib/thumb/v7e-m+fp/hard/libc_nano.a(libc_a-impure.o)
                0x2000000c                _impure_ptr
 .data._impure_data
                0x20000010       0x4c /nix/store/cb7ani92advvicrayi9wp9v88clq3alv-stm32cubeide/plugins/com.st.stm32cube.ide.mcu.externaltools.gnu-tools-for-stm32.13.3.rel1.linux64_1.0.0.202410170706/tools/bin/../lib/gcc/arm-none-eabi/13.3.1/../../../../arm-none-eabi/lib/thumb/v7e-m+fp/hard/libc_nano.a(libc_a-impure.o)
                0x20000010                _impure_data
 *(.RamFunc)
 *(.RamFunc*)
                0x2000005c                        . = ALIGN (0x4)
                0x2000005c                        _edata = .

.igot.plt       0x2000005c        0x0 load address 0x08003c4c
 .igot.plt      0x2000005c        0x0 /nix/store/cb7ani92advvicrayi9wp9v88clq3alv-stm32cubeide/plugins/com.st.stm32cube.ide.mcu.externaltools.gnu-tools-for-stm32.13.3.rel1.linux64_1.0.0.202410170706/tools/bin/../lib/gcc/arm-none-eabi/13.3.1/thumb/v7e-m+fp/hard/crtbegin.o
                0x2000005c                        . = ALIGN (0x4)

.bss            0x2000005c      0x18c load address 0x08003c4c
                0x2000005c                        _sbss = .
                0x2000005c                        __bss_start__ = _sbss
 *(.bss)
 .bss           0x2000005c       0x1c /nix/store/cb7ani92advvicrayi9wp9v88clq3alv-stm32cubeide/plugins/com.st.stm32cube.ide.mcu.externaltools.gnu-tools-for-stm32.13.3.rel1.linux64_1.0.0.202410170706/tools/bin/../lib/gcc/arm-none-eabi/13.3.1/thumb/v7e-m+fp/hard/crtbegin.o
 *(.bss*)
 .bss.biq_stage1
                0x20000078       0x18 ./Core/Src/main.o
                0x20000078                biq_stage1
 .bss.output_val
                0x20000090        0x4 ./Core/Src/main.o
 .bss.__sbrk_heap_end
                0x20000094        0x4 ./Core/Src/sysmem.o
 .bss.interruptTimerFlag
                0x20000098        0x1 ./Core/Src/timer.o
 *fill*         0x20000099        0x3 
 .bss.uwTick    0x2000009c        0x4 ./Drivers/STM32L4xx_HAL_Driver/Src/stm32l4xx_hal.o
                0x2000009c                uwTick
 .bss.__malloc_sbrk_start
                0x200000a0        0x4 /nix/store/cb7ani92advvicrayi9wp9v88clq3alv-stm32cubeide/plugins/com.st.stm32cube.ide.mcu.externaltools.gnu-tools-for-stm32.13.3.rel1.linux64_1.0.0.202410170706/tools/bin/../lib/gcc/arm-none-eabi/13.3.1/../../../../arm-none-eabi/lib/thumb/v7e-m+fp/hard/libc_nano.a(libc_a-mallocr.o)
                0x200000a0                __malloc_sbrk_start
 .bss.__malloc_free_list
                0x200000a4        0x4 /nix/store/cb7ani92advvicrayi9wp9v88clq3alv-stm32cubeide/plugins/com.st.stm32cube.ide.mcu.externaltools.gnu-tools-for-stm32.13.3.rel1.linux64_1.0.0.202410170706/tools/bin/../lib/gcc/arm-none-eabi/13.3.1/../../../../arm-none-eabi/lib/thumb/v7e-m+fp/hard/libc_nano.a(libc_a-mallocr.o)
                0x200000a4                __malloc_free_list
 .bss.__sf      0x200000a8      0x138 /nix/store/cb7ani92advvicrayi9wp9v88clq3alv-stm32cubeide/plugins/com.st.stm32cube.ide.mcu.externaltools.gnu-tools-for-stm32.13.3.rel1.linux64_1.0.0.202410170706/tools/bin/../lib/gcc/arm-none-eabi/13.3.1/../../../../arm-none-eabi/lib/thumb/v7e-m+fp/hard/libc_nano.a(libc_a-findfp.o)
                0x200000a8                __sf
 .bss.errno     0x200001e0        0x4 /nix/store/cb7ani92advvicrayi9wp9v88clq3alv-stm32cubeide/plugins/com.st.stm32cube.ide.mcu.externaltools.gnu-tools-for-stm32.13.3.rel1.linux64_1.0.0.202410170706/tools/bin/../lib/gcc/arm-none-eabi/13.3.1/../../../../arm-none-eabi/lib/thumb/v7e-m+fp/hard/libc_nano.a(libc_a-reent.o)
                0x200001e0                errno
 .bss.__lock___malloc_recursive_mutex
                0x200001e4        0x1 /nix/store/cb7ani92advvicrayi9wp9v88clq3alv-stm32cubeide/plugins/com.st.stm32cube.ide.mcu.externaltools.gnu-tools-for-stm32.13.3.rel1.linux64_1.0.0.202410170706/tools/bin/../lib/gcc/arm-none-eabi/13.3.1/../../../../arm-none-eabi/lib/thumb/v7e-m+fp/hard/libc_nano.a(libc_a-lock.o)
                0x200001e4                __lock___malloc_recursive_mutex
 *(COMMON)
                0x200001e8                        . = ALIGN (0x4)
 *fill*         0x200001e5        0x3 
                0x200001e8                        _ebss = .
                0x200001e8                        __bss_end__ = _ebss

._user_heap_stack
                0x200001e8      0x600 load address 0x08003c4c
                0x200001e8                        . = ALIGN (0x8)
                [!provide]                        PROVIDE (end = .)
                0x200001e8                        PROVIDE (_end = .)
                0x200003e8                        . = (. + _Min_Heap_Size)
 *fill*         0x200001e8      0x200 
                0x200007e8                        . = (. + _Min_Stack_Size)
 *fill*         0x200003e8      0x400 
                0x200007e8                        . = ALIGN (0x8)

/DISCARD/
 libc.a(*)
 libm.a(*)
 libgcc.a(*)

.ARM.attributes
                0x00000000       0x30
 *(.ARM.attributes)
 .ARM.attributes
                0x00000000       0x22 /nix/store/cb7ani92advvicrayi9wp9v88clq3alv-stm32cubeide/plugins/com.st.stm32cube.ide.mcu.externaltools.gnu-tools-for-stm32.13.3.rel1.linux64_1.0.0.202410170706/tools/bin/../lib/gcc/arm-none-eabi/13.3.1/thumb/v7e-m+fp/hard/crti.o
 .ARM.attributes
                0x00000022       0x34 /nix/store/cb7ani92advvicrayi9wp9v88clq3alv-stm32cubeide/plugins/com.st.stm32cube.ide.mcu.externaltools.gnu-tools-for-stm32.13.3.rel1.linux64_1.0.0.202410170706/tools/bin/../lib/gcc/arm-none-eabi/13.3.1/thumb/v7e-m+fp/hard/crtbegin.o
 .ARM.attributes
                0x00000056       0x34 ./Core/Src/DAC.o
 .ARM.attributes
                0x0000008a       0x34 ./Core/Src/filter_util.o
 .ARM.attributes
                0x000000be       0x34 ./Core/Src/filters.o
 .ARM.attributes
                0x000000f2       0x34 ./Core/Src/main.o
 .ARM.attributes
                0x00000126       0x34 ./Core/Src/stm32l4xx_hal_msp.o
 .ARM.attributes
                0x0000015a       0x34 ./Core/Src/stm32l4xx_it.o
 .ARM.attributes
                0x0000018e       0x34 ./Core/Src/sysmem.o
 .ARM.attributes
                0x000001c2       0x34 ./Core/Src/system_stm32l4xx.o
 .ARM.attributes
                0x000001f6       0x34 ./Core/Src/timer.o
 .ARM.attributes
                0x0000022a       0x21 ./Core/Startup/startup_stm32l4a6zgtx.o
 .ARM.attributes
                0x0000024b       0x34 ./Drivers/STM32L4xx_HAL_Driver/Src/stm32l4xx_hal.o
 .ARM.attributes
                0x0000027f       0x34 ./Drivers/STM32L4xx_HAL_Driver/Src/stm32l4xx_hal_cortex.o
 .ARM.attributes
                0x000002b3       0x34 ./Drivers/STM32L4xx_HAL_Driver/Src/stm32l4xx_hal_pwr_ex.o
 .ARM.attributes
                0x000002e7       0x34 ./Drivers/STM32L4xx_HAL_Driver/Src/stm32l4xx_hal_rcc.o
 .ARM.attributes
                0x0000031b       0x34 /nix/store/cb7ani92advvicrayi9wp9v88clq3alv-stm32cubeide/plugins/com.st.stm32cube.ide.mcu.externaltools.gnu-tools-for-stm32.13.3.rel1.linux64_1.0.0.202410170706/tools/bin/../lib/gcc/arm-none-eabi/13.3.1/../../../../arm-none-eabi/lib/thumb/v7e-m+fp/hard/libc_nano.a(libc_a-malloc.o)
 .ARM.attributes
                0x0000034f       0x34 /nix/store/cb7ani92advvicrayi9wp9v88clq3alv-stm32cubeide/plugins/com.st.stm32cube.ide.mcu.externaltools.gnu-tools-for-stm32.13.3.rel1.linux64_1.0.0.202410170706/tools/bin/../lib/gcc/arm-none-eabi/13.3.1/../../../../arm-none-eabi/lib/thumb/v7e-m+fp/hard/libc_nano.a(libc_a-mallocr.o)
 .ARM.attributes
                0x00000383       0x34 /nix/store/cb7ani92advvicrayi9wp9v88clq3alv-stm32cubeide/plugins/com.st.stm32cube.ide.mcu.externaltools.gnu-tools-for-stm32.13.3.rel1.linux64_1.0.0.202410170706/tools/bin/../lib/gcc/arm-none-eabi/13.3.1/../../../../arm-none-eabi/lib/thumb/v7e-m+fp/hard/libc_nano.a(libc_a-mlock.o)
 .ARM.attributes
                0x000003b7       0x34 /nix/store/cb7ani92advvicrayi9wp9v88clq3alv-stm32cubeide/plugins/com.st.stm32cube.ide.mcu.externaltools.gnu-tools-for-stm32.13.3.rel1.linux64_1.0.0.202410170706/tools/bin/../lib/gcc/arm-none-eabi/13.3.1/../../../../arm-none-eabi/lib/thumb/v7e-m+fp/hard/libc_nano.a(libc_a-findfp.o)
 .ARM.attributes
                0x000003eb       0x34 /nix/store/cb7ani92advvicrayi9wp9v88clq3alv-stm32cubeide/plugins/com.st.stm32cube.ide.mcu.externaltools.gnu-tools-for-stm32.13.3.rel1.linux64_1.0.0.202410170706/tools/bin/../lib/gcc/arm-none-eabi/13.3.1/../../../../arm-none-eabi/lib/thumb/v7e-m+fp/hard/libc_nano.a(libc_a-memset.o)
 .ARM.attributes
                0x0000041f       0x34 /nix/store/cb7ani92advvicrayi9wp9v88clq3alv-stm32cubeide/plugins/com.st.stm32cube.ide.mcu.externaltools.gnu-tools-for-stm32.13.3.rel1.linux64_1.0.0.202410170706/tools/bin/../lib/gcc/arm-none-eabi/13.3.1/../../../../arm-none-eabi/lib/thumb/v7e-m+fp/hard/libc_nano.a(libc_a-reent.o)
 .ARM.attributes
                0x00000453       0x34 /nix/store/cb7ani92advvicrayi9wp9v88clq3alv-stm32cubeide/plugins/com.st.stm32cube.ide.mcu.externaltools.gnu-tools-for-stm32.13.3.rel1.linux64_1.0.0.202410170706/tools/bin/../lib/gcc/arm-none-eabi/13.3.1/../../../../arm-none-eabi/lib/thumb/v7e-m+fp/hard/libc_nano.a(libc_a-impure.o)
 .ARM.attributes
                0x00000487       0x34 /nix/store/cb7ani92advvicrayi9wp9v88clq3alv-stm32cubeide/plugins/com.st.stm32cube.ide.mcu.externaltools.gnu-tools-for-stm32.13.3.rel1.linux64_1.0.0.202410170706/tools/bin/../lib/gcc/arm-none-eabi/13.3.1/../../../../arm-none-eabi/lib/thumb/v7e-m+fp/hard/libc_nano.a(libc_a-sbrkr.o)
 .ARM.attributes
                0x000004bb       0x34 /nix/store/cb7ani92advvicrayi9wp9v88clq3alv-stm32cubeide/plugins/com.st.stm32cube.ide.mcu.externaltools.gnu-tools-for-stm32.13.3.rel1.linux64_1.0.0.202410170706/tools/bin/../lib/gcc/arm-none-eabi/13.3.1/../../../../arm-none-eabi/lib/thumb/v7e-m+fp/hard/libc_nano.a(libc_a-errno.o)
 .ARM.attributes
                0x000004ef       0x34 /nix/store/cb7ani92advvicrayi9wp9v88clq3alv-stm32cubeide/plugins/com.st.stm32cube.ide.mcu.externaltools.gnu-tools-for-stm32.13.3.rel1.linux64_1.0.0.202410170706/tools/bin/../lib/gcc/arm-none-eabi/13.3.1/../../../../arm-none-eabi/lib/thumb/v7e-m+fp/hard/libc_nano.a(libc_a-init.o)
 .ARM.attributes
                0x00000523       0x34 /nix/store/cb7ani92advvicrayi9wp9v88clq3alv-stm32cubeide/plugins/com.st.stm32cube.ide.mcu.externaltools.gnu-tools-for-stm32.13.3.rel1.linux64_1.0.0.202410170706/tools/bin/../lib/gcc/arm-none-eabi/13.3.1/../../../../arm-none-eabi/lib/thumb/v7e-m+fp/hard/libc_nano.a(libc_a-lock.o)
 .ARM.attributes
                0x00000557       0x34 /nix/store/cb7ani92advvicrayi9wp9v88clq3alv-stm32cubeide/plugins/com.st.stm32cube.ide.mcu.externaltools.gnu-tools-for-stm32.13.3.rel1.linux64_1.0.0.202410170706/tools/bin/../lib/gcc/arm-none-eabi/13.3.1/../../../../arm-none-eabi/lib/thumb/v7e-m+fp/hard/libm.a(libm_a-wf_sinh.o)
 .ARM.attributes
                0x0000058b       0x34 /nix/store/cb7ani92advvicrayi9wp9v88clq3alv-stm32cubeide/plugins/com.st.stm32cube.ide.mcu.externaltools.gnu-tools-for-stm32.13.3.rel1.linux64_1.0.0.202410170706/tools/bin/../lib/gcc/arm-none-eabi/13.3.1/../../../../arm-none-eabi/lib/thumb/v7e-m+fp/hard/libm.a(libm_a-sf_cos.o)
 .ARM.attributes
                0x000005bf       0x34 /nix/store/cb7ani92advvicrayi9wp9v88clq3alv-stm32cubeide/plugins/com.st.stm32cube.ide.mcu.externaltools.gnu-tools-for-stm32.13.3.rel1.linux64_1.0.0.202410170706/tools/bin/../lib/gcc/arm-none-eabi/13.3.1/../../../../arm-none-eabi/lib/thumb/v7e-m+fp/hard/libm.a(libm_a-sf_sin.o)
 .ARM.attributes
                0x000005f3       0x34 /nix/store/cb7ani92advvicrayi9wp9v88clq3alv-stm32cubeide/plugins/com.st.stm32cube.ide.mcu.externaltools.gnu-tools-for-stm32.13.3.rel1.linux64_1.0.0.202410170706/tools/bin/../lib/gcc/arm-none-eabi/13.3.1/../../../../arm-none-eabi/lib/thumb/v7e-m+fp/hard/libm.a(libm_a-sf_finite.o)
 .ARM.attributes
                0x00000627       0x34 /nix/store/cb7ani92advvicrayi9wp9v88clq3alv-stm32cubeide/plugins/com.st.stm32cube.ide.mcu.externaltools.gnu-tools-for-stm32.13.3.rel1.linux64_1.0.0.202410170706/tools/bin/../lib/gcc/arm-none-eabi/13.3.1/../../../../arm-none-eabi/lib/thumb/v7e-m+fp/hard/libm.a(libm_a-kf_cos.o)
 .ARM.attributes
                0x0000065b       0x34 /nix/store/cb7ani92advvicrayi9wp9v88clq3alv-stm32cubeide/plugins/com.st.stm32cube.ide.mcu.externaltools.gnu-tools-for-stm32.13.3.rel1.linux64_1.0.0.202410170706/tools/bin/../lib/gcc/arm-none-eabi/13.3.1/../../../../arm-none-eabi/lib/thumb/v7e-m+fp/hard/libm.a(libm_a-kf_sin.o)
 .ARM.attributes
                0x0000068f       0x34 /nix/store/cb7ani92advvicrayi9wp9v88clq3alv-stm32cubeide/plugins/com.st.stm32cube.ide.mcu.externaltools.gnu-tools-for-stm32.13.3.rel1.linux64_1.0.0.202410170706/tools/bin/../lib/gcc/arm-none-eabi/13.3.1/../../../../arm-none-eabi/lib/thumb/v7e-m+fp/hard/libm.a(libm_a-ef_rem_pio2.o)
 .ARM.attributes
                0x000006c3       0x34 /nix/store/cb7ani92advvicrayi9wp9v88clq3alv-stm32cubeide/plugins/com.st.stm32cube.ide.mcu.externaltools.gnu-tools-for-stm32.13.3.rel1.linux64_1.0.0.202410170706/tools/bin/../lib/gcc/arm-none-eabi/13.3.1/../../../../arm-none-eabi/lib/thumb/v7e-m+fp/hard/libm.a(libm_a-ef_sinh.o)
 .ARM.attributes
                0x000006f7       0x34 /nix/store/cb7ani92advvicrayi9wp9v88clq3alv-stm32cubeide/plugins/com.st.stm32cube.ide.mcu.externaltools.gnu-tools-for-stm32.13.3.rel1.linux64_1.0.0.202410170706/tools/bin/../lib/gcc/arm-none-eabi/13.3.1/../../../../arm-none-eabi/lib/thumb/v7e-m+fp/hard/libm.a(libm_a-sf_fabs.o)
 .ARM.attributes
                0x0000072b       0x34 /nix/store/cb7ani92advvicrayi9wp9v88clq3alv-stm32cubeide/plugins/com.st.stm32cube.ide.mcu.externaltools.gnu-tools-for-stm32.13.3.rel1.linux64_1.0.0.202410170706/tools/bin/../lib/gcc/arm-none-eabi/13.3.1/../../../../arm-none-eabi/lib/thumb/v7e-m+fp/hard/libm.a(libm_a-sf_expm1.o)
 .ARM.attributes
                0x0000075f       0x34 /nix/store/cb7ani92advvicrayi9wp9v88clq3alv-stm32cubeide/plugins/com.st.stm32cube.ide.mcu.externaltools.gnu-tools-for-stm32.13.3.rel1.linux64_1.0.0.202410170706/tools/bin/../lib/gcc/arm-none-eabi/13.3.1/../../../../arm-none-eabi/lib/thumb/v7e-m+fp/hard/libm.a(libm_a-math_errf.o)
 .ARM.attributes
                0x00000793       0x34 /nix/store/cb7ani92advvicrayi9wp9v88clq3alv-stm32cubeide/plugins/com.st.stm32cube.ide.mcu.externaltools.gnu-tools-for-stm32.13.3.rel1.linux64_1.0.0.202410170706/tools/bin/../lib/gcc/arm-none-eabi/13.3.1/../../../../arm-none-eabi/lib/thumb/v7e-m+fp/hard/libm.a(libm_a-kf_rem_pio2.o)
 .ARM.attributes
                0x000007c7       0x34 /nix/store/cb7ani92advvicrayi9wp9v88clq3alv-stm32cubeide/plugins/com.st.stm32cube.ide.mcu.externaltools.gnu-tools-for-stm32.13.3.rel1.linux64_1.0.0.202410170706/tools/bin/../lib/gcc/arm-none-eabi/13.3.1/../../../../arm-none-eabi/lib/thumb/v7e-m+fp/hard/libm.a(libm_a-ef_exp.o)
 .ARM.attributes
                0x000007fb       0x34 /nix/store/cb7ani92advvicrayi9wp9v88clq3alv-stm32cubeide/plugins/com.st.stm32cube.ide.mcu.externaltools.gnu-tools-for-stm32.13.3.rel1.linux64_1.0.0.202410170706/tools/bin/../lib/gcc/arm-none-eabi/13.3.1/../../../../arm-none-eabi/lib/thumb/v7e-m+fp/hard/libm.a(libm_a-sf_scalbn.o)
 .ARM.attributes
                0x0000082f       0x34 /nix/store/cb7ani92advvicrayi9wp9v88clq3alv-stm32cubeide/plugins/com.st.stm32cube.ide.mcu.externaltools.gnu-tools-for-stm32.13.3.rel1.linux64_1.0.0.202410170706/tools/bin/../lib/gcc/arm-none-eabi/13.3.1/../../../../arm-none-eabi/lib/thumb/v7e-m+fp/hard/libm.a(libm_a-sf_floor.o)
 .ARM.attributes
                0x00000863       0x22 /nix/store/cb7ani92advvicrayi9wp9v88clq3alv-stm32cubeide/plugins/com.st.stm32cube.ide.mcu.externaltools.gnu-tools-for-stm32.13.3.rel1.linux64_1.0.0.202410170706/tools/bin/../lib/gcc/arm-none-eabi/13.3.1/thumb/v7e-m+fp/hard/libgcc.a(_arm_addsubdf3.o)
 .ARM.attributes
                0x00000885       0x22 /nix/store/cb7ani92advvicrayi9wp9v88clq3alv-stm32cubeide/plugins/com.st.stm32cube.ide.mcu.externaltools.gnu-tools-for-stm32.13.3.rel1.linux64_1.0.0.202410170706/tools/bin/../lib/gcc/arm-none-eabi/13.3.1/thumb/v7e-m+fp/hard/libgcc.a(_arm_muldivdf3.o)
 .ARM.attributes
                0x000008a7       0x22 /nix/store/cb7ani92advvicrayi9wp9v88clq3alv-stm32cubeide/plugins/com.st.stm32cube.ide.mcu.externaltools.gnu-tools-for-stm32.13.3.rel1.linux64_1.0.0.202410170706/tools/bin/../lib/gcc/arm-none-eabi/13.3.1/thumb/v7e-m+fp/hard/libgcc.a(_arm_fixdfsi.o)
 .ARM.attributes
                0x000008c9       0x22 /nix/store/cb7ani92advvicrayi9wp9v88clq3alv-stm32cubeide/plugins/com.st.stm32cube.ide.mcu.externaltools.gnu-tools-for-stm32.13.3.rel1.linux64_1.0.0.202410170706/tools/bin/../lib/gcc/arm-none-eabi/13.3.1/thumb/v7e-m+fp/hard/libgcc.a(_arm_truncdfsf2.o)
 .ARM.attributes
                0x000008eb       0x22 /nix/store/cb7ani92advvicrayi9wp9v88clq3alv-stm32cubeide/plugins/com.st.stm32cube.ide.mcu.externaltools.gnu-tools-for-stm32.13.3.rel1.linux64_1.0.0.202410170706/tools/bin/../lib/gcc/arm-none-eabi/13.3.1/thumb/v7e-m+fp/hard/crtn.o
OUTPUT(final_test.elf elf32-littlearm)
LOAD linker stubs
LOAD /nix/store/cb7ani92advvicrayi9wp9v88clq3alv-stm32cubeide/plugins/com.st.stm32cube.ide.mcu.externaltools.gnu-tools-for-stm32.13.3.rel1.linux64_1.0.0.202410170706/tools/bin/../lib/gcc/arm-none-eabi/13.3.1/../../../../arm-none-eabi/lib/thumb/v7e-m+fp/hard/libc.a
LOAD /nix/store/cb7ani92advvicrayi9wp9v88clq3alv-stm32cubeide/plugins/com.st.stm32cube.ide.mcu.externaltools.gnu-tools-for-stm32.13.3.rel1.linux64_1.0.0.202410170706/tools/bin/../lib/gcc/arm-none-eabi/13.3.1/../../../../arm-none-eabi/lib/thumb/v7e-m+fp/hard/libm.a
LOAD /nix/store/cb7ani92advvicrayi9wp9v88clq3alv-stm32cubeide/plugins/com.st.stm32cube.ide.mcu.externaltools.gnu-tools-for-stm32.13.3.rel1.linux64_1.0.0.202410170706/tools/bin/../lib/gcc/arm-none-eabi/13.3.1/thumb/v7e-m+fp/hard/libgcc.a

.debug_info     0x00000000     0x51a3
 .debug_info    0x00000000      0x45e ./Core/Src/DAC.o
 .debug_info    0x0000045e       0xec ./Core/Src/filter_util.o
 .debug_info    0x0000054a      0x3be ./Core/Src/filters.o
 .debug_info    0x00000908      0x5d6 ./Core/Src/main.o
 .debug_info    0x00000ede      0x2e6 ./Core/Src/stm32l4xx_hal_msp.o
 .debug_info    0x000011c4      0x128 ./Core/Src/stm32l4xx_it.o
 .debug_info    0x000012ec      0x168 ./Core/Src/sysmem.o
 .debug_info    0x00001454      0x5cd ./Core/Src/system_stm32l4xx.o
 .debug_info    0x00001a21      0x873 ./Core/Src/timer.o
 .debug_info    0x00002294       0x30 ./Core/Startup/startup_stm32l4a6zgtx.o
 .debug_info    0x000022c4      0xb51 ./Drivers/STM32L4xx_HAL_Driver/Src/stm32l4xx_hal.o
 .debug_info    0x00002e15      0xdbd ./Drivers/STM32L4xx_HAL_Driver/Src/stm32l4xx_hal_cortex.o
 .debug_info    0x00003bd2      0x996 ./Drivers/STM32L4xx_HAL_Driver/Src/stm32l4xx_hal_pwr_ex.o
 .debug_info    0x00004568      0xc3b ./Drivers/STM32L4xx_HAL_Driver/Src/stm32l4xx_hal_rcc.o

.debug_abbrev   0x00000000     0x144f
 .debug_abbrev  0x00000000      0x126 ./Core/Src/DAC.o
 .debug_abbrev  0x00000126       0xb6 ./Core/Src/filter_util.o
 .debug_abbrev  0x000001dc      0x147 ./Core/Src/filters.o
 .debug_abbrev  0x00000323      0x24b ./Core/Src/main.o
 .debug_abbrev  0x0000056e       0xc6 ./Core/Src/stm32l4xx_hal_msp.o
 .debug_abbrev  0x00000634       0x73 ./Core/Src/stm32l4xx_it.o
 .debug_abbrev  0x000006a7       0xbc ./Core/Src/sysmem.o
 .debug_abbrev  0x00000763      0x11a ./Core/Src/system_stm32l4xx.o
 .debug_abbrev  0x0000087d      0x18c ./Core/Src/timer.o
 .debug_abbrev  0x00000a09       0x24 ./Core/Startup/startup_stm32l4a6zgtx.o
 .debug_abbrev  0x00000a2d      0x242 ./Drivers/STM32L4xx_HAL_Driver/Src/stm32l4xx_hal.o
 .debug_abbrev  0x00000c6f      0x31c ./Drivers/STM32L4xx_HAL_Driver/Src/stm32l4xx_hal_cortex.o
 .debug_abbrev  0x00000f8b      0x1f9 ./Drivers/STM32L4xx_HAL_Driver/Src/stm32l4xx_hal_pwr_ex.o
 .debug_abbrev  0x00001184      0x2cb ./Drivers/STM32L4xx_HAL_Driver/Src/stm32l4xx_hal_rcc.o

.debug_aranges  0x00000000      0x638
 .debug_aranges
                0x00000000       0x38 ./Core/Src/DAC.o
 .debug_aranges
                0x00000038       0x20 ./Core/Src/filter_util.o
 .debug_aranges
                0x00000058       0x58 ./Core/Src/filters.o
 .debug_aranges
                0x000000b0       0x30 ./Core/Src/main.o
 .debug_aranges
                0x000000e0       0x20 ./Core/Src/stm32l4xx_hal_msp.o
 .debug_aranges
                0x00000100       0x60 ./Core/Src/stm32l4xx_it.o
 .debug_aranges
                0x00000160       0x20 ./Core/Src/sysmem.o
 .debug_aranges
                0x00000180       0x28 ./Core/Src/system_stm32l4xx.o
 .debug_aranges
                0x000001a8       0x30 ./Core/Src/timer.o
 .debug_aranges
                0x000001d8       0x28 ./Core/Startup/startup_stm32l4a6zgtx.o
 .debug_aranges
                0x00000200      0x130 ./Drivers/STM32L4xx_HAL_Driver/Src/stm32l4xx_hal.o
 .debug_aranges
                0x00000330      0x128 ./Drivers/STM32L4xx_HAL_Driver/Src/stm32l4xx_hal_cortex.o
 .debug_aranges
                0x00000458      0x150 ./Drivers/STM32L4xx_HAL_Driver/Src/stm32l4xx_hal_pwr_ex.o
 .debug_aranges
                0x000005a8       0x90 ./Drivers/STM32L4xx_HAL_Driver/Src/stm32l4xx_hal_rcc.o

.debug_rnglists
                0x00000000      0x47e
 .debug_rnglists
                0x00000000       0x28 ./Core/Src/DAC.o
 .debug_rnglists
                0x00000028       0x14 ./Core/Src/filter_util.o
 .debug_rnglists
                0x0000003c       0x43 ./Core/Src/filters.o
 .debug_rnglists
                0x0000007f       0x21 ./Core/Src/main.o
 .debug_rnglists
                0x000000a0       0x13 ./Core/Src/stm32l4xx_hal_msp.o
 .debug_rnglists
                0x000000b3       0x43 ./Core/Src/stm32l4xx_it.o
 .debug_rnglists
                0x000000f6       0x13 ./Core/Src/sysmem.o
 .debug_rnglists
                0x00000109       0x1a ./Core/Src/system_stm32l4xx.o
 .debug_rnglists
                0x00000123       0x1f ./Core/Src/timer.o
 .debug_rnglists
                0x00000142       0x19 ./Core/Startup/startup_stm32l4a6zgtx.o
 .debug_rnglists
                0x0000015b       0xdf ./Drivers/STM32L4xx_HAL_Driver/Src/stm32l4xx_hal.o
 .debug_rnglists
                0x0000023a       0xda ./Drivers/STM32L4xx_HAL_Driver/Src/stm32l4xx_hal_cortex.o
 .debug_rnglists
                0x00000314       0xfd ./Drivers/STM32L4xx_HAL_Driver/Src/stm32l4xx_hal_pwr_ex.o
 .debug_rnglists
                0x00000411       0x6d ./Drivers/STM32L4xx_HAL_Driver/Src/stm32l4xx_hal_rcc.o

.debug_macro    0x00000000    0x287ac
 .debug_macro   0x00000000      0x286 ./Core/Src/DAC.o
 .debug_macro   0x00000286      0xad8 ./Core/Src/DAC.o
 .debug_macro   0x00000d5e       0x22 ./Core/Src/DAC.o
 .debug_macro   0x00000d80       0x8e ./Core/Src/DAC.o
 .debug_macro   0x00000e0e       0x51 ./Core/Src/DAC.o
 .debug_macro   0x00000e5f      0x103 ./Core/Src/DAC.o
 .debug_macro   0x00000f62       0x6a ./Core/Src/DAC.o
 .debug_macro   0x00000fcc      0x1df ./Core/Src/DAC.o
 .debug_macro   0x000011ab       0x28 ./Core/Src/DAC.o
 .debug_macro   0x000011d3      0x19b ./Core/Src/DAC.o
 .debug_macro   0x0000136e       0x2e ./Core/Src/DAC.o
 .debug_macro   0x0000139c       0x28 ./Core/Src/DAC.o
 .debug_macro   0x000013c4       0x1c ./Core/Src/DAC.o
 .debug_macro   0x000013e0       0x22 ./Core/Src/DAC.o
 .debug_macro   0x00001402       0xfb ./Core/Src/DAC.o
 .debug_macro   0x000014fd     0x1011 ./Core/Src/DAC.o
 .debug_macro   0x0000250e      0x11f ./Core/Src/DAC.o
 .debug_macro   0x0000262d    0x1c8c1 ./Core/Src/DAC.o
 .debug_macro   0x0001eeee       0x6d ./Core/Src/DAC.o
 .debug_macro   0x0001ef5b     0x38fb ./Core/Src/DAC.o
 .debug_macro   0x00022856      0x190 ./Core/Src/DAC.o
 .debug_macro   0x000229e6       0x5c ./Core/Src/DAC.o
 .debug_macro   0x00022a42     0x1909 ./Core/Src/DAC.o
 .debug_macro   0x0002434b      0x773 ./Core/Src/DAC.o
 .debug_macro   0x00024abe      0x1b9 ./Core/Src/DAC.o
 .debug_macro   0x00024c77      0x202 ./Core/Src/DAC.o
 .debug_macro   0x00024e79      0x26b ./Core/Src/DAC.o
 .debug_macro   0x000250e4      0x23d ./Core/Src/DAC.o
 .debug_macro   0x00025321      0x241 ./Core/Src/DAC.o
 .debug_macro   0x00025562      0x3ad ./Core/Src/DAC.o
 .debug_macro   0x0002590f       0xe4 ./Core/Src/DAC.o
 .debug_macro   0x000259f3      0x122 ./Core/Src/DAC.o
 .debug_macro   0x00025b15      0x3ef ./Core/Src/DAC.o
 .debug_macro   0x00025f04      0x433 ./Core/Src/DAC.o
 .debug_macro   0x00026337       0x1c ./Core/Src/DAC.o
 .debug_macro   0x00026353       0x61 ./Core/Src/DAC.o
 .debug_macro   0x000263b4       0x2a ./Core/Src/DAC.o
 .debug_macro   0x000263de       0x43 ./Core/Src/DAC.o
 .debug_macro   0x00026421       0x34 ./Core/Src/DAC.o
 .debug_macro   0x00026455      0x370 ./Core/Src/DAC.o
 .debug_macro   0x000267c5       0x16 ./Core/Src/DAC.o
 .debug_macro   0x000267db       0x4a ./Core/Src/DAC.o
 .debug_macro   0x00026825       0x34 ./Core/Src/DAC.o
 .debug_macro   0x00026859       0x10 ./Core/Src/DAC.o
 .debug_macro   0x00026869       0x58 ./Core/Src/DAC.o
 .debug_macro   0x000268c1       0x8e ./Core/Src/DAC.o
 .debug_macro   0x0002694f       0x1c ./Core/Src/DAC.o
 .debug_macro   0x0002696b      0x185 ./Core/Src/DAC.o
 .debug_macro   0x00026af0      0x19b ./Core/Src/DAC.o
 .debug_macro   0x00026c8b       0x1c ./Core/Src/DAC.o
 .debug_macro   0x00026ca7       0x1b ./Core/Src/filter_util.o
 .debug_macro   0x00026cc2      0x25a ./Core/Src/filters.o
 .debug_macro   0x00026f1c       0x5b ./Core/Src/filters.o
 .debug_macro   0x00026f77       0x94 ./Core/Src/filters.o
 .debug_macro   0x0002700b       0x57 ./Core/Src/filters.o
 .debug_macro   0x00027062       0x56 ./Core/Src/filters.o
 .debug_macro   0x000270b8      0x2b0 ./Core/Src/main.o
 .debug_macro   0x00027368       0x2e ./Core/Src/main.o
 .debug_macro   0x00027396       0x16 ./Core/Src/main.o
 .debug_macro   0x000273ac       0x3c ./Core/Src/main.o
 .debug_macro   0x000273e8       0x16 ./Core/Src/main.o
 .debug_macro   0x000273fe       0x29 ./Core/Src/main.o
 .debug_macro   0x00027427      0x27c ./Core/Src/stm32l4xx_hal_msp.o
 .debug_macro   0x000276a3      0x280 ./Core/Src/stm32l4xx_it.o
 .debug_macro   0x00027923      0x112 ./Core/Src/sysmem.o
 .debug_macro   0x00027a35      0x23c ./Core/Src/sysmem.o
 .debug_macro   0x00027c71      0x198 ./Core/Src/system_stm32l4xx.o
 .debug_macro   0x00027e09      0x289 ./Core/Src/timer.o
 .debug_macro   0x00028092      0x1e6 ./Drivers/STM32L4xx_HAL_Driver/Src/stm32l4xx_hal.o
 .debug_macro   0x00028278      0x198 ./Drivers/STM32L4xx_HAL_Driver/Src/stm32l4xx_hal_cortex.o
 .debug_macro   0x00028410      0x1c2 ./Drivers/STM32L4xx_HAL_Driver/Src/stm32l4xx_hal_pwr_ex.o
 .debug_macro   0x000285d2      0x1da ./Drivers/STM32L4xx_HAL_Driver/Src/stm32l4xx_hal_rcc.o

.debug_line     0x00000000     0x7962
 .debug_line    0x00000000      0x967 ./Core/Src/DAC.o
 .debug_line    0x00000967       0xd6 ./Core/Src/filter_util.o
 .debug_line    0x00000a3d      0xbd4 ./Core/Src/filters.o
 .debug_line    0x00001611      0x938 ./Core/Src/main.o
 .debug_line    0x00001f49      0x826 ./Core/Src/stm32l4xx_hal_msp.o
 .debug_line    0x0000276f      0x8c3 ./Core/Src/stm32l4xx_it.o
 .debug_line    0x00003032      0x54e ./Core/Src/sysmem.o
 .debug_line    0x00003580      0x73a ./Core/Src/system_stm32l4xx.o
 .debug_line    0x00003cba      0x8a2 ./Core/Src/timer.o
 .debug_line    0x0000455c       0x7a ./Core/Startup/startup_stm32l4a6zgtx.o
 .debug_line    0x000045d6      0xaa2 ./Drivers/STM32L4xx_HAL_Driver/Src/stm32l4xx_hal.o
 .debug_line    0x00005078      0xc3d ./Drivers/STM32L4xx_HAL_Driver/Src/stm32l4xx_hal_cortex.o
 .debug_line    0x00005cb5      0xc5e ./Drivers/STM32L4xx_HAL_Driver/Src/stm32l4xx_hal_pwr_ex.o
 .debug_line    0x00006913     0x104f ./Drivers/STM32L4xx_HAL_Driver/Src/stm32l4xx_hal_rcc.o

.debug_str      0x00000000    0xf28cd
 .debug_str     0x00000000    0xf28cd ./Core/Src/DAC.o
                              0xf0859 (size before relaxing)
 .debug_str     0x000f28cd     0x2ebd ./Core/Src/filter_util.o
 .debug_str     0x000f28cd    0xf062e ./Core/Src/filters.o
 .debug_str     0x000f28cd    0xf0a2c ./Core/Src/main.o
 .debug_str     0x000f28cd    0xf07d0 ./Core/Src/stm32l4xx_hal_msp.o
 .debug_str     0x000f28cd    0xf06ea ./Core/Src/stm32l4xx_it.o
 .debug_str     0x000f28cd     0x7781 ./Core/Src/sysmem.o
 .debug_str     0x000f28cd    0xecdcf ./Core/Src/system_stm32l4xx.o
 .debug_str     0x000f28cd    0xf0df9 ./Core/Src/timer.o
 .debug_str     0x000f28cd       0x83 ./Core/Startup/startup_stm32l4a6zgtx.o
 .debug_str     0x000f28cd    0xed9e5 ./Drivers/STM32L4xx_HAL_Driver/Src/stm32l4xx_hal.o
 .debug_str     0x000f28cd    0xed6b8 ./Drivers/STM32L4xx_HAL_Driver/Src/stm32l4xx_hal_cortex.o
 .debug_str     0x000f28cd    0xed31e ./Drivers/STM32L4xx_HAL_Driver/Src/stm32l4xx_hal_pwr_ex.o
 .debug_str     0x000f28cd    0xed41c ./Drivers/STM32L4xx_HAL_Driver/Src/stm32l4xx_hal_rcc.o

.comment        0x00000000       0x43
 .comment       0x00000000       0x43 ./Core/Src/DAC.o
                                 0x44 (size before relaxing)
 .comment       0x00000043       0x44 ./Core/Src/filter_util.o
 .comment       0x00000043       0x44 ./Core/Src/filters.o
 .comment       0x00000043       0x44 ./Core/Src/main.o
 .comment       0x00000043       0x44 ./Core/Src/stm32l4xx_hal_msp.o
 .comment       0x00000043       0x44 ./Core/Src/stm32l4xx_it.o
 .comment       0x00000043       0x44 ./Core/Src/sysmem.o
 .comment       0x00000043       0x44 ./Core/Src/system_stm32l4xx.o
 .comment       0x00000043       0x44 ./Core/Src/timer.o
 .comment       0x00000043       0x44 ./Drivers/STM32L4xx_HAL_Driver/Src/stm32l4xx_hal.o
 .comment       0x00000043       0x44 ./Drivers/STM32L4xx_HAL_Driver/Src/stm32l4xx_hal_cortex.o
 .comment       0x00000043       0x44 ./Drivers/STM32L4xx_HAL_Driver/Src/stm32l4xx_hal_pwr_ex.o
 .comment       0x00000043       0x44 ./Drivers/STM32L4xx_HAL_Driver/Src/stm32l4xx_hal_rcc.o

.debug_frame    0x00000000     0x1d50
 .debug_frame   0x00000000       0x98 ./Core/Src/DAC.o
 .debug_frame   0x00000098       0x38 ./Core/Src/filter_util.o
 .debug_frame   0x000000d0      0x13c ./Core/Src/filters.o
 .debug_frame   0x0000020c       0x6c ./Core/Src/main.o
 .debug_frame   0x00000278       0x38 ./Core/Src/stm32l4xx_hal_msp.o
 .debug_frame   0x000002b0      0x104 ./Core/Src/stm32l4xx_it.o
 .debug_frame   0x000003b4       0x34 ./Core/Src/sysmem.o
 .debug_frame   0x000003e8       0x58 ./Core/Src/system_stm32l4xx.o
 .debug_frame   0x00000440       0x78 ./Core/Src/timer.o
 .debug_frame   0x000004b8      0x498 ./Drivers/STM32L4xx_HAL_Driver/Src/stm32l4xx_hal.o
 .debug_frame   0x00000950      0x4e8 ./Drivers/STM32L4xx_HAL_Driver/Src/stm32l4xx_hal_cortex.o
 .debug_frame   0x00000e38      0x544 ./Drivers/STM32L4xx_HAL_Driver/Src/stm32l4xx_hal_pwr_ex.o
 .debug_frame   0x0000137c      0x21c ./Drivers/STM32L4xx_HAL_Driver/Src/stm32l4xx_hal_rcc.o
 .debug_frame   0x00001598       0x30 /nix/store/cb7ani92advvicrayi9wp9v88clq3alv-stm32cubeide/plugins/com.st.stm32cube.ide.mcu.externaltools.gnu-tools-for-stm32.13.3.rel1.linux64_1.0.0.202410170706/tools/bin/../lib/gcc/arm-none-eabi/13.3.1/../../../../arm-none-eabi/lib/thumb/v7e-m+fp/hard/libc_nano.a(libc_a-malloc.o)
 .debug_frame   0x000015c8       0x50 /nix/store/cb7ani92advvicrayi9wp9v88clq3alv-stm32cubeide/plugins/com.st.stm32cube.ide.mcu.externaltools.gnu-tools-for-stm32.13.3.rel1.linux64_1.0.0.202410170706/tools/bin/../lib/gcc/arm-none-eabi/13.3.1/../../../../arm-none-eabi/lib/thumb/v7e-m+fp/hard/libc_nano.a(libc_a-mallocr.o)
 .debug_frame   0x00001618       0x30 /nix/store/cb7ani92advvicrayi9wp9v88clq3alv-stm32cubeide/plugins/com.st.stm32cube.ide.mcu.externaltools.gnu-tools-for-stm32.13.3.rel1.linux64_1.0.0.202410170706/tools/bin/../lib/gcc/arm-none-eabi/13.3.1/../../../../arm-none-eabi/lib/thumb/v7e-m+fp/hard/libc_nano.a(libc_a-mlock.o)
 .debug_frame   0x00001648      0x144 /nix/store/cb7ani92advvicrayi9wp9v88clq3alv-stm32cubeide/plugins/com.st.stm32cube.ide.mcu.externaltools.gnu-tools-for-stm32.13.3.rel1.linux64_1.0.0.202410170706/tools/bin/../lib/gcc/arm-none-eabi/13.3.1/../../../../arm-none-eabi/lib/thumb/v7e-m+fp/hard/libc_nano.a(libc_a-findfp.o)
 .debug_frame   0x0000178c       0x20 /nix/store/cb7ani92advvicrayi9wp9v88clq3alv-stm32cubeide/plugins/com.st.stm32cube.ide.mcu.externaltools.gnu-tools-for-stm32.13.3.rel1.linux64_1.0.0.202410170706/tools/bin/../lib/gcc/arm-none-eabi/13.3.1/../../../../arm-none-eabi/lib/thumb/v7e-m+fp/hard/libc_nano.a(libc_a-memset.o)
 .debug_frame   0x000017ac       0x38 /nix/store/cb7ani92advvicrayi9wp9v88clq3alv-stm32cubeide/plugins/com.st.stm32cube.ide.mcu.externaltools.gnu-tools-for-stm32.13.3.rel1.linux64_1.0.0.202410170706/tools/bin/../lib/gcc/arm-none-eabi/13.3.1/../../../../arm-none-eabi/lib/thumb/v7e-m+fp/hard/libc_nano.a(libc_a-reent.o)
 .debug_frame   0x000017e4       0x2c /nix/store/cb7ani92advvicrayi9wp9v88clq3alv-stm32cubeide/plugins/com.st.stm32cube.ide.mcu.externaltools.gnu-tools-for-stm32.13.3.rel1.linux64_1.0.0.202410170706/tools/bin/../lib/gcc/arm-none-eabi/13.3.1/../../../../arm-none-eabi/lib/thumb/v7e-m+fp/hard/libc_nano.a(libc_a-sbrkr.o)
 .debug_frame   0x00001810       0x20 /nix/store/cb7ani92advvicrayi9wp9v88clq3alv-stm32cubeide/plugins/com.st.stm32cube.ide.mcu.externaltools.gnu-tools-for-stm32.13.3.rel1.linux64_1.0.0.202410170706/tools/bin/../lib/gcc/arm-none-eabi/13.3.1/../../../../arm-none-eabi/lib/thumb/v7e-m+fp/hard/libc_nano.a(libc_a-errno.o)
 .debug_frame   0x00001830       0x2c /nix/store/cb7ani92advvicrayi9wp9v88clq3alv-stm32cubeide/plugins/com.st.stm32cube.ide.mcu.externaltools.gnu-tools-for-stm32.13.3.rel1.linux64_1.0.0.202410170706/tools/bin/../lib/gcc/arm-none-eabi/13.3.1/../../../../arm-none-eabi/lib/thumb/v7e-m+fp/hard/libc_nano.a(libc_a-init.o)
 .debug_frame   0x0000185c       0xb0 /nix/store/cb7ani92advvicrayi9wp9v88clq3alv-stm32cubeide/plugins/com.st.stm32cube.ide.mcu.externaltools.gnu-tools-for-stm32.13.3.rel1.linux64_1.0.0.202410170706/tools/bin/../lib/gcc/arm-none-eabi/13.3.1/../../../../arm-none-eabi/lib/thumb/v7e-m+fp/hard/libc_nano.a(libc_a-lock.o)
 .debug_frame   0x0000190c       0x38 /nix/store/cb7ani92advvicrayi9wp9v88clq3alv-stm32cubeide/plugins/com.st.stm32cube.ide.mcu.externaltools.gnu-tools-for-stm32.13.3.rel1.linux64_1.0.0.202410170706/tools/bin/../lib/gcc/arm-none-eabi/13.3.1/../../../../arm-none-eabi/lib/thumb/v7e-m+fp/hard/libm.a(libm_a-wf_sinh.o)
 .debug_frame   0x00001944       0x38 /nix/store/cb7ani92advvicrayi9wp9v88clq3alv-stm32cubeide/plugins/com.st.stm32cube.ide.mcu.externaltools.gnu-tools-for-stm32.13.3.rel1.linux64_1.0.0.202410170706/tools/bin/../lib/gcc/arm-none-eabi/13.3.1/../../../../arm-none-eabi/lib/thumb/v7e-m+fp/hard/libm.a(libm_a-sf_cos.o)
 .debug_frame   0x0000197c       0x38 /nix/store/cb7ani92advvicrayi9wp9v88clq3alv-stm32cubeide/plugins/com.st.stm32cube.ide.mcu.externaltools.gnu-tools-for-stm32.13.3.rel1.linux64_1.0.0.202410170706/tools/bin/../lib/gcc/arm-none-eabi/13.3.1/../../../../arm-none-eabi/lib/thumb/v7e-m+fp/hard/libm.a(libm_a-sf_sin.o)
 .debug_frame   0x000019b4       0x20 /nix/store/cb7ani92advvicrayi9wp9v88clq3alv-stm32cubeide/plugins/com.st.stm32cube.ide.mcu.externaltools.gnu-tools-for-stm32.13.3.rel1.linux64_1.0.0.202410170706/tools/bin/../lib/gcc/arm-none-eabi/13.3.1/../../../../arm-none-eabi/lib/thumb/v7e-m+fp/hard/libm.a(libm_a-sf_finite.o)
 .debug_frame   0x000019d4       0x20 /nix/store/cb7ani92advvicrayi9wp9v88clq3alv-stm32cubeide/plugins/com.st.stm32cube.ide.mcu.externaltools.gnu-tools-for-stm32.13.3.rel1.linux64_1.0.0.202410170706/tools/bin/../lib/gcc/arm-none-eabi/13.3.1/../../../../arm-none-eabi/lib/thumb/v7e-m+fp/hard/libm.a(libm_a-kf_cos.o)
 .debug_frame   0x000019f4       0x20 /nix/store/cb7ani92advvicrayi9wp9v88clq3alv-stm32cubeide/plugins/com.st.stm32cube.ide.mcu.externaltools.gnu-tools-for-stm32.13.3.rel1.linux64_1.0.0.202410170706/tools/bin/../lib/gcc/arm-none-eabi/13.3.1/../../../../arm-none-eabi/lib/thumb/v7e-m+fp/hard/libm.a(libm_a-kf_sin.o)
 .debug_frame   0x00001a14       0x38 /nix/store/cb7ani92advvicrayi9wp9v88clq3alv-stm32cubeide/plugins/com.st.stm32cube.ide.mcu.externaltools.gnu-tools-for-stm32.13.3.rel1.linux64_1.0.0.202410170706/tools/bin/../lib/gcc/arm-none-eabi/13.3.1/../../../../arm-none-eabi/lib/thumb/v7e-m+fp/hard/libm.a(libm_a-ef_rem_pio2.o)
 .debug_frame   0x00001a4c       0x3c /nix/store/cb7ani92advvicrayi9wp9v88clq3alv-stm32cubeide/plugins/com.st.stm32cube.ide.mcu.externaltools.gnu-tools-for-stm32.13.3.rel1.linux64_1.0.0.202410170706/tools/bin/../lib/gcc/arm-none-eabi/13.3.1/../../../../arm-none-eabi/lib/thumb/v7e-m+fp/hard/libm.a(libm_a-ef_sinh.o)
 .debug_frame   0x00001a88       0x20 /nix/store/cb7ani92advvicrayi9wp9v88clq3alv-stm32cubeide/plugins/com.st.stm32cube.ide.mcu.externaltools.gnu-tools-for-stm32.13.3.rel1.linux64_1.0.0.202410170706/tools/bin/../lib/gcc/arm-none-eabi/13.3.1/../../../../arm-none-eabi/lib/thumb/v7e-m+fp/hard/libm.a(libm_a-sf_fabs.o)
 .debug_frame   0x00001aa8       0x20 /nix/store/cb7ani92advvicrayi9wp9v88clq3alv-stm32cubeide/plugins/com.st.stm32cube.ide.mcu.externaltools.gnu-tools-for-stm32.13.3.rel1.linux64_1.0.0.202410170706/tools/bin/../lib/gcc/arm-none-eabi/13.3.1/../../../../arm-none-eabi/lib/thumb/v7e-m+fp/hard/libm.a(libm_a-sf_expm1.o)
 .debug_frame   0x00001ac8       0x88 /nix/store/cb7ani92advvicrayi9wp9v88clq3alv-stm32cubeide/plugins/com.st.stm32cube.ide.mcu.externaltools.gnu-tools-for-stm32.13.3.rel1.linux64_1.0.0.202410170706/tools/bin/../lib/gcc/arm-none-eabi/13.3.1/../../../../arm-none-eabi/lib/thumb/v7e-m+fp/hard/libm.a(libm_a-math_errf.o)
 .debug_frame   0x00001b50       0x5c /nix/store/cb7ani92advvicrayi9wp9v88clq3alv-stm32cubeide/plugins/com.st.stm32cube.ide.mcu.externaltools.gnu-tools-for-stm32.13.3.rel1.linux64_1.0.0.202410170706/tools/bin/../lib/gcc/arm-none-eabi/13.3.1/../../../../arm-none-eabi/lib/thumb/v7e-m+fp/hard/libm.a(libm_a-kf_rem_pio2.o)
 .debug_frame   0x00001bac       0x20 /nix/store/cb7ani92advvicrayi9wp9v88clq3alv-stm32cubeide/plugins/com.st.stm32cube.ide.mcu.externaltools.gnu-tools-for-stm32.13.3.rel1.linux64_1.0.0.202410170706/tools/bin/../lib/gcc/arm-none-eabi/13.3.1/../../../../arm-none-eabi/lib/thumb/v7e-m+fp/hard/libm.a(libm_a-ef_exp.o)
 .debug_frame   0x00001bcc       0x20 /nix/store/cb7ani92advvicrayi9wp9v88clq3alv-stm32cubeide/plugins/com.st.stm32cube.ide.mcu.externaltools.gnu-tools-for-stm32.13.3.rel1.linux64_1.0.0.202410170706/tools/bin/../lib/gcc/arm-none-eabi/13.3.1/../../../../arm-none-eabi/lib/thumb/v7e-m+fp/hard/libm.a(libm_a-sf_scalbn.o)
 .debug_frame   0x00001bec       0x20 /nix/store/cb7ani92advvicrayi9wp9v88clq3alv-stm32cubeide/plugins/com.st.stm32cube.ide.mcu.externaltools.gnu-tools-for-stm32.13.3.rel1.linux64_1.0.0.202410170706/tools/bin/../lib/gcc/arm-none-eabi/13.3.1/../../../../arm-none-eabi/lib/thumb/v7e-m+fp/hard/libm.a(libm_a-sf_floor.o)
 .debug_frame   0x00001c0c       0xac /nix/store/cb7ani92advvicrayi9wp9v88clq3alv-stm32cubeide/plugins/com.st.stm32cube.ide.mcu.externaltools.gnu-tools-for-stm32.13.3.rel1.linux64_1.0.0.202410170706/tools/bin/../lib/gcc/arm-none-eabi/13.3.1/thumb/v7e-m+fp/hard/libgcc.a(_arm_addsubdf3.o)
 .debug_frame   0x00001cb8       0x50 /nix/store/cb7ani92advvicrayi9wp9v88clq3alv-stm32cubeide/plugins/com.st.stm32cube.ide.mcu.externaltools.gnu-tools-for-stm32.13.3.rel1.linux64_1.0.0.202410170706/tools/bin/../lib/gcc/arm-none-eabi/13.3.1/thumb/v7e-m+fp/hard/libgcc.a(_arm_muldivdf3.o)
 .debug_frame   0x00001d08       0x24 /nix/store/cb7ani92advvicrayi9wp9v88clq3alv-stm32cubeide/plugins/com.st.stm32cube.ide.mcu.externaltools.gnu-tools-for-stm32.13.3.rel1.linux64_1.0.0.202410170706/tools/bin/../lib/gcc/arm-none-eabi/13.3.1/thumb/v7e-m+fp/hard/libgcc.a(_arm_fixdfsi.o)
 .debug_frame   0x00001d2c       0x24 /nix/store/cb7ani92advvicrayi9wp9v88clq3alv-stm32cubeide/plugins/com.st.stm32cube.ide.mcu.externaltools.gnu-tools-for-stm32.13.3.rel1.linux64_1.0.0.202410170706/tools/bin/../lib/gcc/arm-none-eabi/13.3.1/thumb/v7e-m+fp/hard/libgcc.a(_arm_truncdfsf2.o)

.debug_line_str
                0x00000000       0x67
 .debug_line_str
                0x00000000       0x67 ./Core/Startup/startup_stm32l4a6zgtx.o
