Archive member included to satisfy reference by file (symbol)

/nix/store/cb7ani92advvicrayi9wp9v88clq3alv-stm32cubeide/plugins/com.st.stm32cube.ide.mcu.externaltools.gnu-tools-for-stm32.13.3.rel1.linux64_1.0.0.202410170706/tools/bin/../lib/gcc/arm-none-eabi/13.3.1/../../../../arm-none-eabi/lib/thumb/v7e-m+fp/hard/libc_nano.a(libc_a-exit.o)
                              /nix/store/cb7ani92advvicrayi9wp9v88clq3alv-stm32cubeide/plugins/com.st.stm32cube.ide.mcu.externaltools.gnu-tools-for-stm32.13.3.rel1.linux64_1.0.0.202410170706/tools/bin/../lib/gcc/arm-none-eabi/13.3.1/../../../../arm-none-eabi/lib/thumb/v7e-m+fp/hard/crt0.o (exit)
/nix/store/cb7ani92advvicrayi9wp9v88clq3alv-stm32cubeide/plugins/com.st.stm32cube.ide.mcu.externaltools.gnu-tools-for-stm32.13.3.rel1.linux64_1.0.0.202410170706/tools/bin/../lib/gcc/arm-none-eabi/13.3.1/../../../../arm-none-eabi/lib/thumb/v7e-m+fp/hard/libc_nano.a(libc_a-malloc.o)
                              ./Src/UART.o (malloc)
/nix/store/cb7ani92advvicrayi9wp9v88clq3alv-stm32cubeide/plugins/com.st.stm32cube.ide.mcu.externaltools.gnu-tools-for-stm32.13.3.rel1.linux64_1.0.0.202410170706/tools/bin/../lib/gcc/arm-none-eabi/13.3.1/../../../../arm-none-eabi/lib/thumb/v7e-m+fp/hard/libc_nano.a(libc_a-mallocr.o)
                              /nix/store/cb7ani92advvicrayi9wp9v88clq3alv-stm32cubeide/plugins/com.st.stm32cube.ide.mcu.externaltools.gnu-tools-for-stm32.13.3.rel1.linux64_1.0.0.202410170706/tools/bin/../lib/gcc/arm-none-eabi/13.3.1/../../../../arm-none-eabi/lib/thumb/v7e-m+fp/hard/libc_nano.a(libc_a-malloc.o) (_malloc_r)
/nix/store/cb7ani92advvicrayi9wp9v88clq3alv-stm32cubeide/plugins/com.st.stm32cube.ide.mcu.externaltools.gnu-tools-for-stm32.13.3.rel1.linux64_1.0.0.202410170706/tools/bin/../lib/gcc/arm-none-eabi/13.3.1/../../../../arm-none-eabi/lib/thumb/v7e-m+fp/hard/libc_nano.a(libc_a-mlock.o)
                              /nix/store/cb7ani92advvicrayi9wp9v88clq3alv-stm32cubeide/plugins/com.st.stm32cube.ide.mcu.externaltools.gnu-tools-for-stm32.13.3.rel1.linux64_1.0.0.202410170706/tools/bin/../lib/gcc/arm-none-eabi/13.3.1/../../../../arm-none-eabi/lib/thumb/v7e-m+fp/hard/libc_nano.a(libc_a-mallocr.o) (__malloc_lock)
/nix/store/cb7ani92advvicrayi9wp9v88clq3alv-stm32cubeide/plugins/com.st.stm32cube.ide.mcu.externaltools.gnu-tools-for-stm32.13.3.rel1.linux64_1.0.0.202410170706/tools/bin/../lib/gcc/arm-none-eabi/13.3.1/../../../../arm-none-eabi/lib/thumb/v7e-m+fp/hard/libc_nano.a(libc_a-findfp.o)
                              /nix/store/cb7ani92advvicrayi9wp9v88clq3alv-stm32cubeide/plugins/com.st.stm32cube.ide.mcu.externaltools.gnu-tools-for-stm32.13.3.rel1.linux64_1.0.0.202410170706/tools/bin/../lib/gcc/arm-none-eabi/13.3.1/../../../../arm-none-eabi/lib/thumb/v7e-m+fp/hard/libc_nano.a(libc_a-exit.o) (__stdio_exit_handler)
/nix/store/cb7ani92advvicrayi9wp9v88clq3alv-stm32cubeide/plugins/com.st.stm32cube.ide.mcu.externaltools.gnu-tools-for-stm32.13.3.rel1.linux64_1.0.0.202410170706/tools/bin/../lib/gcc/arm-none-eabi/13.3.1/../../../../arm-none-eabi/lib/thumb/v7e-m+fp/hard/libc_nano.a(libc_a-fwalk.o)
                              /nix/store/cb7ani92advvicrayi9wp9v88clq3alv-stm32cubeide/plugins/com.st.stm32cube.ide.mcu.externaltools.gnu-tools-for-stm32.13.3.rel1.linux64_1.0.0.202410170706/tools/bin/../lib/gcc/arm-none-eabi/13.3.1/../../../../arm-none-eabi/lib/thumb/v7e-m+fp/hard/libc_nano.a(libc_a-findfp.o) (_fwalk_sglue)
/nix/store/cb7ani92advvicrayi9wp9v88clq3alv-stm32cubeide/plugins/com.st.stm32cube.ide.mcu.externaltools.gnu-tools-for-stm32.13.3.rel1.linux64_1.0.0.202410170706/tools/bin/../lib/gcc/arm-none-eabi/13.3.1/../../../../arm-none-eabi/lib/thumb/v7e-m+fp/hard/libc_nano.a(libc_a-stdio.o)
                              /nix/store/cb7ani92advvicrayi9wp9v88clq3alv-stm32cubeide/plugins/com.st.stm32cube.ide.mcu.externaltools.gnu-tools-for-stm32.13.3.rel1.linux64_1.0.0.202410170706/tools/bin/../lib/gcc/arm-none-eabi/13.3.1/../../../../arm-none-eabi/lib/thumb/v7e-m+fp/hard/libc_nano.a(libc_a-findfp.o) (__sread)
/nix/store/cb7ani92advvicrayi9wp9v88clq3alv-stm32cubeide/plugins/com.st.stm32cube.ide.mcu.externaltools.gnu-tools-for-stm32.13.3.rel1.linux64_1.0.0.202410170706/tools/bin/../lib/gcc/arm-none-eabi/13.3.1/../../../../arm-none-eabi/lib/thumb/v7e-m+fp/hard/libc_nano.a(libc_a-memset.o)
                              /nix/store/cb7ani92advvicrayi9wp9v88clq3alv-stm32cubeide/plugins/com.st.stm32cube.ide.mcu.externaltools.gnu-tools-for-stm32.13.3.rel1.linux64_1.0.0.202410170706/tools/bin/../lib/gcc/arm-none-eabi/13.3.1/../../../../arm-none-eabi/lib/thumb/v7e-m+fp/hard/crt0.o (memset)
/nix/store/cb7ani92advvicrayi9wp9v88clq3alv-stm32cubeide/plugins/com.st.stm32cube.ide.mcu.externaltools.gnu-tools-for-stm32.13.3.rel1.linux64_1.0.0.202410170706/tools/bin/../lib/gcc/arm-none-eabi/13.3.1/../../../../arm-none-eabi/lib/thumb/v7e-m+fp/hard/libc_nano.a(libc_a-closer.o)
[...]
Memory Configuration

Name             Origin             Length             Attributes
RAM              0x20000000         0x00050000         xrw
RAM2             0x10000000         0x00010000         xrw
FLASH            0x08000000         0x00100000         xr
*default*        0x00000000         0xffffffff

Linker script and memory map

LOAD /nix/store/cb7ani92advvicrayi9wp9v88clq3alv-stm32cubeide/plugins/com.st.stm32cube.ide.mcu.externaltools.gnu-tools-for-stm32.13.3.rel1.linux64_1.0.0.202410170706/tools/bin/../lib/gcc/arm-none-eabi/13.3.1/thumb/v7e-m+fp/hard/crti.o
LOAD /nix/store/cb7ani92advvicrayi9wp9v88clq3alv-stm32cubeide/plugins/com.st.stm32cube.ide.mcu.externaltools.gnu-tools-for-stm32.13.3.rel1.linux64_1.0.0.202410170706/tools/bin/../lib/gcc/arm-none-eabi/13.3.1/thumb/v7e-m+fp/hard/crtbegin.o
LOAD /nix/store/cb7ani92advvicrayi9wp9v88clq3alv-stm32cubeide/plugins/com.st.stm32cube.ide.mcu.externaltools.gnu-tools-for-stm32.13.3.rel1.linux64_1.0.0.202410170706/tools/bin/../lib/gcc/arm-none-eabi/13.3.1/../../../../arm-none-eabi/lib/thumb/v7e-m+fp/hard/crt0.o
LOAD ./Drivers/CMSIS/DSP/Source/BasicMathFunctions/BasicMathFunctions.o
LOAD ./Drivers/CMSIS/DSP/Source/BasicMathFunctions/arm_abs_f32.o
LOAD ./Drivers/CMSIS/DSP/Source/BasicMathFunctions/arm_abs_q15.o
LOAD ./Drivers/CMSIS/DSP/Source/BasicMathFunctions/arm_abs_q31.o
LOAD ./Drivers/CMSIS/DSP/Source/BasicMathFunctions/arm_abs_q7.o
LOAD ./Drivers/CMSIS/DSP/Source/BasicMathFunctions/arm_add_f32.o
LOAD ./Drivers/CMSIS/DSP/Source/BasicMathFunctions/arm_add_q15.o
LOAD ./Drivers/CMSIS/DSP/Source/BasicMathFunctions/arm_add_q31.o
LOAD ./Drivers/CMSIS/DSP/Source/BasicMathFunctions/arm_add_q7.o
LOAD ./Drivers/CMSIS/DSP/Source/BasicMathFunctions/arm_dot_prod_f32.o
LOAD ./Drivers/CMSIS/DSP/Source/BasicMathFunctions/arm_dot_prod_q15.o
LOAD ./Drivers/CMSIS/DSP/Source/BasicMathFunctions/arm_dot_prod_q31.o
LOAD ./Drivers/CMSIS/DSP/Source/BasicMathFunctions/arm_dot_prod_q7.o
LOAD ./Drivers/CMSIS/DSP/Source/BasicMathFunctions/arm_mult_f32.o
LOAD ./Drivers/CMSIS/DSP/Source/BasicMathFunctions/arm_mult_q15.o
LOAD ./Drivers/CMSIS/DSP/Source/BasicMathFunctions/arm_mult_q31.o
LOAD ./Drivers/CMSIS/DSP/Source/BasicMathFunctions/arm_mult_q7.o
LOAD ./Drivers/CMSIS/DSP/Source/BasicMathFunctions/arm_negate_f32.o
LOAD ./Drivers/CMSIS/DSP/Source/BasicMathFunctions/arm_negate_q15.o
LOAD ./Drivers/CMSIS/DSP/Source/BasicMathFunctions/arm_negate_q31.o
LOAD ./Drivers/CMSIS/DSP/Source/BasicMathFunctions/arm_negate_q7.o
LOAD ./Drivers/CMSIS/DSP/Source/BasicMathFunctions/arm_offset_f32.o
LOAD ./Drivers/CMSIS/DSP/Source/BasicMathFunctions/arm_offset_q15.o
LOAD ./Drivers/CMSIS/DSP/Source/BasicMathFunctions/arm_offset_q31.o
LOAD ./Drivers/CMSIS/DSP/Source/BasicMathFunctions/arm_offset_q7.o
LOAD ./Drivers/CMSIS/DSP/Source/BasicMathFunctions/arm_scale_f32.o
LOAD ./Drivers/CMSIS/DSP/Source/BasicMathFunctions/arm_scale_q15.o
LOAD ./Drivers/CMSIS/DSP/Source/BasicMathFunctions/arm_scale_q31.o
LOAD ./Drivers/CMSIS/DSP/Source/BasicMathFunctions/arm_scale_q7.o
LOAD ./Drivers/CMSIS/DSP/Source/BasicMathFunctions/arm_shift_q15.o
LOAD ./Drivers/CMSIS/DSP/Source/BasicMathFunctions/arm_shift_q31.o
LOAD ./Drivers/CMSIS/DSP/Source/BasicMathFunctions/arm_shift_q7.o
LOAD ./Drivers/CMSIS/DSP/Source/BasicMathFunctions/arm_sub_f32.o
LOAD ./Drivers/CMSIS/DSP/Source/BasicMathFunctions/arm_sub_q15.o
LOAD ./Drivers/CMSIS/DSP/Source/BasicMathFunctions/arm_sub_q31.o
LOAD ./Drivers/CMSIS/DSP/Source/BasicMathFunctions/arm_sub_q7.o
LOAD ./Drivers/CMSIS/DSP/Source/CommonTables/CommonTables.o
LOAD ./Drivers/CMSIS/DSP/Source/CommonTables/arm_common_tables.o
LOAD ./Drivers/CMSIS/DSP/Source/CommonTables/arm_const_structs.o
LOAD ./Drivers/CMSIS/DSP/Source/ComplexMathFunctions/ComplexMathFunctions.o
LOAD ./Drivers/CMSIS/DSP/Source/ComplexMathFunctions/arm_cmplx_conj_f32.o
LOAD ./Drivers/CMSIS/DSP/Source/ComplexMathFunctions/arm_cmplx_conj_q15.o
LOAD ./Drivers/CMSIS/DSP/Source/ComplexMathFunctions/arm_cmplx_conj_q31.o
LOAD ./Drivers/CMSIS/DSP/Source/ComplexMathFunctions/arm_cmplx_dot_prod_f32.o
LOAD ./Drivers/CMSIS/DSP/Source/ComplexMathFunctions/arm_cmplx_dot_prod_q15.o
LOAD ./Drivers/CMSIS/DSP/Source/ComplexMathFunctions/arm_cmplx_dot_prod_q31.o
LOAD ./Drivers/CMSIS/DSP/Source/ComplexMathFunctions/arm_cmplx_mag_f32.o
LOAD ./Drivers/CMSIS/DSP/Source/ComplexMathFunctions/arm_cmplx_mag_q15.o
LOAD ./Drivers/CMSIS/DSP/Source/ComplexMathFunctions/arm_cmplx_mag_q31.o
LOAD ./Drivers/CMSIS/DSP/Source/ComplexMathFunctions/arm_cmplx_mag_squared_f32.o
LOAD ./Drivers/CMSIS/DSP/Source/ComplexMathFunctions/arm_cmplx_mag_squared_q15.o
LOAD ./Drivers/CMSIS/DSP/Source/ComplexMathFunctions/arm_cmplx_mag_squared_q31.o
LOAD ./Drivers/CMSIS/DSP/Source/ComplexMathFunctions/arm_cmplx_mult_cmplx_f32.o
LOAD ./Drivers/CMSIS/DSP/Source/ComplexMathFunctions/arm_cmplx_mult_cmplx_q15.o
LOAD ./Drivers/CMSIS/DSP/Source/ComplexMathFunctions/arm_cmplx_mult_cmplx_q31.o
LOAD ./Drivers/CMSIS/DSP/Source/ComplexMathFunctions/arm_cmplx_mult_real_f32.o
LOAD ./Drivers/CMSIS/DSP/Source/ComplexMathFunctions/arm_cmplx_mult_real_q15.o
LOAD ./Drivers/CMSIS/DSP/Source/ComplexMathFunctions/arm_cmplx_mult_real_q31.o
LOAD ./Drivers/CMSIS/DSP/Source/ControllerFunctions/ControllerFunctions.o
LOAD ./Drivers/CMSIS/DSP/Source/ControllerFunctions/arm_pid_init_f32.o
LOAD ./Drivers/CMSIS/DSP/Source/ControllerFunctions/arm_pid_init_q15.o
LOAD ./Drivers/CMSIS/DSP/Source/ControllerFunctions/arm_pid_init_q31.o
LOAD ./Drivers/CMSIS/DSP/Source/ControllerFunctions/arm_pid_reset_f32.o
LOAD ./Drivers/CMSIS/DSP/Source/ControllerFunctions/arm_pid_reset_q15.o
LOAD ./Drivers/CMSIS/DSP/Source/ControllerFunctions/arm_pid_reset_q31.o
LOAD ./Drivers/CMSIS/DSP/Source/ControllerFunctions/arm_sin_cos_f32.o
LOAD ./Drivers/CMSIS/DSP/Source/ControllerFunctions/arm_sin_cos_q31.o
LOAD ./Drivers/CMSIS/DSP/Source/FastMathFunctions/FastMathFunctions.o
LOAD ./Drivers/CMSIS/DSP/Source/FastMathFunctions/arm_cos_f32.o
LOAD ./Drivers/CMSIS/DSP/Source/FastMathFunctions/arm_cos_q15.o
LOAD ./Drivers/CMSIS/DSP/Source/FastMathFunctions/arm_cos_q31.o
LOAD ./Drivers/CMSIS/DSP/Source/FastMathFunctions/arm_sin_f32.o
LOAD ./Drivers/CMSIS/DSP/Source/FastMathFunctions/arm_sin_q15.o
LOAD ./Drivers/CMSIS/DSP/Source/FastMathFunctions/arm_sin_q31.o
LOAD ./Drivers/CMSIS/DSP/Source/FastMathFunctions/arm_sqrt_q15.o
LOAD ./Drivers/CMSIS/DSP/Source/FastMathFunctions/arm_sqrt_q31.o
LOAD ./Drivers/CMSIS/DSP/Source/FilteringFunctions/FilteringFunctions.o
LOAD ./Drivers/CMSIS/DSP/Source/FilteringFunctions/arm_biquad_cascade_df1_32x64_init_q31.o
LOAD ./Drivers/CMSIS/DSP/Source/FilteringFunctions/arm_biquad_cascade_df1_32x64_q31.o
LOAD ./Drivers/CMSIS/DSP/Source/FilteringFunctions/arm_biquad_cascade_df1_f32.o
LOAD ./Drivers/CMSIS/DSP/Source/FilteringFunctions/arm_biquad_cascade_df1_fast_q15.o
LOAD ./Drivers/CMSIS/DSP/Source/FilteringFunctions/arm_biquad_cascade_df1_fast_q31.o
LOAD ./Drivers/CMSIS/DSP/Source/FilteringFunctions/arm_biquad_cascade_df1_init_f32.o
LOAD ./Drivers/CMSIS/DSP/Source/FilteringFunctions/arm_biquad_cascade_df1_init_q15.o
LOAD ./Drivers/CMSIS/DSP/Source/FilteringFunctions/arm_biquad_cascade_df1_init_q31.o
LOAD ./Drivers/CMSIS/DSP/Source/FilteringFunctions/arm_biquad_cascade_df1_q15.o
LOAD ./Drivers/CMSIS/DSP/Source/FilteringFunctions/arm_biquad_cascade_df1_q31.o
LOAD ./Drivers/CMSIS/DSP/Source/FilteringFunctions/arm_biquad_cascade_df2T_f32.o
LOAD ./Drivers/CMSIS/DSP/Source/FilteringFunctions/arm_biquad_cascade_df2T_f64.o
LOAD ./Drivers/CMSIS/DSP/Source/FilteringFunctions/arm_biquad_cascade_df2T_init_f32.o
LOAD ./Drivers/CMSIS/DSP/Source/FilteringFunctions/arm_biquad_cascade_df2T_init_f64.o
LOAD ./Drivers/CMSIS/DSP/Source/FilteringFunctions/arm_biquad_cascade_stereo_df2T_f32.o
LOAD ./Drivers/CMSIS/DSP/Source/FilteringFunctions/arm_biquad_cascade_stereo_df2T_init_f32.o
LOAD ./Drivers/CMSIS/DSP/Source/FilteringFunctions/arm_conv_f32.o
LOAD ./Drivers/CMSIS/DSP/Source/FilteringFunctions/arm_conv_fast_opt_q15.o
LOAD ./Drivers/CMSIS/DSP/Source/FilteringFunctions/arm_conv_fast_q15.o
LOAD ./Drivers/CMSIS/DSP/Source/FilteringFunctions/arm_conv_fast_q31.o
LOAD ./Drivers/CMSIS/DSP/Source/FilteringFunctions/arm_conv_opt_q15.o
LOAD ./Drivers/CMSIS/DSP/Source/FilteringFunctions/arm_conv_opt_q7.o
LOAD ./Drivers/CMSIS/DSP/Source/FilteringFunctions/arm_conv_partial_f32.o
LOAD ./Drivers/CMSIS/DSP/Source/FilteringFunctions/arm_conv_partial_fast_opt_q15.o
LOAD ./Drivers/CMSIS/DSP/Source/FilteringFunctions/arm_conv_partial_fast_q15.o
LOAD ./Drivers/CMSIS/DSP/Source/FilteringFunctions/arm_conv_partial_fast_q31.o
LOAD ./Drivers/CMSIS/DSP/Source/FilteringFunctions/arm_conv_partial_opt_q15.o
LOAD ./Drivers/CMSIS/DSP/Source/FilteringFunctions/arm_conv_partial_opt_q7.o
LOAD ./Drivers/CMSIS/DSP/Source/FilteringFunctions/arm_conv_partial_q15.o
LOAD ./Drivers/CMSIS/DSP/Source/FilteringFunctions/arm_conv_partial_q31.o
LOAD ./Drivers/CMSIS/DSP/Source/FilteringFunctions/arm_conv_partial_q7.o
LOAD ./Drivers/CMSIS/DSP/Source/FilteringFunctions/arm_conv_q15.o
LOAD ./Drivers/CMSIS/DSP/Source/FilteringFunctions/arm_conv_q31.o
LOAD ./Drivers/CMSIS/DSP/Source/FilteringFunctions/arm_conv_q7.o
LOAD ./Drivers/CMSIS/DSP/Source/FilteringFunctions/arm_correlate_f32.o
LOAD ./Drivers/CMSIS/DSP/Source/FilteringFunctions/arm_correlate_fast_opt_q15.o
LOAD ./Drivers/CMSIS/DSP/Source/FilteringFunctions/arm_correlate_fast_q15.o
LOAD ./Drivers/CMSIS/DSP/Source/FilteringFunctions/arm_correlate_fast_q31.o
LOAD ./Drivers/CMSIS/DSP/Source/FilteringFunctions/arm_correlate_opt_q15.o
LOAD ./Drivers/CMSIS/DSP/Source/FilteringFunctions/arm_correlate_opt_q7.o
LOAD ./Drivers/CMSIS/DSP/Source/FilteringFunctions/arm_correlate_q15.o
LOAD ./Drivers/CMSIS/DSP/Source/FilteringFunctions/arm_correlate_q31.o
LOAD ./Drivers/CMSIS/DSP/Source/FilteringFunctions/arm_correlate_q7.o
LOAD ./Drivers/CMSIS/DSP/Source/FilteringFunctions/arm_fir_decimate_f32.o
LOAD ./Drivers/CMSIS/DSP/Source/FilteringFunctions/arm_fir_decimate_fast_q15.o
LOAD ./Drivers/CMSIS/DSP/Source/FilteringFunctions/arm_fir_decimate_fast_q31.o
LOAD ./Drivers/CMSIS/DSP/Source/FilteringFunctions/arm_fir_decimate_init_f32.o
LOAD ./Drivers/CMSIS/DSP/Source/FilteringFunctions/arm_fir_decimate_init_q15.o
LOAD ./Drivers/CMSIS/DSP/Source/FilteringFunctions/arm_fir_decimate_init_q31.o
LOAD ./Drivers/CMSIS/DSP/Source/FilteringFunctions/arm_fir_decimate_q15.o
LOAD ./Drivers/CMSIS/DSP/Source/FilteringFunctions/arm_fir_decimate_q31.o
LOAD ./Drivers/CMSIS/DSP/Source/FilteringFunctions/arm_fir_f32.o
LOAD ./Drivers/CMSIS/DSP/Source/FilteringFunctions/arm_fir_fast_q15.o
LOAD ./Drivers/CMSIS/DSP/Source/FilteringFunctions/arm_fir_fast_q31.o
LOAD ./Drivers/CMSIS/DSP/Source/FilteringFunctions/arm_fir_init_f32.o
LOAD ./Drivers/CMSIS/DSP/Source/FilteringFunctions/arm_fir_init_q15.o
LOAD ./Drivers/CMSIS/DSP/Source/FilteringFunctions/arm_fir_init_q31.o
LOAD ./Drivers/CMSIS/DSP/Source/FilteringFunctions/arm_fir_init_q7.o
LOAD ./Drivers/CMSIS/DSP/Source/FilteringFunctions/arm_fir_interpolate_f32.o
LOAD ./Drivers/CMSIS/DSP/Source/FilteringFunctions/arm_fir_interpolate_init_f32.o
LOAD ./Drivers/CMSIS/DSP/Source/FilteringFunctions/arm_fir_interpolate_init_q15.o
LOAD ./Drivers/CMSIS/DSP/Source/FilteringFunctions/arm_fir_interpolate_init_q31.o
LOAD ./Drivers/CMSIS/DSP/Source/FilteringFunctions/arm_fir_interpolate_q15.o
LOAD ./Drivers/CMSIS/DSP/Source/FilteringFunctions/arm_fir_interpolate_q31.o
LOAD ./Drivers/CMSIS/DSP/Source/FilteringFunctions/arm_fir_lattice_f32.o
LOAD ./Drivers/CMSIS/DSP/Source/FilteringFunctions/arm_fir_lattice_init_f32.o
LOAD ./Drivers/CMSIS/DSP/Source/FilteringFunctions/arm_fir_lattice_init_q15.o
LOAD ./Drivers/CMSIS/DSP/Source/FilteringFunctions/arm_fir_lattice_init_q31.o
LOAD ./Drivers/CMSIS/DSP/Source/FilteringFunctions/arm_fir_lattice_q15.o
LOAD ./Drivers/CMSIS/DSP/Source/FilteringFunctions/arm_fir_lattice_q31.o
LOAD ./Drivers/CMSIS/DSP/Source/FilteringFunctions/arm_fir_q15.o
LOAD ./Drivers/CMSIS/DSP/Source/FilteringFunctions/arm_fir_q31.o
LOAD ./Drivers/CMSIS/DSP/Source/FilteringFunctions/arm_fir_q7.o
LOAD ./Drivers/CMSIS/DSP/Source/FilteringFunctions/arm_fir_sparse_f32.o
LOAD ./Drivers/CMSIS/DSP/Source/FilteringFunctions/arm_fir_sparse_init_f32.o
LOAD ./Drivers/CMSIS/DSP/Source/FilteringFunctions/arm_fir_sparse_init_q15.o
LOAD ./Drivers/CMSIS/DSP/Source/FilteringFunctions/arm_fir_sparse_init_q31.o
LOAD ./Drivers/CMSIS/DSP/Source/FilteringFunctions/arm_fir_sparse_init_q7.o
LOAD ./Drivers/CMSIS/DSP/Source/FilteringFunctions/arm_fir_sparse_q15.o
LOAD ./Drivers/CMSIS/DSP/Source/FilteringFunctions/arm_fir_sparse_q31.o
LOAD ./Drivers/CMSIS/DSP/Source/FilteringFunctions/arm_fir_sparse_q7.o
LOAD ./Drivers/CMSIS/DSP/Source/FilteringFunctions/arm_iir_lattice_f32.o
LOAD ./Drivers/CMSIS/DSP/Source/FilteringFunctions/arm_iir_lattice_init_f32.o
LOAD ./Drivers/CMSIS/DSP/Source/FilteringFunctions/arm_iir_lattice_init_q15.o
LOAD ./Drivers/CMSIS/DSP/Source/FilteringFunctions/arm_iir_lattice_init_q31.o
LOAD ./Drivers/CMSIS/DSP/Source/FilteringFunctions/arm_iir_lattice_q15.o
LOAD ./Drivers/CMSIS/DSP/Source/FilteringFunctions/arm_iir_lattice_q31.o
LOAD ./Drivers/CMSIS/DSP/Source/FilteringFunctions/arm_lms_f32.o
LOAD ./Drivers/CMSIS/DSP/Source/FilteringFunctions/arm_lms_init_f32.o
LOAD ./Drivers/CMSIS/DSP/Source/FilteringFunctions/arm_lms_init_q15.o
LOAD ./Drivers/CMSIS/DSP/Source/FilteringFunctions/arm_lms_init_q31.o
LOAD ./Drivers/CMSIS/DSP/Source/FilteringFunctions/arm_lms_norm_f32.o
LOAD ./Drivers/CMSIS/DSP/Source/FilteringFunctions/arm_lms_norm_init_f32.o
LOAD ./Drivers/CMSIS/DSP/Source/FilteringFunctions/arm_lms_norm_init_q15.o
LOAD ./Drivers/CMSIS/DSP/Source/FilteringFunctions/arm_lms_norm_init_q31.o
LOAD ./Drivers/CMSIS/DSP/Source/FilteringFunctions/arm_lms_norm_q15.o
LOAD ./Drivers/CMSIS/DSP/Source/FilteringFunctions/arm_lms_norm_q31.o
LOAD ./Drivers/CMSIS/DSP/Source/FilteringFunctions/arm_lms_q15.o
LOAD ./Drivers/CMSIS/DSP/Source/FilteringFunctions/arm_lms_q31.o
LOAD ./Drivers/CMSIS/DSP/Source/MatrixFunctions/MatrixFunctions.o
LOAD ./Drivers/CMSIS/DSP/Source/MatrixFunctions/arm_mat_add_f32.o
LOAD ./Drivers/CMSIS/DSP/Source/MatrixFunctions/arm_mat_add_q15.o
LOAD ./Drivers/CMSIS/DSP/Source/MatrixFunctions/arm_mat_add_q31.o
LOAD ./Drivers/CMSIS/DSP/Source/MatrixFunctions/arm_mat_cmplx_mult_f32.o
LOAD ./Drivers/CMSIS/DSP/Source/MatrixFunctions/arm_mat_cmplx_mult_q15.o
LOAD ./Drivers/CMSIS/DSP/Source/MatrixFunctions/arm_mat_cmplx_mult_q31.o
LOAD ./Drivers/CMSIS/DSP/Source/MatrixFunctions/arm_mat_init_f32.o
LOAD ./Drivers/CMSIS/DSP/Source/MatrixFunctions/arm_mat_init_q15.o
LOAD ./Drivers/CMSIS/DSP/Source/MatrixFunctions/arm_mat_init_q31.o
LOAD ./Drivers/CMSIS/DSP/Source/MatrixFunctions/arm_mat_inverse_f32.o
LOAD ./Drivers/CMSIS/DSP/Source/MatrixFunctions/arm_mat_inverse_f64.o
LOAD ./Drivers/CMSIS/DSP/Source/MatrixFunctions/arm_mat_mult_f32.o
LOAD ./Drivers/CMSIS/DSP/Source/MatrixFunctions/arm_mat_mult_fast_q15.o
LOAD ./Drivers/CMSIS/DSP/Source/MatrixFunctions/arm_mat_mult_fast_q31.o
LOAD ./Drivers/CMSIS/DSP/Source/MatrixFunctions/arm_mat_mult_q15.o
LOAD ./Drivers/CMSIS/DSP/Source/MatrixFunctions/arm_mat_mult_q31.o
LOAD ./Drivers/CMSIS/DSP/Source/MatrixFunctions/arm_mat_scale_f32.o
LOAD ./Drivers/CMSIS/DSP/Source/MatrixFunctions/arm_mat_scale_q15.o
LOAD ./Drivers/CMSIS/DSP/Source/MatrixFunctions/arm_mat_scale_q31.o
LOAD ./Drivers/CMSIS/DSP/Source/MatrixFunctions/arm_mat_sub_f32.o
LOAD ./Drivers/CMSIS/DSP/Source/MatrixFunctions/arm_mat_sub_q15.o
LOAD ./Drivers/CMSIS/DSP/Source/MatrixFunctions/arm_mat_sub_q31.o
LOAD ./Drivers/CMSIS/DSP/Source/MatrixFunctions/arm_mat_trans_f32.o
LOAD ./Drivers/CMSIS/DSP/Source/MatrixFunctions/arm_mat_trans_q15.o
LOAD ./Drivers/CMSIS/DSP/Source/MatrixFunctions/arm_mat_trans_q31.o
LOAD ./Drivers/CMSIS/DSP/Source/StatisticsFunctions/StatisticsFunctions.o
LOAD ./Drivers/CMSIS/DSP/Source/StatisticsFunctions/arm_max_f32.o
LOAD ./Drivers/CMSIS/DSP/Source/StatisticsFunctions/arm_max_q15.o
LOAD ./Drivers/CMSIS/DSP/Source/StatisticsFunctions/arm_max_q31.o
LOAD ./Drivers/CMSIS/DSP/Source/StatisticsFunctions/arm_max_q7.o
LOAD ./Drivers/CMSIS/DSP/Source/StatisticsFunctions/arm_mean_f32.o
LOAD ./Drivers/CMSIS/DSP/Source/StatisticsFunctions/arm_mean_q15.o
LOAD ./Drivers/CMSIS/DSP/Source/StatisticsFunctions/arm_mean_q31.o
LOAD ./Drivers/CMSIS/DSP/Source/StatisticsFunctions/arm_mean_q7.o
LOAD ./Drivers/CMSIS/DSP/Source/StatisticsFunctions/arm_min_f32.o
LOAD ./Drivers/CMSIS/DSP/Source/StatisticsFunctions/arm_min_q15.o
LOAD ./Drivers/CMSIS/DSP/Source/StatisticsFunctions/arm_min_q31.o
LOAD ./Drivers/CMSIS/DSP/Source/StatisticsFunctions/arm_min_q7.o
LOAD ./Drivers/CMSIS/DSP/Source/StatisticsFunctions/arm_power_f32.o
LOAD ./Drivers/CMSIS/DSP/Source/StatisticsFunctions/arm_power_q15.o
LOAD ./Drivers/CMSIS/DSP/Source/StatisticsFunctions/arm_power_q31.o
LOAD ./Drivers/CMSIS/DSP/Source/StatisticsFunctions/arm_power_q7.o
LOAD ./Drivers/CMSIS/DSP/Source/StatisticsFunctions/arm_rms_f32.o
LOAD ./Drivers/CMSIS/DSP/Source/StatisticsFunctions/arm_rms_q15.o
LOAD ./Drivers/CMSIS/DSP/Source/StatisticsFunctions/arm_rms_q31.o
LOAD ./Drivers/CMSIS/DSP/Source/StatisticsFunctions/arm_std_f32.o
LOAD ./Drivers/CMSIS/DSP/Source/StatisticsFunctions/arm_std_q15.o
LOAD ./Drivers/CMSIS/DSP/Source/StatisticsFunctions/arm_std_q31.o
LOAD ./Drivers/CMSIS/DSP/Source/StatisticsFunctions/arm_var_f32.o
LOAD ./Drivers/CMSIS/DSP/Source/StatisticsFunctions/arm_var_q15.o
LOAD ./Drivers/CMSIS/DSP/Source/StatisticsFunctions/arm_var_q31.o
LOAD ./Drivers/CMSIS/DSP/Source/SupportFunctions/SupportFunctions.o
LOAD ./Drivers/CMSIS/DSP/Source/SupportFunctions/arm_copy_f32.o
LOAD ./Drivers/CMSIS/DSP/Source/SupportFunctions/arm_copy_q15.o
LOAD ./Drivers/CMSIS/DSP/Source/SupportFunctions/arm_copy_q31.o
LOAD ./Drivers/CMSIS/DSP/Source/SupportFunctions/arm_copy_q7.o
LOAD ./Drivers/CMSIS/DSP/Source/SupportFunctions/arm_fill_f32.o
LOAD ./Drivers/CMSIS/DSP/Source/SupportFunctions/arm_fill_q15.o
LOAD ./Drivers/CMSIS/DSP/Source/SupportFunctions/arm_fill_q31.o
LOAD ./Drivers/CMSIS/DSP/Source/SupportFunctions/arm_fill_q7.o
LOAD ./Drivers/CMSIS/DSP/Source/SupportFunctions/arm_float_to_q15.o
LOAD ./Drivers/CMSIS/DSP/Source/SupportFunctions/arm_float_to_q31.o
LOAD ./Drivers/CMSIS/DSP/Source/SupportFunctions/arm_float_to_q7.o
LOAD ./Drivers/CMSIS/DSP/Source/SupportFunctions/arm_q15_to_float.o
LOAD ./Drivers/CMSIS/DSP/Source/SupportFunctions/arm_q15_to_q31.o
LOAD ./Drivers/CMSIS/DSP/Source/SupportFunctions/arm_q15_to_q7.o
LOAD ./Drivers/CMSIS/DSP/Source/SupportFunctions/arm_q31_to_float.o
LOAD ./Drivers/CMSIS/DSP/Source/SupportFunctions/arm_q31_to_q15.o
LOAD ./Drivers/CMSIS/DSP/Source/SupportFunctions/arm_q31_to_q7.o
LOAD ./Drivers/CMSIS/DSP/Source/SupportFunctions/arm_q7_to_float.o
LOAD ./Drivers/CMSIS/DSP/Source/SupportFunctions/arm_q7_to_q15.o
LOAD ./Drivers/CMSIS/DSP/Source/SupportFunctions/arm_q7_to_q31.o
LOAD ./Drivers/CMSIS/DSP/Source/TransformFunctions/TransformFunctions.o
LOAD ./Drivers/CMSIS/DSP/Source/TransformFunctions/arm_bitreversal.o
LOAD ./Drivers/CMSIS/DSP/Source/TransformFunctions/arm_bitreversal2.o
LOAD ./Drivers/CMSIS/DSP/Source/TransformFunctions/arm_cfft_f32.o
LOAD ./Drivers/CMSIS/DSP/Source/TransformFunctions/arm_cfft_q15.o
LOAD ./Drivers/CMSIS/DSP/Source/TransformFunctions/arm_cfft_q31.o
LOAD ./Drivers/CMSIS/DSP/Source/TransformFunctions/arm_cfft_radix2_f32.o
LOAD ./Drivers/CMSIS/DSP/Source/TransformFunctions/arm_cfft_radix2_init_f32.o
LOAD ./Drivers/CMSIS/DSP/Source/TransformFunctions/arm_cfft_radix2_init_q15.o
LOAD ./Drivers/CMSIS/DSP/Source/TransformFunctions/arm_cfft_radix2_init_q31.o
LOAD ./Drivers/CMSIS/DSP/Source/TransformFunctions/arm_cfft_radix2_q15.o
LOAD ./Drivers/CMSIS/DSP/Source/TransformFunctions/arm_cfft_radix2_q31.o
LOAD ./Drivers/CMSIS/DSP/Source/TransformFunctions/arm_cfft_radix4_f32.o
LOAD ./Drivers/CMSIS/DSP/Source/TransformFunctions/arm_cfft_radix4_init_f32.o
LOAD ./Drivers/CMSIS/DSP/Source/TransformFunctions/arm_cfft_radix4_init_q15.o
LOAD ./Drivers/CMSIS/DSP/Source/TransformFunctions/arm_cfft_radix4_init_q31.o
LOAD ./Drivers/CMSIS/DSP/Source/TransformFunctions/arm_cfft_radix4_q15.o
LOAD ./Drivers/CMSIS/DSP/Source/TransformFunctions/arm_cfft_radix4_q31.o
LOAD ./Drivers/CMSIS/DSP/Source/TransformFunctions/arm_cfft_radix8_f32.o
LOAD ./Drivers/CMSIS/DSP/Source/TransformFunctions/arm_dct4_f32.o
LOAD ./Drivers/CMSIS/DSP/Source/TransformFunctions/arm_dct4_init_f32.o
LOAD ./Drivers/CMSIS/DSP/Source/TransformFunctions/arm_dct4_init_q15.o
LOAD ./Drivers/CMSIS/DSP/Source/TransformFunctions/arm_dct4_init_q31.o
LOAD ./Drivers/CMSIS/DSP/Source/TransformFunctions/arm_dct4_q15.o
LOAD ./Drivers/CMSIS/DSP/Source/TransformFunctions/arm_dct4_q31.o
LOAD ./Drivers/CMSIS/DSP/Source/TransformFunctions/arm_rfft_f32.o
LOAD ./Drivers/CMSIS/DSP/Source/TransformFunctions/arm_rfft_fast_f32.o
LOAD ./Drivers/CMSIS/DSP/Source/TransformFunctions/arm_rfft_fast_init_f32.o
LOAD ./Drivers/CMSIS/DSP/Source/TransformFunctions/arm_rfft_init_f32.o
LOAD ./Drivers/CMSIS/DSP/Source/TransformFunctions/arm_rfft_init_q15.o
LOAD ./Drivers/CMSIS/DSP/Source/TransformFunctions/arm_rfft_init_q31.o
LOAD ./Drivers/CMSIS/DSP/Source/TransformFunctions/arm_rfft_q15.o
LOAD ./Drivers/CMSIS/DSP/Source/TransformFunctions/arm_rfft_q31.o
LOAD ./Drivers/STM32L4xx_HAL_Driver/Src/stm32l4xx_hal.o
LOAD ./Drivers/STM32L4xx_HAL_Driver/Src/stm32l4xx_hal_cortex.o
LOAD ./Drivers/STM32L4xx_HAL_Driver/Src/stm32l4xx_hal_dma.o
LOAD ./Drivers/STM32L4xx_HAL_Driver/Src/stm32l4xx_hal_dma_ex.o
LOAD ./Drivers/STM32L4xx_HAL_Driver/Src/stm32l4xx_hal_exti.o
LOAD ./Drivers/STM32L4xx_HAL_Driver/Src/stm32l4xx_hal_flash.o
LOAD ./Drivers/STM32L4xx_HAL_Driver/Src/stm32l4xx_hal_flash_ex.o
LOAD ./Drivers/STM32L4xx_HAL_Driver/Src/stm32l4xx_hal_flash_ramfunc.o
LOAD ./Drivers/STM32L4xx_HAL_Driver/Src/stm32l4xx_hal_gpio.o
LOAD ./Drivers/STM32L4xx_HAL_Driver/Src/stm32l4xx_hal_i2c.o
LOAD ./Drivers/STM32L4xx_HAL_Driver/Src/stm32l4xx_hal_i2c_ex.o
LOAD ./Drivers/STM32L4xx_HAL_Driver/Src/stm32l4xx_hal_pwr.o
LOAD ./Drivers/STM32L4xx_HAL_Driver/Src/stm32l4xx_hal_pwr_ex.o
LOAD ./Drivers/STM32L4xx_HAL_Driver/Src/stm32l4xx_hal_rcc.o
LOAD ./Drivers/STM32L4xx_HAL_Driver/Src/stm32l4xx_hal_rcc_ex.o
LOAD ./Src/DAC.o
LOAD ./Src/UART.o
LOAD ./Src/adc.o
LOAD ./Src/delay.o
LOAD ./Src/filter_utils.o
LOAD ./Src/filters.o
LOAD ./Src/main.o
LOAD ./Src/stm32l4xx_hal_msp.o
LOAD ./Src/stm32l4xx_it.o
LOAD ./Src/syscalls.o
LOAD ./Src/sysmem.o
LOAD ./Src/system_stm32l4xx.o
LOAD ./Src/timer.o
LOAD ./Startup/startup_stm32l4a6zgtx.o
START GROUP
LOAD /nix/store/cb7ani92advvicrayi9wp9v88clq3alv-stm32cubeide/plugins/com.st.stm32cube.ide.mcu.externaltools.gnu-tools-for-stm32.13.3.rel1.linux64_1.0.0.202410170706/tools/bin/../lib/gcc/arm-none-eabi/13.3.1/../../../../arm-none-eabi/lib/thumb/v7e-m+fp/hard/libc_nano.a
LOAD /nix/store/cb7ani92advvicrayi9wp9v88clq3alv-stm32cubeide/plugins/com.st.stm32cube.ide.mcu.externaltools.gnu-tools-for-stm32.13.3.rel1.linux64_1.0.0.202410170706/tools/bin/../lib/gcc/arm-none-eabi/13.3.1/../../../../arm-none-eabi/lib/thumb/v7e-m+fp/hard/libm.a
END GROUP
START GROUP
LOAD /nix/store/cb7ani92advvicrayi9wp9v88clq3alv-stm32cubeide/plugins/com.st.stm32cube.ide.mcu.externaltools.gnu-tools-for-stm32.13.3.rel1.linux64_1.0.0.202410170706/tools/bin/../lib/gcc/arm-none-eabi/13.3.1/thumb/v7e-m+fp/hard/libgcc.a
LOAD /nix/store/cb7ani92advvicrayi9wp9v88clq3alv-stm32cubeide/plugins/com.st.stm32cube.ide.mcu.externaltools.gnu-tools-for-stm32.13.3.rel1.linux64_1.0.0.202410170706/tools/bin/../lib/gcc/arm-none-eabi/13.3.1/../../../../arm-none-eabi/lib/thumb/v7e-m+fp/hard/libc_nano.a
END GROUP
START GROUP
LOAD /nix/store/cb7ani92advvicrayi9wp9v88clq3alv-stm32cubeide/plugins/com.st.stm32cube.ide.mcu.externaltools.gnu-tools-for-stm32.13.3.rel1.linux64_1.0.0.202410170706/tools/bin/../lib/gcc/arm-none-eabi/13.3.1/thumb/v7e-m+fp/hard/libgcc.a
LOAD /nix/store/cb7ani92advvicrayi9wp9v88clq3alv-stm32cubeide/plugins/com.st.stm32cube.ide.mcu.externaltools.gnu-tools-for-stm32.13.3.rel1.linux64_1.0.0.202410170706/tools/bin/../lib/gcc/arm-none-eabi/13.3.1/../../../../arm-none-eabi/lib/thumb/v7e-m+fp/hard/libc_nano.a
LOAD /nix/store/cb7ani92advvicrayi9wp9v88clq3alv-stm32cubeide/plugins/com.st.stm32cube.ide.mcu.externaltools.gnu-tools-for-stm32.13.3.rel1.linux64_1.0.0.202410170706/tools/bin/../lib/gcc/arm-none-eabi/13.3.1/../../../../arm-none-eabi/lib/thumb/v7e-m+fp/hard/libnosys.a
END GROUP
START GROUP
LOAD /nix/store/cb7ani92advvicrayi9wp9v88clq3alv-stm32cubeide/plugins/com.st.stm32cube.ide.mcu.externaltools.gnu-tools-for-stm32.13.3.rel1.linux64_1.0.0.202410170706/tools/bin/../lib/gcc/arm-none-eabi/13.3.1/thumb/v7e-m+fp/hard/libgcc.a
LOAD /nix/store/cb7ani92advvicrayi9wp9v88clq3alv-stm32cubeide/plugins/com.st.stm32cube.ide.mcu.externaltools.gnu-tools-for-stm32.13.3.rel1.linux64_1.0.0.202410170706/tools/bin/../lib/gcc/arm-none-eabi/13.3.1/../../../../arm-none-eabi/lib/thumb/v7e-m+fp/hard/libc_nano.a
LOAD /nix/store/cb7ani92advvicrayi9wp9v88clq3alv-stm32cubeide/plugins/com.st.stm32cube.ide.mcu.externaltools.gnu-tools-for-stm32.13.3.rel1.linux64_1.0.0.202410170706/tools/bin/../lib/gcc/arm-none-eabi/13.3.1/../../../../arm-none-eabi/lib/thumb/v7e-m+fp/hard/libnosys.a
END GROUP
LOAD /nix/store/cb7ani92advvicrayi9wp9v88clq3alv-stm32cubeide/plugins/com.st.stm32cube.ide.mcu.externaltools.gnu-tools-for-stm32.13.3.rel1.linux64_1.0.0.202410170706/tools/bin/../lib/gcc/arm-none-eabi/13.3.1/thumb/v7e-m+fp/hard/crtend.o
LOAD /nix/store/cb7ani92advvicrayi9wp9v88clq3alv-stm32cubeide/plugins/com.st.stm32cube.ide.mcu.externaltools.gnu-tools-for-stm32.13.3.rel1.linux64_1.0.0.202410170706/tools/bin/../lib/gcc/arm-none-eabi/13.3.1/thumb/v7e-m+fp/hard/crtn.o
                0x20050000                        _estack = (ORIGIN (RAM) + LENGTH (RAM))
                0x00000200                        _Min_Heap_Size = 0x200
                0x00000400                        _Min_Stack_Size = 0x400

.isr_vector     0x08000000      0x1ac
                0x08000000                        . = ALIGN (0x4)
 *(.isr_vector)
 .isr_vector    0x08000000      0x1ac ./Startup/startup_stm32l4a6zgtx.o
                0x08000000                g_pfnVectors
                0x080001ac                        . = ALIGN (0x4)

.text           0x080001b0     0x3870
                0x080001b0                        . = ALIGN (0x4)
 *(.text)
 .text          0x080001b0       0x40 /nix/store/cb7ani92advvicrayi9wp9v88clq3alv-stm32cubeide/plugins/com.st.stm32cube.ide.mcu.externaltools.gnu-tools-for-stm32.13.3.rel1.linux64_1.0.0.202410170706/tools/bin/../lib/gcc/arm-none-eabi/13.3.1/thumb/v7e-m+fp/hard/crtbegin.o
 .text          0x080001f0      0x378 /nix/store/cb7ani92advvicrayi9wp9v88clq3alv-stm32cubeide/plugins/com.st.stm32cube.ide.mcu.externaltools.gnu-tools-for-stm32.13.3.rel1.linux64_1.0.0.202410170706/tools/bin/../lib/gcc/arm-none-eabi/13.3.1/thumb/v7e-m+fp/hard/libgcc.a(_arm_addsubdf3.o)
                0x080001f0                __aeabi_drsub
                0x080001f8                __aeabi_dsub
                0x080001f8                __subdf3
                0x080001fc                __adddf3
                0x080001fc                __aeabi_dadd
                0x08000474                __aeabi_ui2d
                0x08000474                __floatunsidf
                0x08000494                __floatsidf
                0x08000494                __aeabi_i2d
                0x080004b8                __extendsfdf2
                0x080004b8                __aeabi_f2d
                0x080004fc                __aeabi_ul2d
                0x080004fc                __floatundidf
                0x0800050c                __floatdidf
                0x0800050c                __aeabi_l2d
 .text          0x08000568      0x424 /nix/store/cb7ani92advvicrayi9wp9v88clq3alv-stm32cubeide/plugins/com.st.stm32cube.ide.mcu.externaltools.gnu-tools-for-stm32.13.3.rel1.linux64_1.0.0.202410170706/tools/bin/../lib/gcc/arm-none-eabi/13.3.1/thumb/v7e-m+fp/hard/libgcc.a(_arm_muldivdf3.o)
                0x08000568                __aeabi_dmul
                0x08000568                __muldf3
                0x080007bc                __aeabi_ddiv
                0x080007bc                __divdf3
 .text          0x0800098c      0x110 /nix/store/cb7ani92advvicrayi9wp9v88clq3alv-stm32cubeide/plugins/com.st.stm32cube.ide.mcu.externaltools.gnu-tools-for-stm32.13.3.rel1.linux64_1.0.0.202410170706/tools/bin/../lib/gcc/arm-none-eabi/13.3.1/thumb/v7e-m+fp/hard/libgcc.a(_arm_cmpdf2.o)
                0x0800098c                __gtdf2
                0x0800098c                __gedf2
                0x08000994                __ltdf2
                0x08000994                __ledf2
                0x0800099c                __cmpdf2
                0x0800099c                __eqdf2
                0x0800099c                __nedf2
                0x08000a18                __aeabi_cdrcmple
                0x08000a28                __aeabi_cdcmple
                0x08000a28                __aeabi_cdcmpeq
                0x08000a38                __aeabi_dcmpeq
                0x08000a4c                __aeabi_dcmplt
                0x08000a60                __aeabi_dcmple
                0x08000a74                __aeabi_dcmpge
                0x08000a88                __aeabi_dcmpgt
 .text          0x08000a9c       0x50 /nix/store/cb7ani92advvicrayi9wp9v88clq3alv-stm32cubeide/plugins/com.st.stm32cube.ide.mcu.externaltools.gnu-tools-for-stm32.13.3.rel1.linux64_1.0.0.202410170706/tools/bin/../lib/gcc/arm-none-eabi/13.3.1/thumb/v7e-m+fp/hard/libgcc.a(_arm_fixdfsi.o)
                0x08000a9c                __fixdfsi
                0x08000a9c                __aeabi_d2iz
 .text          0x08000aec       0xa0 /nix/store/cb7ani92advvicrayi9wp9v88clq3alv-stm32cubeide/plugins/com.st.stm32cube.ide.mcu.externaltools.gnu-tools-for-stm32.13.3.rel1.linux64_1.0.0.202410170706/tools/bin/../lib/gcc/arm-none-eabi/13.3.1/thumb/v7e-m+fp/hard/libgcc.a(_arm_truncdfsf2.o)
                0x08000aec                __aeabi_d2f
                0x08000aec                __truncdfsf2
 *(.text*)
 .text.arm_biquad_cascade_df1_f32
                0x08000b8c       0x88 ./Drivers/CMSIS/DSP/Source/FilteringFunctions/arm_biquad_cascade_df1_f32.o
                0x08000b8c                arm_biquad_cascade_df1_f32
 .text.arm_biquad_cascade_df1_init_f32
                0x08000c14       0x16 ./Drivers/CMSIS/DSP/Source/FilteringFunctions/arm_biquad_cascade_df1_init_f32.o
                0x08000c14                arm_biquad_cascade_df1_init_f32
 *fill*         0x08000c2a        0x2 
 .text.arm_rfft_4096_fast_init_f32
                0x08000c2c       0x38 ./Drivers/CMSIS/DSP/Source/TransformFunctions/arm_rfft_fast_init_f32.o
                0x08000c2c                arm_rfft_4096_fast_init_f32
 .text.HAL_InitTick
                0x08000c64       0x4c ./Drivers/STM32L4xx_HAL_Driver/Src/stm32l4xx_hal.o
                0x08000c64                HAL_InitTick
 .text.HAL_Init
                0x08000cb0       0x1e ./Drivers/STM32L4xx_HAL_Driver/Src/stm32l4xx_hal.o
                0x08000cb0                HAL_Init
 *fill*         0x08000cce        0x2 
 .text.HAL_IncTick
                0x08000cd0       0x18 ./Drivers/STM32L4xx_HAL_Driver/Src/stm32l4xx_hal.o
                0x08000cd0                HAL_IncTick
 .text.HAL_GetTick
                0x08000ce8        0xc ./Drivers/STM32L4xx_HAL_Driver/Src/stm32l4xx_hal.o
                0x08000ce8                HAL_GetTick
 .text.HAL_NVIC_SetPriorityGrouping
                0x08000cf4       0x24 ./Drivers/STM32L4xx_HAL_Driver/Src/stm32l4xx_hal_cortex.o
                0x08000cf4                HAL_NVIC_SetPriorityGrouping
 .text.HAL_NVIC_SetPriority
                0x08000d18       0x64 ./Drivers/STM32L4xx_HAL_Driver/Src/stm32l4xx_hal_cortex.o
                0x08000d18                HAL_NVIC_SetPriority
 .text.HAL_SYSTICK_Config
                0x08000d7c       0x28 ./Drivers/STM32L4xx_HAL_Driver/Src/stm32l4xx_hal_cortex.o
                0x08000d7c                HAL_SYSTICK_Config
 .text.HAL_PWREx_GetVoltageRange
                0x08000da4       0x10 ./Drivers/STM32L4xx_HAL_Driver/Src/stm32l4xx_hal_pwr_ex.o
                0x08000da4                HAL_PWREx_GetVoltageRange
 .text.HAL_PWREx_ControlVoltageScaling
                0x08000db4       0x6c ./Drivers/STM32L4xx_HAL_Driver/Src/stm32l4xx_hal_pwr_ex.o
                0x08000db4                HAL_PWREx_ControlVoltageScaling
 .text.RCC_SetFlashLatencyFromMSIRange
                0x08000e20       0x84 ./Drivers/STM32L4xx_HAL_Driver/Src/stm32l4xx_hal_rcc.o
 .text.HAL_RCC_GetSysClockFreq
                0x08000ea4       0x94 ./Drivers/STM32L4xx_HAL_Driver/Src/stm32l4xx_hal_rcc.o
                0x08000ea4                HAL_RCC_GetSysClockFreq
 .text.HAL_RCC_OscConfig
                0x08000f38      0x54c ./Drivers/STM32L4xx_HAL_Driver/Src/stm32l4xx_hal_rcc.o
                0x08000f38                HAL_RCC_OscConfig
 .text.HAL_RCC_ClockConfig
                0x08001484      0x154 ./Drivers/STM32L4xx_HAL_Driver/Src/stm32l4xx_hal_rcc.o
                0x08001484                HAL_RCC_ClockConfig
 .text.DAC_Write
                0x080015d8       0x20 ./Src/DAC.o
                0x080015d8                DAC_Write
 .text.DAC_Write_Volt
                0x080015f8       0xd0 ./Src/DAC.o
                0x080015f8                DAC_Write_Volt
 .text.SPI_Init
                0x080016c8       0x60 ./Src/DAC.o
                0x080016c8                SPI_Init
 .text.DAC_Init
                0x08001728       0x68 ./Src/DAC.o
                0x08001728                DAC_Init
 .text.UART_Print
                0x08001790       0x20 ./Src/UART.o
                0x08001790                UART_Print
 .text.LPUART_ESC_Print
                0x080017b0       0xa4 ./Src/UART.o
                0x080017b0                LPUART_ESC_Print
 .text.LPUART1_IRQHandler
                0x08001854       0x2c ./Src/UART.o
                0x08001854                LPUART1_IRQHandler
 .text.ADC_init
                0x08001880       0xd0 ./Src/adc.o
                0x08001880                ADC_init
 .text.ADC1_2_IRQHandler
                0x08001950       0x2c ./Src/adc.o
                0x08001950                ADC1_2_IRQHandler
 .text.delay_us
                0x0800197c       0x30 ./Src/delay.o
                0x0800197c                delay_us
 .text.init_FFT
                0x080019ac        0xc ./Src/filter_utils.o
                0x080019ac                init_FFT
 .text.load_IIR
                0x080019b8       0x14 ./Src/filter_utils.o
                0x080019b8                load_IIR
 .text.perform_IIR
                0x080019cc       0x14 ./Src/filter_utils.o
                0x080019cc                perform_IIR
 .text.normalizeToBiquad
                0x080019e0       0x52 ./Src/filter_utils.o
                0x080019e0                normalizeToBiquad
 *fill*         0x08001a32        0x2 
 .text.omega    0x08001a34       0x1c ./Src/filter_utils.o
                0x08001a34                omega
 .text.alpha_bw
                0x08001a50       0x98 ./Src/filter_utils.o
                0x08001a50                alpha_bw
 .text.LPF      0x08001ae8       0xa0 ./Src/filters.o
                0x08001ae8                LPF
 .text.SystemClock_Config
                0x08001b88       0x62 ./Src/main.o
                0x08001b88                SystemClock_Config
 *fill*         0x08001bea        0x2 
 .text.startup.main
                0x08001bec       0x58 ./Src/main.o
                0x08001bec                main
 .text.HAL_MspInit
                0x08001c44       0x30 ./Src/stm32l4xx_hal_msp.o
                0x08001c44                HAL_MspInit
 .text.NMI_Handler
                0x08001c74        0x2 ./Src/stm32l4xx_it.o
                0x08001c74                NMI_Handler
 .text.HardFault_Handler
                0x08001c76        0x2 ./Src/stm32l4xx_it.o
                0x08001c76                HardFault_Handler
 .text.MemManage_Handler
                0x08001c78        0x2 ./Src/stm32l4xx_it.o
                0x08001c78                MemManage_Handler
 .text.BusFault_Handler
                0x08001c7a        0x2 ./Src/stm32l4xx_it.o
                0x08001c7a                BusFault_Handler
 .text.UsageFault_Handler
                0x08001c7c        0x2 ./Src/stm32l4xx_it.o
                0x08001c7c                UsageFault_Handler
 .text.SVC_Handler
                0x08001c7e        0x2 ./Src/stm32l4xx_it.o
                0x08001c7e                SVC_Handler
 .text.DebugMon_Handler
                0x08001c80        0x2 ./Src/stm32l4xx_it.o
                0x08001c80                DebugMon_Handler
 .text.PendSV_Handler
                0x08001c82        0x2 ./Src/stm32l4xx_it.o
                0x08001c82                PendSV_Handler
 .text.SysTick_Handler
                0x08001c84        0x4 ./Src/stm32l4xx_it.o
                0x08001c84                SysTick_Handler
 .text._sbrk    0x08001c88       0x40 ./Src/sysmem.o
                0x08001c88                _sbrk
 .text.SystemInit
                0x08001cc8       0x14 ./Src/system_stm32l4xx.o
                0x08001cc8                SystemInit
 .text.TIM2_IRQHandler
                0x08001cdc       0x2c ./Src/timer.o
                0x08001cdc                TIM2_IRQHandler
 .text.Reset_Handler
                0x08001d08       0x50 ./Startup/startup_stm32l4a6zgtx.o
                0x08001d08                Reset_Handler
 .text.Default_Handler
                0x08001d58        0x2 ./Startup/startup_stm32l4a6zgtx.o
                0x08001d58                RTC_Alarm_IRQHandler
                0x08001d58                HASH_RNG_IRQHandler
                0x08001d58                EXTI2_IRQHandler
                0x08001d58                TIM8_TRG_COM_IRQHandler
                0x08001d58                TIM8_CC_IRQHandler
                0x08001d58                TIM1_CC_IRQHandler
                0x08001d58                TSC_IRQHandler
                0x08001d58                TAMP_STAMP_IRQHandler
                0x08001d58                CAN2_RX1_IRQHandler
                0x08001d58                EXTI3_IRQHandler
                0x08001d58                LPTIM2_IRQHandler
                0x08001d58                DFSDM1_FLT1_IRQHandler
                0x08001d58                I2C3_ER_IRQHandler
                0x08001d58                DFSDM1_FLT2_IRQHandler
                0x08001d58                EXTI0_IRQHandler
                0x08001d58                I2C2_EV_IRQHandler
                0x08001d58                CAN1_RX0_IRQHandler
                0x08001d58                FPU_IRQHandler
                0x08001d58                TIM1_UP_TIM16_IRQHandler
                0x08001d58                CAN2_SCE_IRQHandler
                0x08001d58                SPI1_IRQHandler
                0x08001d58                TIM6_DAC_IRQHandler
                0x08001d58                DCMI_IRQHandler
                0x08001d58                CAN2_RX0_IRQHandler
                0x08001d58                TIM8_UP_IRQHandler
                0x08001d58                DMA2_Channel2_IRQHandler
                0x08001d58                DMA1_Channel4_IRQHandler
                0x08001d58                SAI2_IRQHandler
                0x08001d58                DFSDM1_FLT3_IRQHandler
                0x08001d58                USART3_IRQHandler
                0x08001d58                DMA1_Channel7_IRQHandler
                0x08001d58                CAN1_RX1_IRQHandler
                0x08001d58                LCD_IRQHandler
                0x08001d58                UART5_IRQHandler
                0x08001d58                ADC3_IRQHandler
                0x08001d58                TIM4_IRQHandler
                0x08001d58                DMA2_Channel1_IRQHandler
                0x08001d58                QUADSPI_IRQHandler
                0x08001d58                I2C1_EV_IRQHandler
                0x08001d58                DMA1_Channel6_IRQHandler
                0x08001d58                UART4_IRQHandler
                0x08001d58                DMA2_Channel4_IRQHandler
                0x08001d58                TIM3_IRQHandler
                0x08001d58                RCC_IRQHandler
                0x08001d58                DMA1_Channel1_IRQHandler
                0x08001d58                Default_Handler
                0x08001d58                DMA2_Channel7_IRQHandler
                0x08001d58                EXTI15_10_IRQHandler
                0x08001d58                TIM7_IRQHandler
                0x08001d58                SDMMC1_IRQHandler
                0x08001d58                CAN2_TX_IRQHandler
                0x08001d58                TIM5_IRQHandler
                0x08001d58                I2C3_EV_IRQHandler
                0x08001d58                EXTI9_5_IRQHandler
                0x08001d58                RTC_WKUP_IRQHandler
                0x08001d58                PVD_PVM_IRQHandler
                0x08001d58                SPI2_IRQHandler
                0x08001d58                CAN1_TX_IRQHandler
                0x08001d58                DMA2_Channel5_IRQHandler
                0x08001d58                CRS_IRQHandler
                0x08001d58                DMA1_Channel5_IRQHandler
                0x08001d58                EXTI4_IRQHandler
                0x08001d58                TIM1_TRG_COM_TIM17_IRQHandler
                0x08001d58                DMA1_Channel3_IRQHandler
                0x08001d58                COMP_IRQHandler
                0x08001d58                WWDG_IRQHandler
                0x08001d58                I2C4_EV_IRQHandler
                0x08001d58                DMA2_Channel6_IRQHandler
                0x08001d58                DMA2D_IRQHandler
                0x08001d58                EXTI1_IRQHandler
                0x08001d58                AES_IRQHandler
                0x08001d58                USART2_IRQHandler
                0x08001d58                DFSDM1_FLT0_IRQHandler
                0x08001d58                I2C2_ER_IRQHandler
                0x08001d58                DMA1_Channel2_IRQHandler
                0x08001d58                TIM8_BRK_IRQHandler
                0x08001d58                CAN1_SCE_IRQHandler
                0x08001d58                FLASH_IRQHandler
                0x08001d58                USART1_IRQHandler
                0x08001d58                OTG_FS_IRQHandler
                0x08001d58                SPI3_IRQHandler
                0x08001d58                I2C1_ER_IRQHandler
                0x08001d58                FMC_IRQHandler
                0x08001d58                SWPMI1_IRQHandler
                0x08001d58                LPTIM1_IRQHandler
                0x08001d58                I2C4_ER_IRQHandler
                0x08001d58                SAI1_IRQHandler
                0x08001d58                DMA2_Channel3_IRQHandler
                0x08001d58                TIM1_BRK_TIM15_IRQHandler
 *fill*         0x08001d5a        0x2 
 .text.malloc   0x08001d5c       0x10 /nix/store/cb7ani92advvicrayi9wp9v88clq3alv-stm32cubeide/plugins/com.st.stm32cube.ide.mcu.externaltools.gnu-tools-for-stm32.13.3.rel1.linux64_1.0.0.202410170706/tools/bin/../lib/gcc/arm-none-eabi/13.3.1/../../../../arm-none-eabi/lib/thumb/v7e-m+fp/hard/libc_nano.a(libc_a-malloc.o)
                0x08001d5c                malloc
 .text.sbrk_aligned
                0x08001d6c       0x44 /nix/store/cb7ani92advvicrayi9wp9v88clq3alv-stm32cubeide/plugins/com.st.stm32cube.ide.mcu.externaltools.gnu-tools-for-stm32.13.3.rel1.linux64_1.0.0.202410170706/tools/bin/../lib/gcc/arm-none-eabi/13.3.1/../../../../arm-none-eabi/lib/thumb/v7e-m+fp/hard/libc_nano.a(libc_a-mallocr.o)
 .text._malloc_r
                0x08001db0      0x100 /nix/store/cb7ani92advvicrayi9wp9v88clq3alv-stm32cubeide/plugins/com.st.stm32cube.ide.mcu.externaltools.gnu-tools-for-stm32.13.3.rel1.linux64_1.0.0.202410170706/tools/bin/../lib/gcc/arm-none-eabi/13.3.1/../../../../arm-none-eabi/lib/thumb/v7e-m+fp/hard/libc_nano.a(libc_a-mallocr.o)
                0x08001db0                _malloc_r
 .text.__malloc_lock
                0x08001eb0        0xc /nix/store/cb7ani92advvicrayi9wp9v88clq3alv-stm32cubeide/plugins/com.st.stm32cube.ide.mcu.externaltools.gnu-tools-for-stm32.13.3.rel1.linux64_1.0.0.202410170706/tools/bin/../lib/gcc/arm-none-eabi/13.3.1/../../../../arm-none-eabi/lib/thumb/v7e-m+fp/hard/libc_nano.a(libc_a-mlock.o)
                0x08001eb0                __malloc_lock
 .text.__malloc_unlock
                0x08001ebc        0xc /nix/store/cb7ani92advvicrayi9wp9v88clq3alv-stm32cubeide/plugins/com.st.stm32cube.ide.mcu.externaltools.gnu-tools-for-stm32.13.3.rel1.linux64_1.0.0.202410170706/tools/bin/../lib/gcc/arm-none-eabi/13.3.1/../../../../arm-none-eabi/lib/thumb/v7e-m+fp/hard/libc_nano.a(libc_a-mlock.o)
                0x08001ebc                __malloc_unlock
 .text.memset   0x08001ec8       0x10 /nix/store/cb7ani92advvicrayi9wp9v88clq3alv-stm32cubeide/plugins/com.st.stm32cube.ide.mcu.externaltools.gnu-tools-for-stm32.13.3.rel1.linux64_1.0.0.202410170706/tools/bin/../lib/gcc/arm-none-eabi/13.3.1/../../../../arm-none-eabi/lib/thumb/v7e-m+fp/hard/libc_nano.a(libc_a-memset.o)
                0x08001ec8                memset
 .text._sbrk_r  0x08001ed8       0x20 /nix/store/cb7ani92advvicrayi9wp9v88clq3alv-stm32cubeide/plugins/com.st.stm32cube.ide.mcu.externaltools.gnu-tools-for-stm32.13.3.rel1.linux64_1.0.0.202410170706/tools/bin/../lib/gcc/arm-none-eabi/13.3.1/../../../../arm-none-eabi/lib/thumb/v7e-m+fp/hard/libc_nano.a(libc_a-sbrkr.o)
                0x08001ed8                _sbrk_r
 .text.__errno  0x08001ef8        0xc /nix/store/cb7ani92advvicrayi9wp9v88clq3alv-stm32cubeide/plugins/com.st.stm32cube.ide.mcu.externaltools.gnu-tools-for-stm32.13.3.rel1.linux64_1.0.0.202410170706/tools/bin/../lib/gcc/arm-none-eabi/13.3.1/../../../../arm-none-eabi/lib/thumb/v7e-m+fp/hard/libc_nano.a(libc_a-errno.o)
                0x08001ef8                __errno
 .text.__libc_init_array
                0x08001f04       0x48 /nix/store/cb7ani92advvicrayi9wp9v88clq3alv-stm32cubeide/plugins/com.st.stm32cube.ide.mcu.externaltools.gnu-tools-for-stm32.13.3.rel1.linux64_1.0.0.202410170706/tools/bin/../lib/gcc/arm-none-eabi/13.3.1/../../../../arm-none-eabi/lib/thumb/v7e-m+fp/hard/libc_nano.a(libc_a-init.o)
                0x08001f04                __libc_init_array
 .text.__retarget_lock_acquire_recursive
                0x08001f4c        0x2 /nix/store/cb7ani92advvicrayi9wp9v88clq3alv-stm32cubeide/plugins/com.st.stm32cube.ide.mcu.externaltools.gnu-tools-for-stm32.13.3.rel1.linux64_1.0.0.202410170706/tools/bin/../lib/gcc/arm-none-eabi/13.3.1/../../../../arm-none-eabi/lib/thumb/v7e-m+fp/hard/libc_nano.a(libc_a-lock.o)
                0x08001f4c                __retarget_lock_acquire_recursive
 .text.__retarget_lock_release_recursive
                0x08001f4e        0x2 /nix/store/cb7ani92advvicrayi9wp9v88clq3alv-stm32cubeide/plugins/com.st.stm32cube.ide.mcu.externaltools.gnu-tools-for-stm32.13.3.rel1.linux64_1.0.0.202410170706/tools/bin/../lib/gcc/arm-none-eabi/13.3.1/../../../../arm-none-eabi/lib/thumb/v7e-m+fp/hard/libc_nano.a(libc_a-lock.o)
                0x08001f4e                __retarget_lock_release_recursive
 .text.sinh     0x08001f50       0x70 /nix/store/cb7ani92advvicrayi9wp9v88clq3alv-stm32cubeide/plugins/com.st.stm32cube.ide.mcu.externaltools.gnu-tools-for-stm32.13.3.rel1.linux64_1.0.0.202410170706/tools/bin/../lib/gcc/arm-none-eabi/13.3.1/../../../../arm-none-eabi/lib/thumb/v7e-m+fp/hard/libm.a(libm_a-w_sinh.o)
                0x08001f50                sinh
 .text.cos      0x08001fc0       0xa8 /nix/store/cb7ani92advvicrayi9wp9v88clq3alv-stm32cubeide/plugins/com.st.stm32cube.ide.mcu.externaltools.gnu-tools-for-stm32.13.3.rel1.linux64_1.0.0.202410170706/tools/bin/../lib/gcc/arm-none-eabi/13.3.1/../../../../arm-none-eabi/lib/thumb/v7e-m+fp/hard/libm.a(libm_a-s_cos.o)
                0x08001fc0                cos
 .text.sin      0x08002068       0xa8 /nix/store/cb7ani92advvicrayi9wp9v88clq3alv-stm32cubeide/plugins/com.st.stm32cube.ide.mcu.externaltools.gnu-tools-for-stm32.13.3.rel1.linux64_1.0.0.202410170706/tools/bin/../lib/gcc/arm-none-eabi/13.3.1/../../../../arm-none-eabi/lib/thumb/v7e-m+fp/hard/libm.a(libm_a-s_sin.o)
                0x08002068                sin
 .text.finite   0x08002110       0x16 /nix/store/cb7ani92advvicrayi9wp9v88clq3alv-stm32cubeide/plugins/com.st.stm32cube.ide.mcu.externaltools.gnu-tools-for-stm32.13.3.rel1.linux64_1.0.0.202410170706/tools/bin/../lib/gcc/arm-none-eabi/13.3.1/../../../../arm-none-eabi/lib/thumb/v7e-m+fp/hard/libm.a(libm_a-s_finite.o)
                0x08002110                finite
 *fill*         0x08002126        0x2 
 .text.__kernel_cos
                0x08002128      0x18c /nix/store/cb7ani92advvicrayi9wp9v88clq3alv-stm32cubeide/plugins/com.st.stm32cube.ide.mcu.externaltools.gnu-tools-for-stm32.13.3.rel1.linux64_1.0.0.202410170706/tools/bin/../lib/gcc/arm-none-eabi/13.3.1/../../../../arm-none-eabi/lib/thumb/v7e-m+fp/hard/libm.a(libm_a-k_cos.o)
                0x08002128                __kernel_cos
 *fill*         0x080022b4        0x4 
 .text.__kernel_sin
                0x080022b8      0x174 /nix/store/cb7ani92advvicrayi9wp9v88clq3alv-stm32cubeide/plugins/com.st.stm32cube.ide.mcu.externaltools.gnu-tools-for-stm32.13.3.rel1.linux64_1.0.0.202410170706/tools/bin/../lib/gcc/arm-none-eabi/13.3.1/../../../../arm-none-eabi/lib/thumb/v7e-m+fp/hard/libm.a(libm_a-k_sin.o)
                0x080022b8                __kernel_sin
 *fill*         0x0800242c        0x4 
 .text.__ieee754_rem_pio2
                0x08002430      0x3f8 /nix/store/cb7ani92advvicrayi9wp9v88clq3alv-stm32cubeide/plugins/com.st.stm32cube.ide.mcu.externaltools.gnu-tools-for-stm32.13.3.rel1.linux64_1.0.0.202410170706/tools/bin/../lib/gcc/arm-none-eabi/13.3.1/../../../../arm-none-eabi/lib/thumb/v7e-m+fp/hard/libm.a(libm_a-e_rem_pio2.o)
                0x08002430                __ieee754_rem_pio2
 .text.__ieee754_sinh
                0x08002828      0x178 /nix/store/cb7ani92advvicrayi9wp9v88clq3alv-stm32cubeide/plugins/com.st.stm32cube.ide.mcu.externaltools.gnu-tools-for-stm32.13.3.rel1.linux64_1.0.0.202410170706/tools/bin/../lib/gcc/arm-none-eabi/13.3.1/../../../../arm-none-eabi/lib/thumb/v7e-m+fp/hard/libm.a(libm_a-e_sinh.o)
                0x08002828                __ieee754_sinh
 .text.fabs     0x080029a0       0x10 /nix/store/cb7ani92advvicrayi9wp9v88clq3alv-stm32cubeide/plugins/com.st.stm32cube.ide.mcu.externaltools.gnu-tools-for-stm32.13.3.rel1.linux64_1.0.0.202410170706/tools/bin/../lib/gcc/arm-none-eabi/13.3.1/../../../../arm-none-eabi/lib/thumb/v7e-m+fp/hard/libm.a(libm_a-s_fabs.o)
                0x080029a0                fabs
 .text.expm1    0x080029b0      0x458 /nix/store/cb7ani92advvicrayi9wp9v88clq3alv-stm32cubeide/plugins/com.st.stm32cube.ide.mcu.externaltools.gnu-tools-for-stm32.13.3.rel1.linux64_1.0.0.202410170706/tools/bin/../lib/gcc/arm-none-eabi/13.3.1/../../../../arm-none-eabi/lib/thumb/v7e-m+fp/hard/libm.a(libm_a-s_expm1.o)
                0x080029b0                expm1
 .text.with_errno
                0x08002e08       0x24 /nix/store/cb7ani92advvicrayi9wp9v88clq3alv-stm32cubeide/plugins/com.st.stm32cube.ide.mcu.externaltools.gnu-tools-for-stm32.13.3.rel1.linux64_1.0.0.202410170706/tools/bin/../lib/gcc/arm-none-eabi/13.3.1/../../../../arm-none-eabi/lib/thumb/v7e-m+fp/hard/libm.a(libm_a-math_err.o)
 .text.xflow    0x08002e2c       0x32 /nix/store/cb7ani92advvicrayi9wp9v88clq3alv-stm32cubeide/plugins/com.st.stm32cube.ide.mcu.externaltools.gnu-tools-for-stm32.13.3.rel1.linux64_1.0.0.202410170706/tools/bin/../lib/gcc/arm-none-eabi/13.3.1/../../../../arm-none-eabi/lib/thumb/v7e-m+fp/hard/libm.a(libm_a-math_err.o)
 *fill*         0x08002e5e        0x2 
 .text.__math_uflow
                0x08002e60       0x10 /nix/store/cb7ani92advvicrayi9wp9v88clq3alv-stm32cubeide/plugins/com.st.stm32cube.ide.mcu.externaltools.gnu-tools-for-stm32.13.3.rel1.linux64_1.0.0.202410170706/tools/bin/../lib/gcc/arm-none-eabi/13.3.1/../../../../arm-none-eabi/lib/thumb/v7e-m+fp/hard/libm.a(libm_a-math_err.o)
                0x08002e60                __math_uflow
 .text.__math_oflow
                0x08002e70       0x10 /nix/store/cb7ani92advvicrayi9wp9v88clq3alv-stm32cubeide/plugins/com.st.stm32cube.ide.mcu.externaltools.gnu-tools-for-stm32.13.3.rel1.linux64_1.0.0.202410170706/tools/bin/../lib/gcc/arm-none-eabi/13.3.1/../../../../arm-none-eabi/lib/thumb/v7e-m+fp/hard/libm.a(libm_a-math_err.o)
                0x08002e70                __math_oflow
 .text.__kernel_rem_pio2
                0x08002e80      0x6a0 /nix/store/cb7ani92advvicrayi9wp9v88clq3alv-stm32cubeide/plugins/com.st.stm32cube.ide.mcu.externaltools.gnu-tools-for-stm32.13.3.rel1.linux64_1.0.0.202410170706/tools/bin/../lib/gcc/arm-none-eabi/13.3.1/../../../../arm-none-eabi/lib/thumb/v7e-m+fp/hard/libm.a(libm_a-k_rem_pio2.o)
                0x08002e80                __kernel_rem_pio2
 .text.__ieee754_exp
                0x08003520      0x2f4 /nix/store/cb7ani92advvicrayi9wp9v88clq3alv-stm32cubeide/plugins/com.st.stm32cube.ide.mcu.externaltools.gnu-tools-for-stm32.13.3.rel1.linux64_1.0.0.202410170706/tools/bin/../lib/gcc/arm-none-eabi/13.3.1/../../../../arm-none-eabi/lib/thumb/v7e-m+fp/hard/libm.a(libm_a-e_exp.o)
                0x08003520                __ieee754_exp
 *fill*         0x08003814        0x4 
 .text.scalbn   0x08003818       0xf4 /nix/store/cb7ani92advvicrayi9wp9v88clq3alv-stm32cubeide/plugins/com.st.stm32cube.ide.mcu.externaltools.gnu-tools-for-stm32.13.3.rel1.linux64_1.0.0.202410170706/tools/bin/../lib/gcc/arm-none-eabi/13.3.1/../../../../arm-none-eabi/lib/thumb/v7e-m+fp/hard/libm.a(libm_a-s_scalbn.o)
                0x08003818                scalbn
 *fill*         0x0800390c        0x4 
 .text.floor    0x08003910       0xf8 /nix/store/cb7ani92advvicrayi9wp9v88clq3alv-stm32cubeide/plugins/com.st.stm32cube.ide.mcu.externaltools.gnu-tools-for-stm32.13.3.rel1.linux64_1.0.0.202410170706/tools/bin/../lib/gcc/arm-none-eabi/13.3.1/../../../../arm-none-eabi/lib/thumb/v7e-m+fp/hard/libm.a(libm_a-s_floor.o)
                0x08003910                floor
 *(.glue_7)
 .glue_7        0x08003a08        0x0 linker stubs
 *(.glue_7t)
 .glue_7t       0x08003a08        0x0 linker stubs
 *(.eh_frame)
 .eh_frame      0x08003a08        0x0 /nix/store/cb7ani92advvicrayi9wp9v88clq3alv-stm32cubeide/plugins/com.st.stm32cube.ide.mcu.externaltools.gnu-tools-for-stm32.13.3.rel1.linux64_1.0.0.202410170706/tools/bin/../lib/gcc/arm-none-eabi/13.3.1/thumb/v7e-m+fp/hard/crtbegin.o
 *(.init)
 .init          0x08003a08        0x4 /nix/store/cb7ani92advvicrayi9wp9v88clq3alv-stm32cubeide/plugins/com.st.stm32cube.ide.mcu.externaltools.gnu-tools-for-stm32.13.3.rel1.linux64_1.0.0.202410170706/tools/bin/../lib/gcc/arm-none-eabi/13.3.1/thumb/v7e-m+fp/hard/crti.o
                0x08003a08                _init
 .init          0x08003a0c        0x8 /nix/store/cb7ani92advvicrayi9wp9v88clq3alv-stm32cubeide/plugins/com.st.stm32cube.ide.mcu.externaltools.gnu-tools-for-stm32.13.3.rel1.linux64_1.0.0.202410170706/tools/bin/../lib/gcc/arm-none-eabi/13.3.1/thumb/v7e-m+fp/hard/crtn.o
 *(.fini)
 .fini          0x08003a14        0x4 /nix/store/cb7ani92advvicrayi9wp9v88clq3alv-stm32cubeide/plugins/com.st.stm32cube.ide.mcu.externaltools.gnu-tools-for-stm32.13.3.rel1.linux64_1.0.0.202410170706/tools/bin/../lib/gcc/arm-none-eabi/13.3.1/thumb/v7e-m+fp/hard/crti.o
                0x08003a14                _fini
 .fini          0x08003a18        0x8 /nix/store/cb7ani92advvicrayi9wp9v88clq3alv-stm32cubeide/plugins/com.st.stm32cube.ide.mcu.externaltools.gnu-tools-for-stm32.13.3.rel1.linux64_1.0.0.202410170706/tools/bin/../lib/gcc/arm-none-eabi/13.3.1/thumb/v7e-m+fp/hard/crtn.o
                0x08003a20                        . = ALIGN (0x4)
                0x08003a20                        _etext = .

.vfp11_veneer   0x08003a20        0x0
 .vfp11_veneer  0x08003a20        0x0 linker stubs

.v4_bx          0x08003a20        0x0
 .v4_bx         0x08003a20        0x0 linker stubs

.iplt           0x08003a20        0x0
 .iplt          0x08003a20        0x0 /nix/store/cb7ani92advvicrayi9wp9v88clq3alv-stm32cubeide/plugins/com.st.stm32cube.ide.mcu.externaltools.gnu-tools-for-stm32.13.3.rel1.linux64_1.0.0.202410170706/tools/bin/../lib/gcc/arm-none-eabi/13.3.1/thumb/v7e-m+fp/hard/crtbegin.o

.rodata         0x08003a20     0xa028
                0x08003a20                        . = ALIGN (0x4)
 *(.rodata)
 *(.rodata*)
 .rodata.twiddleCoef_rfft_4096
                0x08003a20     0x4000 ./Drivers/CMSIS/DSP/Source/CommonTables/arm_common_tables.o
                0x08003a20                twiddleCoef_rfft_4096
 .rodata.armBitRevIndexTable2048
                0x08007a20     0x1dc0 ./Drivers/CMSIS/DSP/Source/CommonTables/arm_common_tables.o
                0x08007a20                armBitRevIndexTable2048
 .rodata.twiddleCoef_2048
                0x080097e0     0x4000 ./Drivers/CMSIS/DSP/Source/CommonTables/arm_common_tables.o
                0x080097e0                twiddleCoef_2048
 .rodata.LPUART_ESC_Print.str1.1
                0x0800d7e0       0x1d ./Src/UART.o
 .rodata.LPUART1_IRQHandler.str1.1
                0x0800d7fd        0x2 ./Src/UART.o
 *fill*         0x0800d7fd        0x3 
 .rodata.MSIRangeTable
                0x0800d800       0x30 ./Src/system_stm32l4xx.o
                0x0800d800                MSIRangeTable
 .rodata.AHBPrescTable
                0x0800d830       0x10 ./Src/system_stm32l4xx.o
                0x0800d830                AHBPrescTable
 .rodata.npio2_hw
                0x0800d840       0x80 /nix/store/cb7ani92advvicrayi9wp9v88clq3alv-stm32cubeide/plugins/com.st.stm32cube.ide.mcu.externaltools.gnu-tools-for-stm32.13.3.rel1.linux64_1.0.0.202410170706/tools/bin/../lib/gcc/arm-none-eabi/13.3.1/../../../../arm-none-eabi/lib/thumb/v7e-m+fp/hard/libm.a(libm_a-e_rem_pio2.o)
 .rodata.two_over_pi
                0x0800d8c0      0x108 /nix/store/cb7ani92advvicrayi9wp9v88clq3alv-stm32cubeide/plugins/com.st.stm32cube.ide.mcu.externaltools.gnu-tools-for-stm32.13.3.rel1.linux64_1.0.0.202410170706/tools/bin/../lib/gcc/arm-none-eabi/13.3.1/../../../../arm-none-eabi/lib/thumb/v7e-m+fp/hard/libm.a(libm_a-e_rem_pio2.o)
 .rodata.PIo2   0x0800d9c8       0x40 /nix/store/cb7ani92advvicrayi9wp9v88clq3alv-stm32cubeide/plugins/com.st.stm32cube.ide.mcu.externaltools.gnu-tools-for-stm32.13.3.rel1.linux64_1.0.0.202410170706/tools/bin/../lib/gcc/arm-none-eabi/13.3.1/../../../../arm-none-eabi/lib/thumb/v7e-m+fp/hard/libm.a(libm_a-k_rem_pio2.o)
 .rodata.init_jk
                0x0800da08       0x10 /nix/store/cb7ani92advvicrayi9wp9v88clq3alv-stm32cubeide/plugins/com.st.stm32cube.ide.mcu.externaltools.gnu-tools-for-stm32.13.3.rel1.linux64_1.0.0.202410170706/tools/bin/../lib/gcc/arm-none-eabi/13.3.1/../../../../arm-none-eabi/lib/thumb/v7e-m+fp/hard/libm.a(libm_a-k_rem_pio2.o)
 .rodata.ln2LO  0x0800da18       0x10 /nix/store/cb7ani92advvicrayi9wp9v88clq3alv-stm32cubeide/plugins/com.st.stm32cube.ide.mcu.externaltools.gnu-tools-for-stm32.13.3.rel1.linux64_1.0.0.202410170706/tools/bin/../lib/gcc/arm-none-eabi/13.3.1/../../../../arm-none-eabi/lib/thumb/v7e-m+fp/hard/libm.a(libm_a-e_exp.o)
 .rodata.ln2HI  0x0800da28       0x10 /nix/store/cb7ani92advvicrayi9wp9v88clq3alv-stm32cubeide/plugins/com.st.stm32cube.ide.mcu.externaltools.gnu-tools-for-stm32.13.3.rel1.linux64_1.0.0.202410170706/tools/bin/../lib/gcc/arm-none-eabi/13.3.1/../../../../arm-none-eabi/lib/thumb/v7e-m+fp/hard/libm.a(libm_a-e_exp.o)
 .rodata.halF   0x0800da38       0x10 /nix/store/cb7ani92advvicrayi9wp9v88clq3alv-stm32cubeide/plugins/com.st.stm32cube.ide.mcu.externaltools.gnu-tools-for-stm32.13.3.rel1.linux64_1.0.0.202410170706/tools/bin/../lib/gcc/arm-none-eabi/13.3.1/../../../../arm-none-eabi/lib/thumb/v7e-m+fp/hard/libm.a(libm_a-e_exp.o)
                0x0800da48                        . = ALIGN (0x4)

.ARM.extab      0x0800da48        0x0
                0x0800da48                        . = ALIGN (0x4)
 *(.ARM.extab* .gnu.linkonce.armextab.*)
                0x0800da48                        . = ALIGN (0x4)

.ARM            0x0800da48        0x0
                0x0800da48                        . = ALIGN (0x4)
                0x0800da48                        __exidx_start = .
 *(.ARM.exidx*)
                0x0800da48                        __exidx_end = .
                0x0800da48                        . = ALIGN (0x4)

.preinit_array  0x0800da48        0x0
                0x0800da48                        . = ALIGN (0x4)
                0x0800da48                        PROVIDE (__preinit_array_start = .)
 *(.preinit_array*)
                0x0800da48                        PROVIDE (__preinit_array_end = .)
                0x0800da48                        . = ALIGN (0x4)

.init_array     0x0800da48        0x4
                0x0800da48                        . = ALIGN (0x4)
                0x0800da48                        PROVIDE (__init_array_start = .)
 *(SORT_BY_NAME(.init_array.*))
 *(.init_array*)
 .init_array    0x0800da48        0x4 /nix/store/cb7ani92advvicrayi9wp9v88clq3alv-stm32cubeide/plugins/com.st.stm32cube.ide.mcu.externaltools.gnu-tools-for-stm32.13.3.rel1.linux64_1.0.0.202410170706/tools/bin/../lib/gcc/arm-none-eabi/13.3.1/thumb/v7e-m+fp/hard/crtbegin.o
                0x0800da4c                        PROVIDE (__init_array_end = .)
                0x0800da4c                        . = ALIGN (0x4)

.fini_array     0x0800da4c        0x4
                0x0800da4c                        . = ALIGN (0x4)
                [!provide]                        PROVIDE (__fini_array_start = .)
 *(SORT_BY_NAME(.fini_array.*))
 *(.fini_array*)
 .fini_array    0x0800da4c        0x4 /nix/store/cb7ani92advvicrayi9wp9v88clq3alv-stm32cubeide/plugins/com.st.stm32cube.ide.mcu.externaltools.gnu-tools-for-stm32.13.3.rel1.linux64_1.0.0.202410170706/tools/bin/../lib/gcc/arm-none-eabi/13.3.1/thumb/v7e-m+fp/hard/crtbegin.o
                [!provide]                        PROVIDE (__fini_array_end = .)
                0x0800da50                        . = ALIGN (0x4)
                0x0800da50                        _sidata = LOADADDR (.data)

.rel.dyn        0x0800da50        0x0
 .rel.iplt      0x0800da50        0x0 /nix/store/cb7ani92advvicrayi9wp9v88clq3alv-stm32cubeide/plugins/com.st.stm32cube.ide.mcu.externaltools.gnu-tools-for-stm32.13.3.rel1.linux64_1.0.0.202410170706/tools/bin/../lib/gcc/arm-none-eabi/13.3.1/thumb/v7e-m+fp/hard/crtbegin.o

.data           0x20000000       0x5c load address 0x0800da50
                0x20000000                        . = ALIGN (0x4)
                0x20000000                        _sdata = .
 *(.data)
 *(.data*)
 .data.uwTickFreq
                0x20000000        0x1 ./Drivers/STM32L4xx_HAL_Driver/Src/stm32l4xx_hal.o
                0x20000000                uwTickFreq
 *fill*         0x20000001        0x3 
 .data.uwTickPrio
                0x20000004        0x4 ./Drivers/STM32L4xx_HAL_Driver/Src/stm32l4xx_hal.o
                0x20000004                uwTickPrio
 .data.SystemCoreClock
                0x20000008        0x4 ./Src/system_stm32l4xx.o
                0x20000008                SystemCoreClock
 .data._impure_ptr
                0x2000000c        0x4 /nix/store/cb7ani92advvicrayi9wp9v88clq3alv-stm32cubeide/plugins/com.st.stm32cube.ide.mcu.externaltools.gnu-tools-for-stm32.13.3.rel1.linux64_1.0.0.202410170706/tools/bin/../lib/gcc/arm-none-eabi/13.3.1/../../../../arm-none-eabi/lib/thumb/v7e-m+fp/hard/libc_nano.a(libc_a-impure.o)
                0x2000000c                _impure_ptr
 .data._impure_data
                0x20000010       0x4c /nix/store/cb7ani92advvicrayi9wp9v88clq3alv-stm32cubeide/plugins/com.st.stm32cube.ide.mcu.externaltools.gnu-tools-for-stm32.13.3.rel1.linux64_1.0.0.202410170706/tools/bin/../lib/gcc/arm-none-eabi/13.3.1/../../../../arm-none-eabi/lib/thumb/v7e-m+fp/hard/libc_nano.a(libc_a-impure.o)
                0x20000010                _impure_data
 *(.RamFunc)
 *(.RamFunc*)
                0x2000005c                        . = ALIGN (0x4)
                0x2000005c                        _edata = .

.igot.plt       0x2000005c        0x0 load address 0x0800daac
 .igot.plt      0x2000005c        0x0 /nix/store/cb7ani92advvicrayi9wp9v88clq3alv-stm32cubeide/plugins/com.st.stm32cube.ide.mcu.externaltools.gnu-tools-for-stm32.13.3.rel1.linux64_1.0.0.202410170706/tools/bin/../lib/gcc/arm-none-eabi/13.3.1/thumb/v7e-m+fp/hard/crtbegin.o
                0x2000005c                        . = ALIGN (0x4)

.bss            0x2000005c     0x81a8 load address 0x0800daac
                0x2000005c                        _sbss = .
                0x2000005c                        __bss_start__ = _sbss
 *(.bss)
 .bss           0x2000005c       0x1c /nix/store/cb7ani92advvicrayi9wp9v88clq3alv-stm32cubeide/plugins/com.st.stm32cube.ide.mcu.externaltools.gnu-tools-for-stm32.13.3.rel1.linux64_1.0.0.202410170706/tools/bin/../lib/gcc/arm-none-eabi/13.3.1/thumb/v7e-m+fp/hard/crtbegin.o
 *(.bss*)
 .bss.uwTick    0x20000078        0x4 ./Drivers/STM32L4xx_HAL_Driver/Src/stm32l4xx_hal.o
                0x20000078                uwTick
 .bss.interruptFlag
                0x2000007c        0x1 ./Src/adc.o
 *fill*         0x2000007d        0x3 
 .bss.conversionResult
                0x20000080        0x4 ./Src/adc.o
 .bss.iir_Out   0x20000084     0x4000 ./Src/filter_utils.o
 .bss.taps      0x20004084       0x10 ./Src/filter_utils.o
 .bss.iir_instance
                0x20004094        0xc ./Src/filter_utils.o
 .bss.FFTInstance
                0x200040a0       0x18 ./Src/filter_utils.o
 .bss.fft_in_buf
                0x200040b8     0x4000 ./Src/main.o
 .bss.__sbrk_heap_end
                0x200080b8        0x4 ./Src/sysmem.o
 .bss.__malloc_sbrk_start
                0x200080bc        0x4 /nix/store/cb7ani92advvicrayi9wp9v88clq3alv-stm32cubeide/plugins/com.st.stm32cube.ide.mcu.externaltools.gnu-tools-for-stm32.13.3.rel1.linux64_1.0.0.202410170706/tools/bin/../lib/gcc/arm-none-eabi/13.3.1/../../../../arm-none-eabi/lib/thumb/v7e-m+fp/hard/libc_nano.a(libc_a-mallocr.o)
                0x200080bc                __malloc_sbrk_start
 .bss.__malloc_free_list
                0x200080c0        0x4 /nix/store/cb7ani92advvicrayi9wp9v88clq3alv-stm32cubeide/plugins/com.st.stm32cube.ide.mcu.externaltools.gnu-tools-for-stm32.13.3.rel1.linux64_1.0.0.202410170706/tools/bin/../lib/gcc/arm-none-eabi/13.3.1/../../../../arm-none-eabi/lib/thumb/v7e-m+fp/hard/libc_nano.a(libc_a-mallocr.o)
                0x200080c0                __malloc_free_list
 .bss.__sf      0x200080c4      0x138 /nix/store/cb7ani92advvicrayi9wp9v88clq3alv-stm32cubeide/plugins/com.st.stm32cube.ide.mcu.externaltools.gnu-tools-for-stm32.13.3.rel1.linux64_1.0.0.202410170706/tools/bin/../lib/gcc/arm-none-eabi/13.3.1/../../../../arm-none-eabi/lib/thumb/v7e-m+fp/hard/libc_nano.a(libc_a-findfp.o)
                0x200080c4                __sf
 .bss.errno     0x200081fc        0x4 /nix/store/cb7ani92advvicrayi9wp9v88clq3alv-stm32cubeide/plugins/com.st.stm32cube.ide.mcu.externaltools.gnu-tools-for-stm32.13.3.rel1.linux64_1.0.0.202410170706/tools/bin/../lib/gcc/arm-none-eabi/13.3.1/../../../../arm-none-eabi/lib/thumb/v7e-m+fp/hard/libc_nano.a(libc_a-reent.o)
                0x200081fc                errno
 .bss.__lock___malloc_recursive_mutex
                0x20008200        0x1 /nix/store/cb7ani92advvicrayi9wp9v88clq3alv-stm32cubeide/plugins/com.st.stm32cube.ide.mcu.externaltools.gnu-tools-for-stm32.13.3.rel1.linux64_1.0.0.202410170706/tools/bin/../lib/gcc/arm-none-eabi/13.3.1/../../../../arm-none-eabi/lib/thumb/v7e-m+fp/hard/libc_nano.a(libc_a-lock.o)
                0x20008200                __lock___malloc_recursive_mutex
 *(COMMON)
                0x20008204                        . = ALIGN (0x4)
 *fill*         0x20008201        0x3 
                0x20008204                        _ebss = .
                0x20008204                        __bss_end__ = _ebss

._user_heap_stack
                0x20008204      0x604 load address 0x0800daac
                0x20008208                        . = ALIGN (0x8)
 *fill*         0x20008204        0x4 
                [!provide]                        PROVIDE (end = .)
                0x20008208                        PROVIDE (_end = .)
                0x20008408                        . = (. + _Min_Heap_Size)
 *fill*         0x20008208      0x200 
                0x20008808                        . = (. + _Min_Stack_Size)
 *fill*         0x20008408      0x400 
                0x20008808                        . = ALIGN (0x8)

/DISCARD/
 libc.a(*)
 libm.a(*)
 libgcc.a(*)

.ARM.attributes
                0x00000000       0x30
 *(.ARM.attributes)
 .ARM.attributes
                0x00000000       0x22 /nix/store/cb7ani92advvicrayi9wp9v88clq3alv-stm32cubeide/plugins/com.st.stm32cube.ide.mcu.externaltools.gnu-tools-for-stm32.13.3.rel1.linux64_1.0.0.202410170706/tools/bin/../lib/gcc/arm-none-eabi/13.3.1/thumb/v7e-m+fp/hard/crti.o
 .ARM.attributes
                0x00000022       0x34 /nix/store/cb7ani92advvicrayi9wp9v88clq3alv-stm32cubeide/plugins/com.st.stm32cube.ide.mcu.externaltools.gnu-tools-for-stm32.13.3.rel1.linux64_1.0.0.202410170706/tools/bin/../lib/gcc/arm-none-eabi/13.3.1/thumb/v7e-m+fp/hard/crtbegin.o
 .ARM.attributes
                0x00000056       0x34 ./Drivers/CMSIS/DSP/Source/CommonTables/arm_common_tables.o
 .ARM.attributes
                0x0000008a       0x34 ./Drivers/CMSIS/DSP/Source/FilteringFunctions/arm_biquad_cascade_df1_f32.o
 .ARM.attributes
                0x000000be       0x34 ./Drivers/CMSIS/DSP/Source/FilteringFunctions/arm_biquad_cascade_df1_init_f32.o
 .ARM.attributes
                0x000000f2       0x34 ./Drivers/CMSIS/DSP/Source/TransformFunctions/arm_rfft_fast_init_f32.o
 .ARM.attributes
                0x00000126       0x34 ./Drivers/STM32L4xx_HAL_Driver/Src/stm32l4xx_hal.o
 .ARM.attributes
                0x0000015a       0x34 ./Drivers/STM32L4xx_HAL_Driver/Src/stm32l4xx_hal_cortex.o
 .ARM.attributes
                0x0000018e       0x34 ./Drivers/STM32L4xx_HAL_Driver/Src/stm32l4xx_hal_pwr_ex.o
 .ARM.attributes
                0x000001c2       0x34 ./Drivers/STM32L4xx_HAL_Driver/Src/stm32l4xx_hal_rcc.o
 .ARM.attributes
                0x000001f6       0x34 ./Src/DAC.o
 .ARM.attributes
                0x0000022a       0x34 ./Src/UART.o
 .ARM.attributes
                0x0000025e       0x34 ./Src/adc.o
 .ARM.attributes
                0x00000292       0x34 ./Src/delay.o
 .ARM.attributes
                0x000002c6       0x34 ./Src/filter_utils.o
 .ARM.attributes
                0x000002fa       0x34 ./Src/filters.o
 .ARM.attributes
                0x0000032e       0x34 ./Src/main.o
 .ARM.attributes
                0x00000362       0x34 ./Src/stm32l4xx_hal_msp.o
 .ARM.attributes
                0x00000396       0x34 ./Src/stm32l4xx_it.o
 .ARM.attributes
                0x000003ca       0x34 ./Src/sysmem.o
 .ARM.attributes
                0x000003fe       0x34 ./Src/system_stm32l4xx.o
 .ARM.attributes
                0x00000432       0x34 ./Src/timer.o
 .ARM.attributes
                0x00000466       0x21 ./Startup/startup_stm32l4a6zgtx.o
 .ARM.attributes
                0x00000487       0x34 /nix/store/cb7ani92advvicrayi9wp9v88clq3alv-stm32cubeide/plugins/com.st.stm32cube.ide.mcu.externaltools.gnu-tools-for-stm32.13.3.rel1.linux64_1.0.0.202410170706/tools/bin/../lib/gcc/arm-none-eabi/13.3.1/../../../../arm-none-eabi/lib/thumb/v7e-m+fp/hard/libc_nano.a(libc_a-malloc.o)
 .ARM.attributes
                0x000004bb       0x34 /nix/store/cb7ani92advvicrayi9wp9v88clq3alv-stm32cubeide/plugins/com.st.stm32cube.ide.mcu.externaltools.gnu-tools-for-stm32.13.3.rel1.linux64_1.0.0.202410170706/tools/bin/../lib/gcc/arm-none-eabi/13.3.1/../../../../arm-none-eabi/lib/thumb/v7e-m+fp/hard/libc_nano.a(libc_a-mallocr.o)
 .ARM.attributes
                0x000004ef       0x34 /nix/store/cb7ani92advvicrayi9wp9v88clq3alv-stm32cubeide/plugins/com.st.stm32cube.ide.mcu.externaltools.gnu-tools-for-stm32.13.3.rel1.linux64_1.0.0.202410170706/tools/bin/../lib/gcc/arm-none-eabi/13.3.1/../../../../arm-none-eabi/lib/thumb/v7e-m+fp/hard/libc_nano.a(libc_a-mlock.o)
 .ARM.attributes
                0x00000523       0x34 /nix/store/cb7ani92advvicrayi9wp9v88clq3alv-stm32cubeide/plugins/com.st.stm32cube.ide.mcu.externaltools.gnu-tools-for-stm32.13.3.rel1.linux64_1.0.0.202410170706/tools/bin/../lib/gcc/arm-none-eabi/13.3.1/../../../../arm-none-eabi/lib/thumb/v7e-m+fp/hard/libc_nano.a(libc_a-findfp.o)
 .ARM.attributes
                0x00000557       0x34 /nix/store/cb7ani92advvicrayi9wp9v88clq3alv-stm32cubeide/plugins/com.st.stm32cube.ide.mcu.externaltools.gnu-tools-for-stm32.13.3.rel1.linux64_1.0.0.202410170706/tools/bin/../lib/gcc/arm-none-eabi/13.3.1/../../../../arm-none-eabi/lib/thumb/v7e-m+fp/hard/libc_nano.a(libc_a-memset.o)
 .ARM.attributes
                0x0000058b       0x34 /nix/store/cb7ani92advvicrayi9wp9v88clq3alv-stm32cubeide/plugins/com.st.stm32cube.ide.mcu.externaltools.gnu-tools-for-stm32.13.3.rel1.linux64_1.0.0.202410170706/tools/bin/../lib/gcc/arm-none-eabi/13.3.1/../../../../arm-none-eabi/lib/thumb/v7e-m+fp/hard/libc_nano.a(libc_a-reent.o)
 .ARM.attributes
                0x000005bf       0x34 /nix/store/cb7ani92advvicrayi9wp9v88clq3alv-stm32cubeide/plugins/com.st.stm32cube.ide.mcu.externaltools.gnu-tools-for-stm32.13.3.rel1.linux64_1.0.0.202410170706/tools/bin/../lib/gcc/arm-none-eabi/13.3.1/../../../../arm-none-eabi/lib/thumb/v7e-m+fp/hard/libc_nano.a(libc_a-impure.o)
 .ARM.attributes
                0x000005f3       0x34 /nix/store/cb7ani92advvicrayi9wp9v88clq3alv-stm32cubeide/plugins/com.st.stm32cube.ide.mcu.externaltools.gnu-tools-for-stm32.13.3.rel1.linux64_1.0.0.202410170706/tools/bin/../lib/gcc/arm-none-eabi/13.3.1/../../../../arm-none-eabi/lib/thumb/v7e-m+fp/hard/libc_nano.a(libc_a-sbrkr.o)
 .ARM.attributes
                0x00000627       0x34 /nix/store/cb7ani92advvicrayi9wp9v88clq3alv-stm32cubeide/plugins/com.st.stm32cube.ide.mcu.externaltools.gnu-tools-for-stm32.13.3.rel1.linux64_1.0.0.202410170706/tools/bin/../lib/gcc/arm-none-eabi/13.3.1/../../../../arm-none-eabi/lib/thumb/v7e-m+fp/hard/libc_nano.a(libc_a-errno.o)
 .ARM.attributes
                0x0000065b       0x34 /nix/store/cb7ani92advvicrayi9wp9v88clq3alv-stm32cubeide/plugins/com.st.stm32cube.ide.mcu.externaltools.gnu-tools-for-stm32.13.3.rel1.linux64_1.0.0.202410170706/tools/bin/../lib/gcc/arm-none-eabi/13.3.1/../../../../arm-none-eabi/lib/thumb/v7e-m+fp/hard/libc_nano.a(libc_a-init.o)
 .ARM.attributes
                0x0000068f       0x34 /nix/store/cb7ani92advvicrayi9wp9v88clq3alv-stm32cubeide/plugins/com.st.stm32cube.ide.mcu.externaltools.gnu-tools-for-stm32.13.3.rel1.linux64_1.0.0.202410170706/tools/bin/../lib/gcc/arm-none-eabi/13.3.1/../../../../arm-none-eabi/lib/thumb/v7e-m+fp/hard/libc_nano.a(libc_a-lock.o)
 .ARM.attributes
                0x000006c3       0x34 /nix/store/cb7ani92advvicrayi9wp9v88clq3alv-stm32cubeide/plugins/com.st.stm32cube.ide.mcu.externaltools.gnu-tools-for-stm32.13.3.rel1.linux64_1.0.0.202410170706/tools/bin/../lib/gcc/arm-none-eabi/13.3.1/../../../../arm-none-eabi/lib/thumb/v7e-m+fp/hard/libm.a(libm_a-w_sinh.o)
 .ARM.attributes
                0x000006f7       0x34 /nix/store/cb7ani92advvicrayi9wp9v88clq3alv-stm32cubeide/plugins/com.st.stm32cube.ide.mcu.externaltools.gnu-tools-for-stm32.13.3.rel1.linux64_1.0.0.202410170706/tools/bin/../lib/gcc/arm-none-eabi/13.3.1/../../../../arm-none-eabi/lib/thumb/v7e-m+fp/hard/libm.a(libm_a-s_cos.o)
 .ARM.attributes
                0x0000072b       0x34 /nix/store/cb7ani92advvicrayi9wp9v88clq3alv-stm32cubeide/plugins/com.st.stm32cube.ide.mcu.externaltools.gnu-tools-for-stm32.13.3.rel1.linux64_1.0.0.202410170706/tools/bin/../lib/gcc/arm-none-eabi/13.3.1/../../../../arm-none-eabi/lib/thumb/v7e-m+fp/hard/libm.a(libm_a-s_sin.o)
 .ARM.attributes
                0x0000075f       0x34 /nix/store/cb7ani92advvicrayi9wp9v88clq3alv-stm32cubeide/plugins/com.st.stm32cube.ide.mcu.externaltools.gnu-tools-for-stm32.13.3.rel1.linux64_1.0.0.202410170706/tools/bin/../lib/gcc/arm-none-eabi/13.3.1/../../../../arm-none-eabi/lib/thumb/v7e-m+fp/hard/libm.a(libm_a-s_finite.o)
 .ARM.attributes
                0x00000793       0x34 /nix/store/cb7ani92advvicrayi9wp9v88clq3alv-stm32cubeide/plugins/com.st.stm32cube.ide.mcu.externaltools.gnu-tools-for-stm32.13.3.rel1.linux64_1.0.0.202410170706/tools/bin/../lib/gcc/arm-none-eabi/13.3.1/../../../../arm-none-eabi/lib/thumb/v7e-m+fp/hard/libm.a(libm_a-k_cos.o)
 .ARM.attributes
                0x000007c7       0x34 /nix/store/cb7ani92advvicrayi9wp9v88clq3alv-stm32cubeide/plugins/com.st.stm32cube.ide.mcu.externaltools.gnu-tools-for-stm32.13.3.rel1.linux64_1.0.0.202410170706/tools/bin/../lib/gcc/arm-none-eabi/13.3.1/../../../../arm-none-eabi/lib/thumb/v7e-m+fp/hard/libm.a(libm_a-k_sin.o)
 .ARM.attributes
                0x000007fb       0x34 /nix/store/cb7ani92advvicrayi9wp9v88clq3alv-stm32cubeide/plugins/com.st.stm32cube.ide.mcu.externaltools.gnu-tools-for-stm32.13.3.rel1.linux64_1.0.0.202410170706/tools/bin/../lib/gcc/arm-none-eabi/13.3.1/../../../../arm-none-eabi/lib/thumb/v7e-m+fp/hard/libm.a(libm_a-e_rem_pio2.o)
 .ARM.attributes
                0x0000082f       0x34 /nix/store/cb7ani92advvicrayi9wp9v88clq3alv-stm32cubeide/plugins/com.st.stm32cube.ide.mcu.externaltools.gnu-tools-for-stm32.13.3.rel1.linux64_1.0.0.202410170706/tools/bin/../lib/gcc/arm-none-eabi/13.3.1/../../../../arm-none-eabi/lib/thumb/v7e-m+fp/hard/libm.a(libm_a-e_sinh.o)
 .ARM.attributes
                0x00000863       0x34 /nix/store/cb7ani92advvicrayi9wp9v88clq3alv-stm32cubeide/plugins/com.st.stm32cube.ide.mcu.externaltools.gnu-tools-for-stm32.13.3.rel1.linux64_1.0.0.202410170706/tools/bin/../lib/gcc/arm-none-eabi/13.3.1/../../../../arm-none-eabi/lib/thumb/v7e-m+fp/hard/libm.a(libm_a-s_fabs.o)
 .ARM.attributes
                0x00000897       0x34 /nix/store/cb7ani92advvicrayi9wp9v88clq3alv-stm32cubeide/plugins/com.st.stm32cube.ide.mcu.externaltools.gnu-tools-for-stm32.13.3.rel1.linux64_1.0.0.202410170706/tools/bin/../lib/gcc/arm-none-eabi/13.3.1/../../../../arm-none-eabi/lib/thumb/v7e-m+fp/hard/libm.a(libm_a-s_expm1.o)
 .ARM.attributes
                0x000008cb       0x34 /nix/store/cb7ani92advvicrayi9wp9v88clq3alv-stm32cubeide/plugins/com.st.stm32cube.ide.mcu.externaltools.gnu-tools-for-stm32.13.3.rel1.linux64_1.0.0.202410170706/tools/bin/../lib/gcc/arm-none-eabi/13.3.1/../../../../arm-none-eabi/lib/thumb/v7e-m+fp/hard/libm.a(libm_a-math_err.o)
 .ARM.attributes
                0x000008ff       0x34 /nix/store/cb7ani92advvicrayi9wp9v88clq3alv-stm32cubeide/plugins/com.st.stm32cube.ide.mcu.externaltools.gnu-tools-for-stm32.13.3.rel1.linux64_1.0.0.202410170706/tools/bin/../lib/gcc/arm-none-eabi/13.3.1/../../../../arm-none-eabi/lib/thumb/v7e-m+fp/hard/libm.a(libm_a-k_rem_pio2.o)
 .ARM.attributes
                0x00000933       0x34 /nix/store/cb7ani92advvicrayi9wp9v88clq3alv-stm32cubeide/plugins/com.st.stm32cube.ide.mcu.externaltools.gnu-tools-for-stm32.13.3.rel1.linux64_1.0.0.202410170706/tools/bin/../lib/gcc/arm-none-eabi/13.3.1/../../../../arm-none-eabi/lib/thumb/v7e-m+fp/hard/libm.a(libm_a-e_exp.o)
 .ARM.attributes
                0x00000967       0x34 /nix/store/cb7ani92advvicrayi9wp9v88clq3alv-stm32cubeide/plugins/com.st.stm32cube.ide.mcu.externaltools.gnu-tools-for-stm32.13.3.rel1.linux64_1.0.0.202410170706/tools/bin/../lib/gcc/arm-none-eabi/13.3.1/../../../../arm-none-eabi/lib/thumb/v7e-m+fp/hard/libm.a(libm_a-s_scalbn.o)
 .ARM.attributes
                0x0000099b       0x34 /nix/store/cb7ani92advvicrayi9wp9v88clq3alv-stm32cubeide/plugins/com.st.stm32cube.ide.mcu.externaltools.gnu-tools-for-stm32.13.3.rel1.linux64_1.0.0.202410170706/tools/bin/../lib/gcc/arm-none-eabi/13.3.1/../../../../arm-none-eabi/lib/thumb/v7e-m+fp/hard/libm.a(libm_a-s_floor.o)
 .ARM.attributes
                0x000009cf       0x22 /nix/store/cb7ani92advvicrayi9wp9v88clq3alv-stm32cubeide/plugins/com.st.stm32cube.ide.mcu.externaltools.gnu-tools-for-stm32.13.3.rel1.linux64_1.0.0.202410170706/tools/bin/../lib/gcc/arm-none-eabi/13.3.1/thumb/v7e-m+fp/hard/libgcc.a(_arm_addsubdf3.o)
 .ARM.attributes
                0x000009f1       0x22 /nix/store/cb7ani92advvicrayi9wp9v88clq3alv-stm32cubeide/plugins/com.st.stm32cube.ide.mcu.externaltools.gnu-tools-for-stm32.13.3.rel1.linux64_1.0.0.202410170706/tools/bin/../lib/gcc/arm-none-eabi/13.3.1/thumb/v7e-m+fp/hard/libgcc.a(_arm_muldivdf3.o)
 .ARM.attributes
                0x00000a13       0x22 /nix/store/cb7ani92advvicrayi9wp9v88clq3alv-stm32cubeide/plugins/com.st.stm32cube.ide.mcu.externaltools.gnu-tools-for-stm32.13.3.rel1.linux64_1.0.0.202410170706/tools/bin/../lib/gcc/arm-none-eabi/13.3.1/thumb/v7e-m+fp/hard/libgcc.a(_arm_cmpdf2.o)
 .ARM.attributes
                0x00000a35       0x22 /nix/store/cb7ani92advvicrayi9wp9v88clq3alv-stm32cubeide/plugins/com.st.stm32cube.ide.mcu.externaltools.gnu-tools-for-stm32.13.3.rel1.linux64_1.0.0.202410170706/tools/bin/../lib/gcc/arm-none-eabi/13.3.1/thumb/v7e-m+fp/hard/libgcc.a(_arm_fixdfsi.o)
 .ARM.attributes
                0x00000a57       0x22 /nix/store/cb7ani92advvicrayi9wp9v88clq3alv-stm32cubeide/plugins/com.st.stm32cube.ide.mcu.externaltools.gnu-tools-for-stm32.13.3.rel1.linux64_1.0.0.202410170706/tools/bin/../lib/gcc/arm-none-eabi/13.3.1/thumb/v7e-m+fp/hard/libgcc.a(_arm_truncdfsf2.o)
 .ARM.attributes
                0x00000a79       0x22 /nix/store/cb7ani92advvicrayi9wp9v88clq3alv-stm32cubeide/plugins/com.st.stm32cube.ide.mcu.externaltools.gnu-tools-for-stm32.13.3.rel1.linux64_1.0.0.202410170706/tools/bin/../lib/gcc/arm-none-eabi/13.3.1/thumb/v7e-m+fp/hard/crtn.o
OUTPUT(example.elf elf32-littlearm)
LOAD linker stubs
LOAD /nix/store/cb7ani92advvicrayi9wp9v88clq3alv-stm32cubeide/plugins/com.st.stm32cube.ide.mcu.externaltools.gnu-tools-for-stm32.13.3.rel1.linux64_1.0.0.202410170706/tools/bin/../lib/gcc/arm-none-eabi/13.3.1/../../../../arm-none-eabi/lib/thumb/v7e-m+fp/hard/libc.a
LOAD /nix/store/cb7ani92advvicrayi9wp9v88clq3alv-stm32cubeide/plugins/com.st.stm32cube.ide.mcu.externaltools.gnu-tools-for-stm32.13.3.rel1.linux64_1.0.0.202410170706/tools/bin/../lib/gcc/arm-none-eabi/13.3.1/../../../../arm-none-eabi/lib/thumb/v7e-m+fp/hard/libm.a
LOAD /nix/store/cb7ani92advvicrayi9wp9v88clq3alv-stm32cubeide/plugins/com.st.stm32cube.ide.mcu.externaltools.gnu-tools-for-stm32.13.3.rel1.linux64_1.0.0.202410170706/tools/bin/../lib/gcc/arm-none-eabi/13.3.1/thumb/v7e-m+fp/hard/libgcc.a

.comment        0x00000000       0x43
 .comment       0x00000000       0x43 ./Drivers/CMSIS/DSP/Source/CommonTables/arm_common_tables.o
                                 0x44 (size before relaxing)
 .comment       0x00000043       0x44 ./Drivers/CMSIS/DSP/Source/FilteringFunctions/arm_biquad_cascade_df1_f32.o
 .comment       0x00000043       0x44 ./Drivers/CMSIS/DSP/Source/FilteringFunctions/arm_biquad_cascade_df1_init_f32.o
 .comment       0x00000043       0x44 ./Drivers/CMSIS/DSP/Source/TransformFunctions/arm_rfft_fast_init_f32.o
 .comment       0x00000043       0x44 ./Drivers/STM32L4xx_HAL_Driver/Src/stm32l4xx_hal.o
 .comment       0x00000043       0x44 ./Drivers/STM32L4xx_HAL_Driver/Src/stm32l4xx_hal_cortex.o
 .comment       0x00000043       0x44 ./Drivers/STM32L4xx_HAL_Driver/Src/stm32l4xx_hal_pwr_ex.o
 .comment       0x00000043       0x44 ./Drivers/STM32L4xx_HAL_Driver/Src/stm32l4xx_hal_rcc.o
 .comment       0x00000043       0x44 ./Src/DAC.o
 .comment       0x00000043       0x44 ./Src/UART.o
 .comment       0x00000043       0x44 ./Src/adc.o
 .comment       0x00000043       0x44 ./Src/delay.o
 .comment       0x00000043       0x44 ./Src/filter_utils.o
 .comment       0x00000043       0x44 ./Src/filters.o
 .comment       0x00000043       0x44 ./Src/main.o
 .comment       0x00000043       0x44 ./Src/stm32l4xx_hal_msp.o
 .comment       0x00000043       0x44 ./Src/stm32l4xx_it.o
 .comment       0x00000043       0x44 ./Src/sysmem.o
 .comment       0x00000043       0x44 ./Src/system_stm32l4xx.o
 .comment       0x00000043       0x44 ./Src/timer.o

.debug_frame    0x00000000      0xa24
 .debug_frame   0x00000000       0x30 /nix/store/cb7ani92advvicrayi9wp9v88clq3alv-stm32cubeide/plugins/com.st.stm32cube.ide.mcu.externaltools.gnu-tools-for-stm32.13.3.rel1.linux64_1.0.0.202410170706/tools/bin/../lib/gcc/arm-none-eabi/13.3.1/../../../../arm-none-eabi/lib/thumb/v7e-m+fp/hard/libc_nano.a(libc_a-malloc.o)
 .debug_frame   0x00000030       0x50 /nix/store/cb7ani92advvicrayi9wp9v88clq3alv-stm32cubeide/plugins/com.st.stm32cube.ide.mcu.externaltools.gnu-tools-for-stm32.13.3.rel1.linux64_1.0.0.202410170706/tools/bin/../lib/gcc/arm-none-eabi/13.3.1/../../../../arm-none-eabi/lib/thumb/v7e-m+fp/hard/libc_nano.a(libc_a-mallocr.o)
 .debug_frame   0x00000080       0x30 /nix/store/cb7ani92advvicrayi9wp9v88clq3alv-stm32cubeide/plugins/com.st.stm32cube.ide.mcu.externaltools.gnu-tools-for-stm32.13.3.rel1.linux64_1.0.0.202410170706/tools/bin/../lib/gcc/arm-none-eabi/13.3.1/../../../../arm-none-eabi/lib/thumb/v7e-m+fp/hard/libc_nano.a(libc_a-mlock.o)
 .debug_frame   0x000000b0      0x144 /nix/store/cb7ani92advvicrayi9wp9v88clq3alv-stm32cubeide/plugins/com.st.stm32cube.ide.mcu.externaltools.gnu-tools-for-stm32.13.3.rel1.linux64_1.0.0.202410170706/tools/bin/../lib/gcc/arm-none-eabi/13.3.1/../../../../arm-none-eabi/lib/thumb/v7e-m+fp/hard/libc_nano.a(libc_a-findfp.o)
 .debug_frame   0x000001f4       0x20 /nix/store/cb7ani92advvicrayi9wp9v88clq3alv-stm32cubeide/plugins/com.st.stm32cube.ide.mcu.externaltools.gnu-tools-for-stm32.13.3.rel1.linux64_1.0.0.202410170706/tools/bin/../lib/gcc/arm-none-eabi/13.3.1/../../../../arm-none-eabi/lib/thumb/v7e-m+fp/hard/libc_nano.a(libc_a-memset.o)
 .debug_frame   0x00000214       0x38 /nix/store/cb7ani92advvicrayi9wp9v88clq3alv-stm32cubeide/plugins/com.st.stm32cube.ide.mcu.externaltools.gnu-tools-for-stm32.13.3.rel1.linux64_1.0.0.202410170706/tools/bin/../lib/gcc/arm-none-eabi/13.3.1/../../../../arm-none-eabi/lib/thumb/v7e-m+fp/hard/libc_nano.a(libc_a-reent.o)
 .debug_frame   0x0000024c       0x2c /nix/store/cb7ani92advvicrayi9wp9v88clq3alv-stm32cubeide/plugins/com.st.stm32cube.ide.mcu.externaltools.gnu-tools-for-stm32.13.3.rel1.linux64_1.0.0.202410170706/tools/bin/../lib/gcc/arm-none-eabi/13.3.1/../../../../arm-none-eabi/lib/thumb/v7e-m+fp/hard/libc_nano.a(libc_a-sbrkr.o)
 .debug_frame   0x00000278       0x20 /nix/store/cb7ani92advvicrayi9wp9v88clq3alv-stm32cubeide/plugins/com.st.stm32cube.ide.mcu.externaltools.gnu-tools-for-stm32.13.3.rel1.linux64_1.0.0.202410170706/tools/bin/../lib/gcc/arm-none-eabi/13.3.1/../../../../arm-none-eabi/lib/thumb/v7e-m+fp/hard/libc_nano.a(libc_a-errno.o)
 .debug_frame   0x00000298       0x2c /nix/store/cb7ani92advvicrayi9wp9v88clq3alv-stm32cubeide/plugins/com.st.stm32cube.ide.mcu.externaltools.gnu-tools-for-stm32.13.3.rel1.linux64_1.0.0.202410170706/tools/bin/../lib/gcc/arm-none-eabi/13.3.1/../../../../arm-none-eabi/lib/thumb/v7e-m+fp/hard/libc_nano.a(libc_a-init.o)
 .debug_frame   0x000002c4       0xb0 /nix/store/cb7ani92advvicrayi9wp9v88clq3alv-stm32cubeide/plugins/com.st.stm32cube.ide.mcu.externaltools.gnu-tools-for-stm32.13.3.rel1.linux64_1.0.0.202410170706/tools/bin/../lib/gcc/arm-none-eabi/13.3.1/../../../../arm-none-eabi/lib/thumb/v7e-m+fp/hard/libc_nano.a(libc_a-lock.o)
 .debug_frame   0x00000374       0x44 /nix/store/cb7ani92advvicrayi9wp9v88clq3alv-stm32cubeide/plugins/com.st.stm32cube.ide.mcu.externaltools.gnu-tools-for-stm32.13.3.rel1.linux64_1.0.0.202410170706/tools/bin/../lib/gcc/arm-none-eabi/13.3.1/../../../../arm-none-eabi/lib/thumb/v7e-m+fp/hard/libm.a(libm_a-w_sinh.o)
 .debug_frame   0x000003b8       0x38 /nix/store/cb7ani92advvicrayi9wp9v88clq3alv-stm32cubeide/plugins/com.st.stm32cube.ide.mcu.externaltools.gnu-tools-for-stm32.13.3.rel1.linux64_1.0.0.202410170706/tools/bin/../lib/gcc/arm-none-eabi/13.3.1/../../../../arm-none-eabi/lib/thumb/v7e-m+fp/hard/libm.a(libm_a-s_cos.o)
 .debug_frame   0x000003f0       0x38 /nix/store/cb7ani92advvicrayi9wp9v88clq3alv-stm32cubeide/plugins/com.st.stm32cube.ide.mcu.externaltools.gnu-tools-for-stm32.13.3.rel1.linux64_1.0.0.202410170706/tools/bin/../lib/gcc/arm-none-eabi/13.3.1/../../../../arm-none-eabi/lib/thumb/v7e-m+fp/hard/libm.a(libm_a-s_sin.o)
 .debug_frame   0x00000428       0x28 /nix/store/cb7ani92advvicrayi9wp9v88clq3alv-stm32cubeide/plugins/com.st.stm32cube.ide.mcu.externaltools.gnu-tools-for-stm32.13.3.rel1.linux64_1.0.0.202410170706/tools/bin/../lib/gcc/arm-none-eabi/13.3.1/../../../../arm-none-eabi/lib/thumb/v7e-m+fp/hard/libm.a(libm_a-s_finite.o)
 .debug_frame   0x00000450       0x3c /nix/store/cb7ani92advvicrayi9wp9v88clq3alv-stm32cubeide/plugins/com.st.stm32cube.ide.mcu.externaltools.gnu-tools-for-stm32.13.3.rel1.linux64_1.0.0.202410170706/tools/bin/../lib/gcc/arm-none-eabi/13.3.1/../../../../arm-none-eabi/lib/thumb/v7e-m+fp/hard/libm.a(libm_a-k_cos.o)
 .debug_frame   0x0000048c       0x40 /nix/store/cb7ani92advvicrayi9wp9v88clq3alv-stm32cubeide/plugins/com.st.stm32cube.ide.mcu.externaltools.gnu-tools-for-stm32.13.3.rel1.linux64_1.0.0.202410170706/tools/bin/../lib/gcc/arm-none-eabi/13.3.1/../../../../arm-none-eabi/lib/thumb/v7e-m+fp/hard/libm.a(libm_a-k_sin.o)
 .debug_frame   0x000004cc       0x40 /nix/store/cb7ani92advvicrayi9wp9v88clq3alv-stm32cubeide/plugins/com.st.stm32cube.ide.mcu.externaltools.gnu-tools-for-stm32.13.3.rel1.linux64_1.0.0.202410170706/tools/bin/../lib/gcc/arm-none-eabi/13.3.1/../../../../arm-none-eabi/lib/thumb/v7e-m+fp/hard/libm.a(libm_a-e_rem_pio2.o)
 .debug_frame   0x0000050c       0x38 /nix/store/cb7ani92advvicrayi9wp9v88clq3alv-stm32cubeide/plugins/com.st.stm32cube.ide.mcu.externaltools.gnu-tools-for-stm32.13.3.rel1.linux64_1.0.0.202410170706/tools/bin/../lib/gcc/arm-none-eabi/13.3.1/../../../../arm-none-eabi/lib/thumb/v7e-m+fp/hard/libm.a(libm_a-e_sinh.o)
 .debug_frame   0x00000544       0x20 /nix/store/cb7ani92advvicrayi9wp9v88clq3alv-stm32cubeide/plugins/com.st.stm32cube.ide.mcu.externaltools.gnu-tools-for-stm32.13.3.rel1.linux64_1.0.0.202410170706/tools/bin/../lib/gcc/arm-none-eabi/13.3.1/../../../../arm-none-eabi/lib/thumb/v7e-m+fp/hard/libm.a(libm_a-s_fabs.o)
 .debug_frame   0x00000564       0x54 /nix/store/cb7ani92advvicrayi9wp9v88clq3alv-stm32cubeide/plugins/com.st.stm32cube.ide.mcu.externaltools.gnu-tools-for-stm32.13.3.rel1.linux64_1.0.0.202410170706/tools/bin/../lib/gcc/arm-none-eabi/13.3.1/../../../../arm-none-eabi/lib/thumb/v7e-m+fp/hard/libm.a(libm_a-s_expm1.o)
 .debug_frame   0x000005b8      0x158 /nix/store/cb7ani92advvicrayi9wp9v88clq3alv-stm32cubeide/plugins/com.st.stm32cube.ide.mcu.externaltools.gnu-tools-for-stm32.13.3.rel1.linux64_1.0.0.202410170706/tools/bin/../lib/gcc/arm-none-eabi/13.3.1/../../../../arm-none-eabi/lib/thumb/v7e-m+fp/hard/libm.a(libm_a-math_err.o)
 .debug_frame   0x00000710       0x54 /nix/store/cb7ani92advvicrayi9wp9v88clq3alv-stm32cubeide/plugins/com.st.stm32cube.ide.mcu.externaltools.gnu-tools-for-stm32.13.3.rel1.linux64_1.0.0.202410170706/tools/bin/../lib/gcc/arm-none-eabi/13.3.1/../../../../arm-none-eabi/lib/thumb/v7e-m+fp/hard/libm.a(libm_a-k_rem_pio2.o)
 .debug_frame   0x00000764       0x5c /nix/store/cb7ani92advvicrayi9wp9v88clq3alv-stm32cubeide/plugins/com.st.stm32cube.ide.mcu.externaltools.gnu-tools-for-stm32.13.3.rel1.linux64_1.0.0.202410170706/tools/bin/../lib/gcc/arm-none-eabi/13.3.1/../../../../arm-none-eabi/lib/thumb/v7e-m+fp/hard/libm.a(libm_a-e_exp.o)
 .debug_frame   0x000007c0       0x2c /nix/store/cb7ani92advvicrayi9wp9v88clq3alv-stm32cubeide/plugins/com.st.stm32cube.ide.mcu.externaltools.gnu-tools-for-stm32.13.3.rel1.linux64_1.0.0.202410170706/tools/bin/../lib/gcc/arm-none-eabi/13.3.1/../../../../arm-none-eabi/lib/thumb/v7e-m+fp/hard/libm.a(libm_a-s_scalbn.o)
 .debug_frame   0x000007ec       0x30 /nix/store/cb7ani92advvicrayi9wp9v88clq3alv-stm32cubeide/plugins/com.st.stm32cube.ide.mcu.externaltools.gnu-tools-for-stm32.13.3.rel1.linux64_1.0.0.202410170706/tools/bin/../lib/gcc/arm-none-eabi/13.3.1/../../../../arm-none-eabi/lib/thumb/v7e-m+fp/hard/libm.a(libm_a-s_floor.o)
 .debug_frame   0x0000081c       0xac /nix/store/cb7ani92advvicrayi9wp9v88clq3alv-stm32cubeide/plugins/com.st.stm32cube.ide.mcu.externaltools.gnu-tools-for-stm32.13.3.rel1.linux64_1.0.0.202410170706/tools/bin/../lib/gcc/arm-none-eabi/13.3.1/thumb/v7e-m+fp/hard/libgcc.a(_arm_addsubdf3.o)
 .debug_frame   0x000008c8       0x50 /nix/store/cb7ani92advvicrayi9wp9v88clq3alv-stm32cubeide/plugins/com.st.stm32cube.ide.mcu.externaltools.gnu-tools-for-stm32.13.3.rel1.linux64_1.0.0.202410170706/tools/bin/../lib/gcc/arm-none-eabi/13.3.1/thumb/v7e-m+fp/hard/libgcc.a(_arm_muldivdf3.o)
 .debug_frame   0x00000918       0xc4 /nix/store/cb7ani92advvicrayi9wp9v88clq3alv-stm32cubeide/plugins/com.st.stm32cube.ide.mcu.externaltools.gnu-tools-for-stm32.13.3.rel1.linux64_1.0.0.202410170706/tools/bin/../lib/gcc/arm-none-eabi/13.3.1/thumb/v7e-m+fp/hard/libgcc.a(_arm_cmpdf2.o)
 .debug_frame   0x000009dc       0x24 /nix/store/cb7ani92advvicrayi9wp9v88clq3alv-stm32cubeide/plugins/com.st.stm32cube.ide.mcu.externaltools.gnu-tools-for-stm32.13.3.rel1.linux64_1.0.0.202410170706/tools/bin/../lib/gcc/arm-none-eabi/13.3.1/thumb/v7e-m+fp/hard/libgcc.a(_arm_fixdfsi.o)
 .debug_frame   0x00000a00       0x24 /nix/store/cb7ani92advvicrayi9wp9v88clq3alv-stm32cubeide/plugins/com.st.stm32cube.ide.mcu.externaltools.gnu-tools-for-stm32.13.3.rel1.linux64_1.0.0.202410170706/tools/bin/../lib/gcc/arm-none-eabi/13.3.1/thumb/v7e-m+fp/hard/libgcc.a(_arm_truncdfsf2.o)